******************************************************************************
                  TI ARM Linker PC v18.1.1                     
******************************************************************************
>> Linked Wed Apr  4 21:26:37 2018

OUTPUT FILE NAME:   <A2.out>
ENTRY POINT SYMBOL: "_c_int00_noargs"  address: 0000040d


MEMORY CONFIGURATION

         name            origin    length      used     unused   attr    fill
----------------------  --------  ---------  --------  --------  ----  --------
  MAIN                  00000000   00040000  000004b4  0003fb4c  R  X
  INFO                  00200000   00004000  00000000  00004000  R  X
  SRAM_CODE             01000000   00010000  00000204  0000fdfc  RW X
  SRAM_DATA             20000000   00010000  00000204  0000fdfc  RW  


SEGMENT ALLOCATION MAP

run origin  load origin   length   init length attrs members
----------  ----------- ---------- ----------- ----- -------
00000000    00000000    000004b8   000004b8    r-x
  00000000    00000000    000000e4   000000e4    r-- .intvecs
  000000e4    000000e4    000003b8   000003b8    r-x .text
  000004a0    000004a0    00000018   00000018    r-- .cinit
20000000    20000000    00000004   00000000    rw-
  20000000    20000000    00000004   00000000    rw- .data
2000fe00    2000fe00    00000200   00000000    rw-
  2000fe00    2000fe00    00000200   00000000    rw- .stack


SECTION ALLOCATION MAP

 output                                  attributes/
section   page    origin      length       input sections
--------  ----  ----------  ----------   ----------------
.intvecs   0    00000000    000000e4     
                  00000000    000000e4     startup_msp432p401r_ccs.obj (.intvecs:retain)

.text      0    000000e4    000003b8     
                  000000e4    000001e0     system_msp432p401r.obj (.text)
                  000002c4    0000009c     rtsv7M4_T_le_v4SPD16_eabi.lib : memcpy_t2.asm.obj (.text)
                  00000360    00000068                                   : copy_decompress_lzss.c.obj (.text:decompress:lzss:__TI_decompress_lzss)
                  000003c8    00000044                                   : autoinit.c.obj (.text:__TI_auto_init_nobinit_nopinit:__TI_auto_init_nobinit_nopinit)
                  0000040c    00000038                                   : boot_cortex_m.c.obj (.text:_c_int00_noargs:_c_int00_noargs)
                  00000444    00000034     main.obj (.text)
                  00000478    0000000e     rtsv7M4_T_le_v4SPD16_eabi.lib : copy_decompress_none.c.obj (.text:decompress:none:__TI_decompress_none)
                  00000486    0000000e     startup_msp432p401r_ccs.obj (.text)
                  00000494    00000004     rtsv7M4_T_le_v4SPD16_eabi.lib : pre_init.c.obj (.text:_system_pre_init)
                  00000498    00000004                                   : exit.c.obj (.text:abort:abort)

.cinit     0    000004a0    00000018     
                  000004a0    00000008     (.cinit..data.load) [load image, compression = lzss]
                  000004a8    00000008     (__TI_handler_table)
                  000004b0    00000008     (__TI_cinit_table)

.init_array 
*          0    00000000    00000000     UNINITIALIZED

.binit     0    00000000    00000000     

.data      0    20000000    00000004     UNINITIALIZED
                  20000000    00000004     system_msp432p401r.obj (.data)

.stack     0    2000fe00    00000200     UNINITIALIZED
                  2000fe00    00000004     rtsv7M4_T_le_v4SPD16_eabi.lib : boot_cortex_m.c.obj (.stack)
                  2000fe04    000001fc     --HOLE--

MODULE SUMMARY

       Module                        code   ro data   rw data
       ------                        ----   -------   -------
    .\
       system_msp432p401r.obj        480    0         8      
       startup_msp432p401r_ccs.obj   14     228       0      
       main.obj                      52     0         0      
    +--+-----------------------------+------+---------+---------+
       Total:                        546    228       8      
                                                             
    C:\ti\ccsv8\tools\compiler\ti-cgt-arm_18.1.1.LTS\lib\rtsv7M4_T_le_v4SPD16_eabi.lib
       memcpy_t2.asm.obj             156    0         0      
       copy_decompress_lzss.c.obj    104    0         0      
       autoinit.c.obj                68     0         0      
       boot_cortex_m.c.obj           56     0         0      
       copy_decompress_none.c.obj    14     0         0      
       exit.c.obj                    4      0         0      
       pre_init.c.obj                4      0         0      
    +--+-----------------------------+------+---------+---------+
       Total:                        406    0         0      
                                                             
       Stack:                        0      0         1024   
       Linker Generated:             0      24        0      
    +--+-----------------------------+------+---------+---------+
       Grand Total:                  952    252       1032   


LINKER GENERATED COPY TABLES

__TI_cinit_table @ 000004b0 records: 1, size/record: 8, table size: 8
	.data: load addr=000004a0, load size=00000008 bytes, run addr=20000000, run size=00000004 bytes, compression=lzss


LINKER GENERATED HANDLER TABLE

__TI_handler_table @ 000004a8 records: 2, size/record: 4, table size: 8
	index: 0, handler: __TI_decompress_lzss
	index: 1, handler: __TI_decompress_none


GLOBAL SYMBOLS: SORTED ALPHABETICALLY BY Name 

address   name                          
-------   ----                          
00000493  ADC14_IRQHandler              
00000493  AES256_IRQHandler             
00000493  BusFault_Handler              
00000499  C$$EXIT                       
00000493  COMP_E0_IRQHandler            
00000493  COMP_E1_IRQHandler            
00000493  CS_IRQHandler                 
00000493  DMA_ERR_IRQHandler            
00000493  DMA_INT0_IRQHandler           
00000493  DMA_INT1_IRQHandler           
00000493  DMA_INT2_IRQHandler           
00000493  DMA_INT3_IRQHandler           
00000493  DebugMon_Handler              
00000493  Default_Handler               
00000493  EUSCIA0_IRQHandler            
00000493  EUSCIA1_IRQHandler            
00000493  EUSCIA2_IRQHandler            
00000493  EUSCIA3_IRQHandler            
00000493  EUSCIB0_IRQHandler            
00000493  EUSCIB1_IRQHandler            
00000493  EUSCIB2_IRQHandler            
00000493  EUSCIB3_IRQHandler            
00000493  FLCTL_IRQHandler              
00000493  FPU_IRQHandler                
00000493  HardFault_Handler             
00000493  MemManage_Handler             
00000493  NMI_Handler                   
00000493  PCM_IRQHandler                
00000493  PORT1_IRQHandler              
00000493  PORT2_IRQHandler              
00000493  PORT3_IRQHandler              
00000493  PORT4_IRQHandler              
00000493  PORT5_IRQHandler              
00000493  PORT6_IRQHandler              
00000493  PSS_IRQHandler                
00000493  PendSV_Handler                
00000493  RTC_C_IRQHandler              
00000487  Reset_Handler                 
00000493  SVC_Handler                   
00000493  SysTick_Handler               
20000000  SystemCoreClock               
0000013b  SystemCoreClockUpdate         
000000e5  SystemInit                    
00000493  T32_INT1_IRQHandler           
00000493  T32_INT2_IRQHandler           
00000493  T32_INTC_IRQHandler           
00000493  TA0_0_IRQHandler              
00000493  TA0_N_IRQHandler              
00000493  TA1_0_IRQHandler              
00000493  TA1_N_IRQHandler              
00000493  TA2_0_IRQHandler              
00000493  TA2_N_IRQHandler              
00000493  TA3_0_IRQHandler              
00000493  TA3_N_IRQHandler              
00000493  UsageFault_Handler            
4000480c  WDTCTL_SYM                    
00000493  WDT_A_IRQHandler              
20010000  __STACK_END                   
00000200  __STACK_SIZE                  
000004b0  __TI_CINIT_Base               
000004b8  __TI_CINIT_Limit              
000004a8  __TI_Handler_Table_Base       
000004b0  __TI_Handler_Table_Limit      
000003c9  __TI_auto_init_nobinit_nopinit
00000361  __TI_decompress_lzss          
00000479  __TI_decompress_none          
ffffffff  __TI_pprof_out_hndl           
ffffffff  __TI_prof_data_size           
ffffffff  __TI_prof_data_start          
00000000  __TI_static_base__            
000002c5  __aeabi_memcpy                
000002c5  __aeabi_memcpy4               
000002c5  __aeabi_memcpy8               
ffffffff  __binit__                     
ffffffff  __c_args__                    
UNDEFED   __mpu_init                    
2000fe00  __stack                       
0000040d  _c_int00_noargs               
UNDEFED   _system_post_cinit            
00000495  _system_pre_init              
00000499  abort                         
ffffffff  binit                         
00000471  delay_ms                      
00000000  interruptVectors              
00000445  main                          
000002c5  memcpy                        


GLOBAL SYMBOLS: SORTED BY Symbol Address 

address   name                          
-------   ----                          
00000000  __TI_static_base__            
00000000  interruptVectors              
000000e5  SystemInit                    
0000013b  SystemCoreClockUpdate         
00000200  __STACK_SIZE                  
000002c5  __aeabi_memcpy                
000002c5  __aeabi_memcpy4               
000002c5  __aeabi_memcpy8               
000002c5  memcpy                        
00000361  __TI_decompress_lzss          
000003c9  __TI_auto_init_nobinit_nopinit
0000040d  _c_int00_noargs               
00000445  main                          
00000471  delay_ms                      
00000479  __TI_decompress_none          
00000487  Reset_Handler                 
00000493  ADC14_IRQHandler              
00000493  AES256_IRQHandler             
00000493  BusFault_Handler              
00000493  COMP_E0_IRQHandler            
00000493  COMP_E1_IRQHandler            
00000493  CS_IRQHandler                 
00000493  DMA_ERR_IRQHandler            
00000493  DMA_INT0_IRQHandler           
00000493  DMA_INT1_IRQHandler           
00000493  DMA_INT2_IRQHandler           
00000493  DMA_INT3_IRQHandler           
00000493  DebugMon_Handler              
00000493  Default_Handler               
00000493  EUSCIA0_IRQHandler            
00000493  EUSCIA1_IRQHandler            
00000493  EUSCIA2_IRQHandler            
00000493  EUSCIA3_IRQHandler            
00000493  EUSCIB0_IRQHandler            
00000493  EUSCIB1_IRQHandler            
00000493  EUSCIB2_IRQHandler            
00000493  EUSCIB3_IRQHandler            
00000493  FLCTL_IRQHandler              
00000493  FPU_IRQHandler                
00000493  HardFault_Handler             
00000493  MemManage_Handler             
00000493  NMI_Handler                   
00000493  PCM_IRQHandler                
00000493  PORT1_IRQHandler              
00000493  PORT2_IRQHandler              
00000493  PORT3_IRQHandler              
00000493  PORT4_IRQHandler              
00000493  PORT5_IRQHandler              
00000493  PORT6_IRQHandler              
00000493  PSS_IRQHandler                
00000493  PendSV_Handler                
00000493  RTC_C_IRQHandler              
00000493  SVC_Handler                   
00000493  SysTick_Handler               
00000493  T32_INT1_IRQHandler           
00000493  T32_INT2_IRQHandler           
00000493  T32_INTC_IRQHandler           
00000493  TA0_0_IRQHandler              
00000493  TA0_N_IRQHandler              
00000493  TA1_0_IRQHandler              
00000493  TA1_N_IRQHandler              
00000493  TA2_0_IRQHandler              
00000493  TA2_N_IRQHandler              
00000493  TA3_0_IRQHandler              
00000493  TA3_N_IRQHandler              
00000493  UsageFault_Handler            
00000493  WDT_A_IRQHandler              
00000495  _system_pre_init              
00000499  C$$EXIT                       
00000499  abort                         
000004a8  __TI_Handler_Table_Base       
000004b0  __TI_CINIT_Base               
000004b0  __TI_Handler_Table_Limit      
000004b8  __TI_CINIT_Limit              
20000000  SystemCoreClock               
2000fe00  __stack                       
20010000  __STACK_END                   
4000480c  WDTCTL_SYM                    
ffffffff  __TI_pprof_out_hndl           
ffffffff  __TI_prof_data_size           
ffffffff  __TI_prof_data_start          
ffffffff  __binit__                     
ffffffff  __c_args__                    
ffffffff  binit                         
UNDEFED   __mpu_init                    
UNDEFED   _system_post_cinit            

[86 symbols]
