******************************************************************************
                  TI ARM Linker PC v18.1.1                     
******************************************************************************
>> Linked Wed May  2 10:21:59 2018

OUTPUT FILE NAME:   <P2.out>
ENTRY POINT SYMBOL: "_c_int00_noargs"  address: 00000de5


MEMORY CONFIGURATION

         name            origin    length      used     unused   attr    fill
----------------------  --------  ---------  --------  --------  ----  --------
  MAIN                  00000000   00040000  00000e82  0003f17e  R  X
  INFO                  00200000   00004000  00000000  00004000  R  X
  SRAM_CODE             01000000   00010000  0000020e  0000fdf2  RW X
  SRAM_DATA             20000000   00010000  0000020e  0000fdf2  RW  


SEGMENT ALLOCATION MAP

run origin  load origin   length   init length attrs members
----------  ----------- ---------- ----------- ----- -------
00000000    00000000    00000e88   00000e88    r-x
  00000000    00000000    000000e4   000000e4    r-- .intvecs
  000000e4    000000e4    00000d6e   00000d6e    r-x .text
  00000e58    00000e58    00000030   00000030    r-- .cinit
20000000    20000000    00000010   00000000    rw-
  20000000    20000000    0000000a   00000000    rw- .bss
  2000000c    2000000c    00000004   00000000    rw- .data
2000fe00    2000fe00    00000200   00000000    rw-
  2000fe00    2000fe00    00000200   00000000    rw- .stack


SECTION ALLOCATION MAP

 output                                  attributes/
section   page    origin      length       input sections
--------  ----  ----------  ----------   ----------------
.intvecs   0    00000000    000000e4     
                  00000000    000000e4     startup_msp432p401r_ccs.obj (.intvecs:retain)

.text      0    000000e4    00000d6e     
                  000000e4    00000334     system_msp432p401r.obj (.text)
                  00000418    000002dc     main.obj (.text)
                  000006f4    00000214     lcd.obj (.text)
                  00000908    00000108     keypad.obj (.text)
                  00000a10    000000f0     dac.obj (.text)
                  00000b00    000000a4     delay.obj (.text)
                  00000ba4    0000009c     rtsv7M4_T_le_v4SPD16_eabi.lib : memcpy_t2.asm.obj (.text)
                  00000c40    0000008c     signal.obj (.text)
                  00000ccc    0000006c     led.obj (.text)
                  00000d38    00000068     rtsv7M4_T_le_v4SPD16_eabi.lib : copy_decompress_lzss.c.obj (.text:decompress:lzss:__TI_decompress_lzss)
                  00000da0    00000044                                   : autoinit.c.obj (.text:__TI_auto_init_nobinit_nopinit:__TI_auto_init_nobinit_nopinit)
                  00000de4    00000038                                   : boot_cortex_m.c.obj (.text:_c_int00_noargs:_c_int00_noargs)
                  00000e1c    00000012                                   : copy_zero_init.c.obj (.text:decompress:ZI:__TI_zero_init_nomemset:__TI_zero_init_nomemset)
                  00000e2e    0000000e                                   : copy_decompress_none.c.obj (.text:decompress:none:__TI_decompress_none)
                  00000e3c    0000000e     startup_msp432p401r_ccs.obj (.text)
                  00000e4a    00000004     rtsv7M4_T_le_v4SPD16_eabi.lib : pre_init.c.obj (.text:_system_pre_init)
                  00000e4e    00000004                                   : exit.c.obj (.text:abort:abort)

.cinit     0    00000e58    00000030     
                  00000e58    0000000c     (__TI_handler_table)
                  00000e64    00000004     --HOLE-- [fill = 0]
                  00000e68    00000008     (.cinit..bss.load) [load image, compression = zero_init]
                  00000e70    00000008     (.cinit..data.load) [load image, compression = lzss]
                  00000e78    00000010     (__TI_cinit_table)

.init_array 
*          0    00000000    00000000     UNINITIALIZED

.binit     0    00000000    00000000     

.bss       0    20000000    0000000a     UNINITIALIZED
                  20000000    0000000a     (.common:s)

.data      0    2000000c    00000004     UNINITIALIZED
                  2000000c    00000004     system_msp432p401r.obj (.data)

.stack     0    2000fe00    00000200     UNINITIALIZED
                  2000fe00    00000004     rtsv7M4_T_le_v4SPD16_eabi.lib : boot_cortex_m.c.obj (.stack)
                  2000fe04    000001fc     --HOLE--

MODULE SUMMARY

       Module                        code   ro data   rw data
       ------                        ----   -------   -------
    .\
       system_msp432p401r.obj        820    0         8      
       main.obj                      732    0         20     
       lcd.obj                       532    0         0      
       keypad.obj                    264    0         0      
       startup_msp432p401r_ccs.obj   14     228       0      
       dac.obj                       240    0         0      
       delay.obj                     164    0         0      
       signal.obj                    140    0         0      
       led.obj                       108    0         0      
    +--+-----------------------------+------+---------+---------+
       Total:                        3014   228       28     
                                                             
    C:\ti\ccsv8\tools\compiler\ti-cgt-arm_18.1.1.LTS\lib\rtsv7M4_T_le_v4SPD16_eabi.lib
       memcpy_t2.asm.obj             156    0         0      
       copy_decompress_lzss.c.obj    104    0         0      
       autoinit.c.obj                68     0         0      
       boot_cortex_m.c.obj           56     0         0      
       copy_zero_init.c.obj          18     0         0      
       copy_decompress_none.c.obj    14     0         0      
       exit.c.obj                    4      0         0      
       pre_init.c.obj                4      0         0      
    +--+-----------------------------+------+---------+---------+
       Total:                        424    0         0      
                                                             
       Stack:                        0      0         1024   
       Linker Generated:             0      44        0      
    +--+-----------------------------+------+---------+---------+
       Grand Total:                  3438   272       1052   


LINKER GENERATED COPY TABLES

__TI_cinit_table @ 00000e78 records: 2, size/record: 8, table size: 16
	.bss: load addr=00000e68, load size=00000008 bytes, run addr=20000000, run size=0000000a bytes, compression=zero_init
	.data: load addr=00000e70, load size=00000008 bytes, run addr=2000000c, run size=00000004 bytes, compression=lzss


LINKER GENERATED HANDLER TABLE

__TI_handler_table @ 00000e58 records: 3, size/record: 4, table size: 12
	index: 0, handler: __TI_decompress_lzss
	index: 1, handler: __TI_decompress_none
	index: 2, handler: __TI_zero_init


GLOBAL SYMBOLS: SORTED ALPHABETICALLY BY Name 

address   name                          
-------   ----                          
00000e49  ADC14_IRQHandler              
00000e49  AES256_IRQHandler             
00000e49  BusFault_Handler              
00000e4f  C$$EXIT                       
00000e49  COMP_E0_IRQHandler            
00000e49  COMP_E1_IRQHandler            
00000e49  CS_IRQHandler                 
00000e49  DMA_ERR_IRQHandler            
00000e49  DMA_INT0_IRQHandler           
00000e49  DMA_INT1_IRQHandler           
00000e49  DMA_INT2_IRQHandler           
00000e49  DMA_INT3_IRQHandler           
00000e49  DebugMon_Handler              
00000e49  Default_Handler               
00000e49  EUSCIA0_IRQHandler            
00000e49  EUSCIA1_IRQHandler            
00000e49  EUSCIA2_IRQHandler            
00000e49  EUSCIA3_IRQHandler            
00000e49  EUSCIB0_IRQHandler            
00000e49  EUSCIB1_IRQHandler            
00000e49  EUSCIB2_IRQHandler            
00000e49  EUSCIB3_IRQHandler            
00000e49  FLCTL_IRQHandler              
00000e49  FPU_IRQHandler                
00000e49  HardFault_Handler             
00000e49  MemManage_Handler             
00000e49  NMI_Handler                   
00000e49  PCM_IRQHandler                
00000e49  PORT1_IRQHandler              
00000e49  PORT2_IRQHandler              
00000e49  PORT3_IRQHandler              
00000e49  PORT4_IRQHandler              
00000e49  PORT5_IRQHandler              
00000e49  PORT6_IRQHandler              
00000e49  PSS_IRQHandler                
00000e49  PendSV_Handler                
00000e49  RTC_C_IRQHandler              
00000e3d  Reset_Handler                 
00000e49  SVC_Handler                   
00000e49  SysTick_Handler               
2000000c  SystemCoreClock               
000000e5  SystemCoreClockUpdate         
0000035d  SystemInit                    
00000e49  T32_INT1_IRQHandler           
00000e49  T32_INT2_IRQHandler           
00000e49  T32_INTC_IRQHandler           
00000663  TA0_0_IRQHandler              
00000663  TA0_0_IRQHandler              
00000e49  TA0_N_IRQHandler              
00000e49  TA1_0_IRQHandler              
00000e49  TA1_N_IRQHandler              
00000e49  TA2_0_IRQHandler              
00000e49  TA2_N_IRQHandler              
00000e49  TA3_0_IRQHandler              
00000e49  TA3_N_IRQHandler              
00000e49  UsageFault_Handler            
4000480c  WDTCTL_SYM                    
00000e49  WDT_A_IRQHandler              
20010000  __STACK_END                   
00000200  __STACK_SIZE                  
00000e78  __TI_CINIT_Base               
00000e88  __TI_CINIT_Limit              
00000e58  __TI_Handler_Table_Base       
00000e64  __TI_Handler_Table_Limit      
00000da1  __TI_auto_init_nobinit_nopinit
00000d39  __TI_decompress_lzss          
00000e2f  __TI_decompress_none          
ffffffff  __TI_pprof_out_hndl           
ffffffff  __TI_prof_data_size           
ffffffff  __TI_prof_data_start          
00000000  __TI_static_base__            
00000e1d  __TI_zero_init_nomemset       
00000ba5  __aeabi_memcpy                
00000ba5  __aeabi_memcpy4               
00000ba5  __aeabi_memcpy8               
ffffffff  __binit__                     
ffffffff  __c_args__                    
UNDEFED   __mpu_init                    
2000fe00  __stack                       
00000de5  _c_int00_noargs               
UNDEFED   _system_post_cinit            
00000e4b  _system_pre_init              
00000e4f  abort                         
ffffffff  binit                         
00000d1b  blue_led                      
0000079d  clear_lcd                     
00000b65  delay_ms                      
00000b33  delay_us                      
00000d0f  green_led                     
000008a1  hold_lcd                      
000007cd  home_lcd                      
000004c5  init                          
00000a11  init_dac                      
00000b01  init_dco                      
00000909  init_keypad                   
00000765  init_lcd                      
00000ccd  init_led                      
00000000  interruptVectors              
000004e5  main                          
00000ba5  memcpy                        
00000a7b  output_dac                    
00000c41  process_signal                
00000d03  red_led                       
00000cf7  reset_led                     
20000000  s                             
00000947  scan_keypad                   
000006f5  send_data                     
000008bb  shift_lcd                     
00000419  update_display                
000007e7  write_char_lcd                
00000857  write_int_lcd                 
00000831  write_string_lcd              


GLOBAL SYMBOLS: SORTED BY Symbol Address 

address   name                          
-------   ----                          
00000000  __TI_static_base__            
00000000  interruptVectors              
000000e5  SystemCoreClockUpdate         
00000200  __STACK_SIZE                  
0000035d  SystemInit                    
00000419  update_display                
000004c5  init                          
000004e5  main                          
00000663  TA0_0_IRQHandler              
00000663  TA0_0_IRQHandler              
000006f5  send_data                     
00000765  init_lcd                      
0000079d  clear_lcd                     
000007cd  home_lcd                      
000007e7  write_char_lcd                
00000831  write_string_lcd              
00000857  write_int_lcd                 
000008a1  hold_lcd                      
000008bb  shift_lcd                     
00000909  init_keypad                   
00000947  scan_keypad                   
00000a11  init_dac                      
00000a7b  output_dac                    
00000b01  init_dco                      
00000b33  delay_us                      
00000b65  delay_ms                      
00000ba5  __aeabi_memcpy                
00000ba5  __aeabi_memcpy4               
00000ba5  __aeabi_memcpy8               
00000ba5  memcpy                        
00000c41  process_signal                
00000ccd  init_led                      
00000cf7  reset_led                     
00000d03  red_led                       
00000d0f  green_led                     
00000d1b  blue_led                      
00000d39  __TI_decompress_lzss          
00000da1  __TI_auto_init_nobinit_nopinit
00000de5  _c_int00_noargs               
00000e1d  __TI_zero_init_nomemset       
00000e2f  __TI_decompress_none          
00000e3d  Reset_Handler                 
00000e49  ADC14_IRQHandler              
00000e49  AES256_IRQHandler             
00000e49  BusFault_Handler              
00000e49  COMP_E0_IRQHandler            
00000e49  COMP_E1_IRQHandler            
00000e49  CS_IRQHandler                 
00000e49  DMA_ERR_IRQHandler            
00000e49  DMA_INT0_IRQHandler           
00000e49  DMA_INT1_IRQHandler           
00000e49  DMA_INT2_IRQHandler           
00000e49  DMA_INT3_IRQHandler           
00000e49  DebugMon_Handler              
00000e49  Default_Handler               
00000e49  EUSCIA0_IRQHandler            
00000e49  EUSCIA1_IRQHandler            
00000e49  EUSCIA2_IRQHandler            
00000e49  EUSCIA3_IRQHandler            
00000e49  EUSCIB0_IRQHandler            
00000e49  EUSCIB1_IRQHandler            
00000e49  EUSCIB2_IRQHandler            
00000e49  EUSCIB3_IRQHandler            
00000e49  FLCTL_IRQHandler              
00000e49  FPU_IRQHandler                
00000e49  HardFault_Handler             
00000e49  MemManage_Handler             
00000e49  NMI_Handler                   
00000e49  PCM_IRQHandler                
00000e49  PORT1_IRQHandler              
00000e49  PORT2_IRQHandler              
00000e49  PORT3_IRQHandler              
00000e49  PORT4_IRQHandler              
00000e49  PORT5_IRQHandler              
00000e49  PORT6_IRQHandler              
00000e49  PSS_IRQHandler                
00000e49  PendSV_Handler                
00000e49  RTC_C_IRQHandler              
00000e49  SVC_Handler                   
00000e49  SysTick_Handler               
00000e49  T32_INT1_IRQHandler           
00000e49  T32_INT2_IRQHandler           
00000e49  T32_INTC_IRQHandler           
00000e49  TA0_N_IRQHandler              
00000e49  TA1_0_IRQHandler              
00000e49  TA1_N_IRQHandler              
00000e49  TA2_0_IRQHandler              
00000e49  TA2_N_IRQHandler              
00000e49  TA3_0_IRQHandler              
00000e49  TA3_N_IRQHandler              
00000e49  UsageFault_Handler            
00000e49  WDT_A_IRQHandler              
00000e4b  _system_pre_init              
00000e4f  C$$EXIT                       
00000e4f  abort                         
00000e58  __TI_Handler_Table_Base       
00000e64  __TI_Handler_Table_Limit      
00000e78  __TI_CINIT_Base               
00000e88  __TI_CINIT_Limit              
20000000  s                             
2000000c  SystemCoreClock               
2000fe00  __stack                       
20010000  __STACK_END                   
4000480c  WDTCTL_SYM                    
ffffffff  __TI_pprof_out_hndl           
ffffffff  __TI_prof_data_size           
ffffffff  __TI_prof_data_start          
ffffffff  __binit__                     
ffffffff  __c_args__                    
ffffffff  binit                         
UNDEFED   __mpu_init                    
UNDEFED   _system_post_cinit            

[112 symbols]
