******************************************************************************
                  TI ARM Linker PC v18.1.1                     
******************************************************************************
>> Linked Wed May  2 13:26:54 2018

OUTPUT FILE NAME:   <P2.out>
ENTRY POINT SYMBOL: "_c_int00_noargs"  address: 00002655


MEMORY CONFIGURATION

         name            origin    length      used     unused   attr    fill
----------------------  --------  ---------  --------  --------  ----  --------
  MAIN                  00000000   00040000  000028b0  0003d750  R  X
  INFO                  00200000   00004000  00000000  00004000  R  X
  SRAM_CODE             01000000   00010000  000011b4  0000ee4c  RW X
  SRAM_DATA             20000000   00010000  000011b4  0000ee4c  RW  


SEGMENT ALLOCATION MAP

run origin  load origin   length   init length attrs members
----------  ----------- ---------- ----------- ----- -------
00000000    00000000    000028b0   000028b0    r-x
  00000000    00000000    000000e4   000000e4    r-- .intvecs
  000000e4    000000e4    00002644   00002644    r-x .text
  00002728    00002728    00000158   00000158    r-- .const
  00002880    00002880    00000030   00000030    r-- .cinit
20000000    20000000    00000fb4   00000000    rw-
  20000000    20000000    00000fac   00000000    rw- .bss
  20000fac    20000fac    00000008   00000000    rw- .data
2000fe00    2000fe00    00000200   00000000    rw-
  2000fe00    2000fe00    00000200   00000000    rw- .stack


SECTION ALLOCATION MAP

 output                                  attributes/
section   page    origin      length       input sections
--------  ----  ----------  ----------   ----------------
.intvecs   0    00000000    000000e4     
                  00000000    000000e4     startup_msp432p401r_ccs.obj (.intvecs:retain)

.text      0    000000e4    00002644     
                  000000e4    00000738     rtsv7M4_T_le_v4SPD16_eabi.lib : k_rem_pio2.c.obj (.text:__kernel_rem_pio2)
                  0000081c    000005c4                                   : s_sin.c.obj (.text:sin)
                  00000de0    00000334     system_msp432p401r.obj (.text)
                  00001114    00000300     main.obj (.text)
                  00001414    00000214     lcd.obj (.text)
                  00001628    000001b6     rtsv7M4_T_le_v4SPD16_eabi.lib : fd_add_t2.asm.obj (.text)
                  000017de    00000002     --HOLE-- [fill = 0]
                  000017e0    00000174                                   : k_sin.c.obj (.text:__kernel_sin)
                  00001954    0000016c                                   : k_cos.c.obj (.text:__kernel_cos)
                  00001ac0    00000136                                   : fd_div_t2.asm.obj (.text)
                  00001bf6    00000002     --HOLE-- [fill = 0]
                  00001bf8    00000110                                   : s_scalbn.c.obj (.text:scalbn)
                  00001d08    00000108     keypad.obj (.text)
                  00001e10    000000fc     rtsv7M4_T_le_v4SPD16_eabi.lib : fd_mul_t2.asm.obj (.text)
                  00001f0c    000000f8                                   : s_floor.c.obj (.text:floor)
                  00002004    000000f4     signal.obj (.text)
                  000020f8    000000f0     dac.obj (.text)
                  000021e8    000000a4     delay.obj (.text)
                  0000228c    0000009c     rtsv7M4_T_le_v4SPD16_eabi.lib : memcpy_t2.asm.obj (.text)
                  00002328    00000086                                   : fd_cmp_t2.asm.obj (.text:__aeabi_cdcmple)
                  000023ae    00000086                                   : fd_cmp_t2.asm.obj (.text:__aeabi_cdrcmple)
                  00002434    0000007a                                   : memset_t2.asm.obj (.text)
                  000024ae    00000002     --HOLE-- [fill = 0]
                  000024b0    0000006c     led.obj (.text)
                  0000251c    00000068     rtsv7M4_T_le_v4SPD16_eabi.lib : copy_decompress_lzss.c.obj (.text:decompress:lzss:__TI_decompress_lzss)
                  00002584    00000048                                   : fd_toi_t2.asm.obj (.text)
                  000025cc    00000044                                   : autoinit.c.obj (.text:__TI_auto_init_nobinit_nopinit:__TI_auto_init_nobinit_nopinit)
                  00002610    00000044                                   : fd_tou_t2.asm.obj (.text)
                  00002654    00000038                                   : boot_cortex_m.c.obj (.text:_c_int00_noargs:_c_int00_noargs)
                  0000268c    0000002e                                   : i_tofd_t2.asm.obj (.text)
                  000026ba    00000020                                   : u_tofd_t2.asm.obj (.text)
                  000026da    00000014                                   : s_copysign.c.obj (.text:copysign)
                  000026ee    0000000e                                   : copy_decompress_none.c.obj (.text:decompress:none:__TI_decompress_none)
                  000026fc    0000000e     startup_msp432p401r_ccs.obj (.text)
                  0000270a    0000000c     rtsv7M4_T_le_v4SPD16_eabi.lib : copy_zero_init.c.obj (.text:decompress:ZI:__TI_zero_init)
                  00002716    00000002     --HOLE-- [fill = 0]
                  00002718    00000008                                   : errno.c.obj (.text:__aeabi_errno_addr)
                  00002720    00000004                                   : pre_init.c.obj (.text:_system_pre_init)
                  00002724    00000004                                   : exit.c.obj (.text:abort:abort)

.const     0    00002728    00000158     
                  00002728    00000158     rtsv7M4_T_le_v4SPD16_eabi.lib : k_rem_pio2.c.obj (.const:$O1$$)

.cinit     0    00002880    00000030     
                  00002880    0000000c     (__TI_handler_table)
                  0000288c    0000000b     (.cinit..data.load) [load image, compression = lzss]
                  00002897    00000001     --HOLE-- [fill = 0]
                  00002898    00000008     (.cinit..bss.load) [load image, compression = zero_init]
                  000028a0    00000010     (__TI_cinit_table)

.init_array 
*          0    00000000    00000000     UNINITIALIZED

.binit     0    00000000    00000000     

.bss       0    20000000    00000fac     UNINITIALIZED
                  20000000    00000fac     (.common:s)

.data      0    20000fac    00000008     UNINITIALIZED
                  20000fac    00000004     rtsv7M4_T_le_v4SPD16_eabi.lib : errno.c.obj (.data)
                  20000fb0    00000004     system_msp432p401r.obj (.data)

.stack     0    2000fe00    00000200     UNINITIALIZED
                  2000fe00    00000004     rtsv7M4_T_le_v4SPD16_eabi.lib : boot_cortex_m.c.obj (.stack)
                  2000fe04    000001fc     --HOLE--

MODULE SUMMARY

       Module                        code   ro data   rw data
       ------                        ----   -------   -------
    .\
       main.obj                      768    0         8024   
       system_msp432p401r.obj        820    0         8      
       lcd.obj                       532    0         0      
       keypad.obj                    264    0         0      
       signal.obj                    244    0         0      
       startup_msp432p401r_ccs.obj   14     228       0      
       dac.obj                       240    0         0      
       delay.obj                     164    0         0      
       led.obj                       108    0         0      
    +--+-----------------------------+------+---------+---------+
       Total:                        3154   228       8032   
                                                             
    C:\ti\ccsv8\tools\compiler\ti-cgt-arm_18.1.1.LTS\lib\rtsv7M4_T_le_v4SPD16_eabi.lib
       k_rem_pio2.c.obj              1848   344       0      
       s_sin.c.obj                   1476   0         0      
       fd_add_t2.asm.obj             438    0         0      
       k_sin.c.obj                   372    0         0      
       k_cos.c.obj                   364    0         0      
       fd_div_t2.asm.obj             310    0         0      
       s_scalbn.c.obj                272    0         0      
       fd_cmp_t2.asm.obj             268    0         0      
       fd_mul_t2.asm.obj             252    0         0      
       s_floor.c.obj                 248    0         0      
       memcpy_t2.asm.obj             156    0         0      
       memset_t2.asm.obj             122    0         0      
       copy_decompress_lzss.c.obj    104    0         0      
       fd_toi_t2.asm.obj             72     0         0      
       autoinit.c.obj                68     0         0      
       fd_tou_t2.asm.obj             68     0         0      
       boot_cortex_m.c.obj           56     0         0      
       i_tofd_t2.asm.obj             46     0         0      
       u_tofd_t2.asm.obj             32     0         0      
       s_copysign.c.obj              20     0         0      
       errno.c.obj                   8      0         8      
       copy_decompress_none.c.obj    14     0         0      
       copy_zero_init.c.obj          12     0         0      
       exit.c.obj                    4      0         0      
       pre_init.c.obj                4      0         0      
    +--+-----------------------------+------+---------+---------+
       Total:                        6634   344       8      
                                                             
       Stack:                        0      0         1024   
       Linker Generated:             0      47        0      
    +--+-----------------------------+------+---------+---------+
       Grand Total:                  9788   619       9064   


LINKER GENERATED COPY TABLES

__TI_cinit_table @ 000028a0 records: 2, size/record: 8, table size: 16
	.data: load addr=0000288c, load size=0000000b bytes, run addr=20000fac, run size=00000008 bytes, compression=lzss
	.bss: load addr=00002898, load size=00000008 bytes, run addr=20000000, run size=00000fac bytes, compression=zero_init


LINKER GENERATED HANDLER TABLE

__TI_handler_table @ 00002880 records: 3, size/record: 4, table size: 12
	index: 0, handler: __TI_decompress_lzss
	index: 1, handler: __TI_decompress_none
	index: 2, handler: __TI_zero_init


GLOBAL SYMBOLS: SORTED ALPHABETICALLY BY Name 

address   name                          
-------   ----                          
00002709  ADC14_IRQHandler              
00002709  AES256_IRQHandler             
00002709  BusFault_Handler              
00002725  C$$EXIT                       
00002709  COMP_E0_IRQHandler            
00002709  COMP_E1_IRQHandler            
00002709  CS_IRQHandler                 
00002709  DMA_ERR_IRQHandler            
00002709  DMA_INT0_IRQHandler           
00002709  DMA_INT1_IRQHandler           
00002709  DMA_INT2_IRQHandler           
00002709  DMA_INT3_IRQHandler           
00002709  DebugMon_Handler              
00002709  Default_Handler               
00002709  EUSCIA0_IRQHandler            
00002709  EUSCIA1_IRQHandler            
00002709  EUSCIA2_IRQHandler            
00002709  EUSCIA3_IRQHandler            
00002709  EUSCIB0_IRQHandler            
00002709  EUSCIB1_IRQHandler            
00002709  EUSCIB2_IRQHandler            
00002709  EUSCIB3_IRQHandler            
00002709  FLCTL_IRQHandler              
00002709  FPU_IRQHandler                
00002709  HardFault_Handler             
00002709  MemManage_Handler             
00002709  NMI_Handler                   
00002709  PCM_IRQHandler                
00002709  PORT1_IRQHandler              
00002709  PORT2_IRQHandler              
00002709  PORT3_IRQHandler              
00002709  PORT4_IRQHandler              
00002709  PORT5_IRQHandler              
00002709  PORT6_IRQHandler              
00002709  PSS_IRQHandler                
00002709  PendSV_Handler                
00002709  RTC_C_IRQHandler              
000026fd  Reset_Handler                 
00002709  SVC_Handler                   
00002709  SysTick_Handler               
20000fb0  SystemCoreClock               
00000de1  SystemCoreClockUpdate         
00001059  SystemInit                    
00002709  T32_INT1_IRQHandler           
00002709  T32_INT2_IRQHandler           
00002709  T32_INTC_IRQHandler           
0000135d  TA0_0_IRQHandler              
0000135d  TA0_0_IRQHandler              
00002709  TA0_N_IRQHandler              
00002709  TA1_0_IRQHandler              
00002709  TA1_N_IRQHandler              
00002709  TA2_0_IRQHandler              
00002709  TA2_N_IRQHandler              
00002709  TA3_0_IRQHandler              
00002709  TA3_N_IRQHandler              
00002709  UsageFault_Handler            
4000480c  WDTCTL_SYM                    
00002709  WDT_A_IRQHandler              
20010000  __STACK_END                   
00000200  __STACK_SIZE                  
000028a0  __TI_CINIT_Base               
000028b0  __TI_CINIT_Limit              
00002880  __TI_Handler_Table_Base       
0000288c  __TI_Handler_Table_Limit      
000025cd  __TI_auto_init_nobinit_nopinit
0000251d  __TI_decompress_lzss          
000026ef  __TI_decompress_none          
ffffffff  __TI_pprof_out_hndl           
ffffffff  __TI_prof_data_size           
ffffffff  __TI_prof_data_start          
00000000  __TI_static_base__            
0000270b  __TI_zero_init                
00002329  __aeabi_cdcmpeq               
00002329  __aeabi_cdcmple               
000023af  __aeabi_cdrcmple              
00002585  __aeabi_d2iz                  
00002611  __aeabi_d2uiz                 
00001633  __aeabi_dadd                  
00001ac1  __aeabi_ddiv                  
00001e11  __aeabi_dmul                  
00001629  __aeabi_dsub                  
00002719  __aeabi_errno_addr            
0000268d  __aeabi_i2d                   
00002435  __aeabi_memclr                
00002435  __aeabi_memclr4               
00002435  __aeabi_memclr8               
0000228d  __aeabi_memcpy                
0000228d  __aeabi_memcpy4               
0000228d  __aeabi_memcpy8               
00002437  __aeabi_memset                
00002437  __aeabi_memset4               
00002437  __aeabi_memset8               
000026bb  __aeabi_ui2d                  
ffffffff  __binit__                     
ffffffff  __c_args__                    
00001955  __kernel_cos                  
000000e5  __kernel_rem_pio2             
000017e1  __kernel_sin                  
UNDEFED   __mpu_init                    
2000fe00  __stack                       
00002655  _c_int00_noargs               
UNDEFED   _system_post_cinit            
00002721  _system_pre_init              
00002725  abort                         
ffffffff  binit                         
000024ff  blue_led                      
000014bd  clear_lcd                     
000026db  copysign                      
000026db  copysignl                     
0000224d  delay_ms                      
0000221b  delay_us                      
20000fac  errno                         
00001f0d  floor                         
00001f0d  floorl                        
000024f3  green_led                     
000015c1  hold_lcd                      
000014ed  home_lcd                      
000011c1  init                          
000020f9  init_dac                      
000021e9  init_dco                      
00001d09  init_keypad                   
00001485  init_lcd                      
000024b1  init_led                      
00000000  interruptVectors              
00001bf9  ldexp                         
00001bf9  ldexpl                        
000011e1  main                          
0000228d  memcpy                        
0000243d  memset                        
00002163  output_dac                    
00002005  process_signal                
000024e7  red_led                       
000024db  reset_led                     
20000000  s                             
00001bf9  scalbn                        
00001bf9  scalbnl                       
00001d47  scan_keypad                   
00001415  send_data                     
000015db  shift_lcd                     
0000081d  sin                           
0000081d  sinl                          
00001115  update_display                
00001507  write_char_lcd                
00001577  write_int_lcd                 
00001551  write_string_lcd              


GLOBAL SYMBOLS: SORTED BY Symbol Address 

address   name                          
-------   ----                          
00000000  __TI_static_base__            
00000000  interruptVectors              
000000e5  __kernel_rem_pio2             
00000200  __STACK_SIZE                  
0000081d  sin                           
0000081d  sinl                          
00000de1  SystemCoreClockUpdate         
00001059  SystemInit                    
00001115  update_display                
000011c1  init                          
000011e1  main                          
0000135d  TA0_0_IRQHandler              
0000135d  TA0_0_IRQHandler              
00001415  send_data                     
00001485  init_lcd                      
000014bd  clear_lcd                     
000014ed  home_lcd                      
00001507  write_char_lcd                
00001551  write_string_lcd              
00001577  write_int_lcd                 
000015c1  hold_lcd                      
000015db  shift_lcd                     
00001629  __aeabi_dsub                  
00001633  __aeabi_dadd                  
000017e1  __kernel_sin                  
00001955  __kernel_cos                  
00001ac1  __aeabi_ddiv                  
00001bf9  ldexp                         
00001bf9  ldexpl                        
00001bf9  scalbn                        
00001bf9  scalbnl                       
00001d09  init_keypad                   
00001d47  scan_keypad                   
00001e11  __aeabi_dmul                  
00001f0d  floor                         
00001f0d  floorl                        
00002005  process_signal                
000020f9  init_dac                      
00002163  output_dac                    
000021e9  init_dco                      
0000221b  delay_us                      
0000224d  delay_ms                      
0000228d  __aeabi_memcpy                
0000228d  __aeabi_memcpy4               
0000228d  __aeabi_memcpy8               
0000228d  memcpy                        
00002329  __aeabi_cdcmpeq               
00002329  __aeabi_cdcmple               
000023af  __aeabi_cdrcmple              
00002435  __aeabi_memclr                
00002435  __aeabi_memclr4               
00002435  __aeabi_memclr8               
00002437  __aeabi_memset                
00002437  __aeabi_memset4               
00002437  __aeabi_memset8               
0000243d  memset                        
000024b1  init_led                      
000024db  reset_led                     
000024e7  red_led                       
000024f3  green_led                     
000024ff  blue_led                      
0000251d  __TI_decompress_lzss          
00002585  __aeabi_d2iz                  
000025cd  __TI_auto_init_nobinit_nopinit
00002611  __aeabi_d2uiz                 
00002655  _c_int00_noargs               
0000268d  __aeabi_i2d                   
000026bb  __aeabi_ui2d                  
000026db  copysign                      
000026db  copysignl                     
000026ef  __TI_decompress_none          
000026fd  Reset_Handler                 
00002709  ADC14_IRQHandler              
00002709  AES256_IRQHandler             
00002709  BusFault_Handler              
00002709  COMP_E0_IRQHandler            
00002709  COMP_E1_IRQHandler            
00002709  CS_IRQHandler                 
00002709  DMA_ERR_IRQHandler            
00002709  DMA_INT0_IRQHandler           
00002709  DMA_INT1_IRQHandler           
00002709  DMA_INT2_IRQHandler           
00002709  DMA_INT3_IRQHandler           
00002709  DebugMon_Handler              
00002709  Default_Handler               
00002709  EUSCIA0_IRQHandler            
00002709  EUSCIA1_IRQHandler            
00002709  EUSCIA2_IRQHandler            
00002709  EUSCIA3_IRQHandler            
00002709  EUSCIB0_IRQHandler            
00002709  EUSCIB1_IRQHandler            
00002709  EUSCIB2_IRQHandler            
00002709  EUSCIB3_IRQHandler            
00002709  FLCTL_IRQHandler              
00002709  FPU_IRQHandler                
00002709  HardFault_Handler             
00002709  MemManage_Handler             
00002709  NMI_Handler                   
00002709  PCM_IRQHandler                
00002709  PORT1_IRQHandler              
00002709  PORT2_IRQHandler              
00002709  PORT3_IRQHandler              
00002709  PORT4_IRQHandler              
00002709  PORT5_IRQHandler              
00002709  PORT6_IRQHandler              
00002709  PSS_IRQHandler                
00002709  PendSV_Handler                
00002709  RTC_C_IRQHandler              
00002709  SVC_Handler                   
00002709  SysTick_Handler               
00002709  T32_INT1_IRQHandler           
00002709  T32_INT2_IRQHandler           
00002709  T32_INTC_IRQHandler           
00002709  TA0_N_IRQHandler              
00002709  TA1_0_IRQHandler              
00002709  TA1_N_IRQHandler              
00002709  TA2_0_IRQHandler              
00002709  TA2_N_IRQHandler              
00002709  TA3_0_IRQHandler              
00002709  TA3_N_IRQHandler              
00002709  UsageFault_Handler            
00002709  WDT_A_IRQHandler              
0000270b  __TI_zero_init                
00002719  __aeabi_errno_addr            
00002721  _system_pre_init              
00002725  C$$EXIT                       
00002725  abort                         
00002880  __TI_Handler_Table_Base       
0000288c  __TI_Handler_Table_Limit      
000028a0  __TI_CINIT_Base               
000028b0  __TI_CINIT_Limit              
20000000  s                             
20000fac  errno                         
20000fb0  SystemCoreClock               
2000fe00  __stack                       
20010000  __STACK_END                   
4000480c  WDTCTL_SYM                    
ffffffff  __TI_pprof_out_hndl           
ffffffff  __TI_prof_data_size           
ffffffff  __TI_prof_data_start          
ffffffff  __binit__                     
ffffffff  __c_args__                    
ffffffff  binit                         
UNDEFED   __mpu_init                    
UNDEFED   _system_post_cinit            

[145 symbols]
