******************************************************************************
                  TI ARM Linker PC v18.1.1                     
******************************************************************************
>> Linked Thu May  3 15:28:51 2018

OUTPUT FILE NAME:   <P2.out>
ENTRY POINT SYMBOL: "_c_int00_noargs"  address: 000023d5


MEMORY CONFIGURATION

         name            origin    length      used     unused   attr    fill
----------------------  --------  ---------  --------  --------  ----  --------
  MAIN                  00000000   00040000  00002610  0003d9f0  R  X
  INFO                  00200000   00004000  00000000  00004000  R  X
  SRAM_CODE             01000000   00010000  00005fd2  0000a02e  RW X
  SRAM_DATA             20000000   00010000  00005fd2  0000a02e  RW  


SEGMENT ALLOCATION MAP

run origin  load origin   length   init length attrs members
----------  ----------- ---------- ----------- ----- -------
00000000    00000000    00002610   00002610    r-x
  00000000    00000000    000000e4   000000e4    r-- .intvecs
  000000e4    000000e4    000023a4   000023a4    r-x .text
  00002488    00002488    00000158   00000158    r-- .const
  000025e0    000025e0    00000030   00000030    r-- .cinit
20000000    20000000    00005dd4   00000000    rw-
  20000000    20000000    00005dca   00000000    rw- .bss
  20005dcc    20005dcc    00000008   00000000    rw- .data
2000fe00    2000fe00    00000200   00000000    rw-
  2000fe00    2000fe00    00000200   00000000    rw- .stack


SECTION ALLOCATION MAP

 output                                  attributes/
section   page    origin      length       input sections
--------  ----  ----------  ----------   ----------------
.intvecs   0    00000000    000000e4     
                  00000000    000000e4     startup_msp432p401r_ccs.obj (.intvecs:retain)

.text      0    000000e4    000023a4     
                  000000e4    00000738     rtsv7M4_T_le_v4SPD16_eabi.lib : k_rem_pio2.c.obj (.text:__kernel_rem_pio2)
                  0000081c    000005c4                                   : s_sin.c.obj (.text:sin)
                  00000de0    00000334     system_msp432p401r.obj (.text)
                  00001114    00000214     lcd.obj (.text)
                  00001328    00000214     main.obj (.text)
                  0000153c    000001b6     rtsv7M4_T_le_v4SPD16_eabi.lib : fd_add_t2.asm.obj (.text)
                  000016f2    00000002     --HOLE-- [fill = 0]
                  000016f4    00000174                                   : k_sin.c.obj (.text:__kernel_sin)
                  00001868    0000016c                                   : k_cos.c.obj (.text:__kernel_cos)
                  000019d4    00000110                                   : s_scalbn.c.obj (.text:scalbn)
                  00001ae4    00000108     keypad.obj (.text)
                  00001bec    000000fc     rtsv7M4_T_le_v4SPD16_eabi.lib : fd_mul_t2.asm.obj (.text)
                  00001ce8    000000f8                                   : s_floor.c.obj (.text:floor)
                  00001de0    000000f4     dac.obj (.text)
                  00001ed4    000000d8     signal.obj (.text)
                  00001fac    000000a4     delay.obj (.text)
                  00002050    0000009c     rtsv7M4_T_le_v4SPD16_eabi.lib : memcpy_t2.asm.obj (.text)
                  000020ec    00000086                                   : fd_cmp_t2.asm.obj (.text:__aeabi_cdcmple)
                  00002172    00000086                                   : fd_cmp_t2.asm.obj (.text:__aeabi_cdrcmple)
                  000021f8    0000007a                                   : memset_t2.asm.obj (.text)
                  00002272    00000002     --HOLE-- [fill = 0]
                  00002274    0000006c     led.obj (.text)
                  000022e0    00000068     rtsv7M4_T_le_v4SPD16_eabi.lib : copy_decompress_lzss.c.obj (.text:decompress:lzss:__TI_decompress_lzss)
                  00002348    00000048                                   : fd_toi_t2.asm.obj (.text)
                  00002390    00000044                                   : autoinit.c.obj (.text:__TI_auto_init_nobinit_nopinit:__TI_auto_init_nobinit_nopinit)
                  000023d4    00000038                                   : boot_cortex_m.c.obj (.text:_c_int00_noargs:_c_int00_noargs)
                  0000240c    0000002e                                   : i_tofd_t2.asm.obj (.text)
                  0000243a    00000014                                   : s_copysign.c.obj (.text:copysign)
                  0000244e    0000000e                                   : copy_decompress_none.c.obj (.text:decompress:none:__TI_decompress_none)
                  0000245c    0000000e     startup_msp432p401r_ccs.obj (.text)
                  0000246a    0000000c     rtsv7M4_T_le_v4SPD16_eabi.lib : copy_zero_init.c.obj (.text:decompress:ZI:__TI_zero_init)
                  00002476    00000002     --HOLE-- [fill = 0]
                  00002478    00000008                                   : errno.c.obj (.text:__aeabi_errno_addr)
                  00002480    00000004                                   : pre_init.c.obj (.text:_system_pre_init)
                  00002484    00000004                                   : exit.c.obj (.text:abort:abort)

.const     0    00002488    00000158     
                  00002488    00000158     rtsv7M4_T_le_v4SPD16_eabi.lib : k_rem_pio2.c.obj (.const:$O1$$)

.cinit     0    000025e0    00000030     
                  000025e0    0000000c     (__TI_handler_table)
                  000025ec    0000000b     (.cinit..data.load) [load image, compression = lzss]
                  000025f7    00000001     --HOLE-- [fill = 0]
                  000025f8    00000008     (.cinit..bss.load) [load image, compression = zero_init]
                  00002600    00000010     (__TI_cinit_table)

.init_array 
*          0    00000000    00000000     UNINITIALIZED

.binit     0    00000000    00000000     

.bss       0    20000000    00005dca     UNINITIALIZED
                  20000000    00005dc8     (.common:s)
                  20005dc8    00000002     (.common:level)

.data      0    20005dcc    00000008     UNINITIALIZED
                  20005dcc    00000004     rtsv7M4_T_le_v4SPD16_eabi.lib : errno.c.obj (.data)
                  20005dd0    00000004     system_msp432p401r.obj (.data)

.stack     0    2000fe00    00000200     UNINITIALIZED
                  2000fe00    00000004     rtsv7M4_T_le_v4SPD16_eabi.lib : boot_cortex_m.c.obj (.stack)
                  2000fe04    000001fc     --HOLE--

MODULE SUMMARY

       Module                        code   ro data   rw data
       ------                        ----   -------   -------
    .\
       main.obj                      532    0         48020  
       system_msp432p401r.obj        820    0         8      
       lcd.obj                       532    0         0      
       keypad.obj                    264    0         0      
       dac.obj                       244    0         0      
       startup_msp432p401r_ccs.obj   14     228       0      
       signal.obj                    216    0         0      
       delay.obj                     164    0         0      
       led.obj                       108    0         0      
    +--+-----------------------------+------+---------+---------+
       Total:                        2894   228       48028  
                                                             
    C:\ti\ccsv8\tools\compiler\ti-cgt-arm_18.1.1.LTS\lib\rtsv7M4_T_le_v4SPD16_eabi.lib
       k_rem_pio2.c.obj              1848   344       0      
       s_sin.c.obj                   1476   0         0      
       fd_add_t2.asm.obj             438    0         0      
       k_sin.c.obj                   372    0         0      
       k_cos.c.obj                   364    0         0      
       s_scalbn.c.obj                272    0         0      
       fd_cmp_t2.asm.obj             268    0         0      
       fd_mul_t2.asm.obj             252    0         0      
       s_floor.c.obj                 248    0         0      
       memcpy_t2.asm.obj             156    0         0      
       memset_t2.asm.obj             122    0         0      
       copy_decompress_lzss.c.obj    104    0         0      
       fd_toi_t2.asm.obj             72     0         0      
       autoinit.c.obj                68     0         0      
       boot_cortex_m.c.obj           56     0         0      
       i_tofd_t2.asm.obj             46     0         0      
       s_copysign.c.obj              20     0         0      
       errno.c.obj                   8      0         8      
       copy_decompress_none.c.obj    14     0         0      
       copy_zero_init.c.obj          12     0         0      
       exit.c.obj                    4      0         0      
       pre_init.c.obj                4      0         0      
    +--+-----------------------------+------+---------+---------+
       Total:                        6224   344       8      
                                                             
       Stack:                        0      0         1024   
       Linker Generated:             0      47        0      
    +--+-----------------------------+------+---------+---------+
       Grand Total:                  9118   619       49060  


LINKER GENERATED COPY TABLES

__TI_cinit_table @ 00002600 records: 2, size/record: 8, table size: 16
	.data: load addr=000025ec, load size=0000000b bytes, run addr=20005dcc, run size=00000008 bytes, compression=lzss
	.bss: load addr=000025f8, load size=00000008 bytes, run addr=20000000, run size=00005dca bytes, compression=zero_init


LINKER GENERATED HANDLER TABLE

__TI_handler_table @ 000025e0 records: 3, size/record: 4, table size: 12
	index: 0, handler: __TI_decompress_lzss
	index: 1, handler: __TI_decompress_none
	index: 2, handler: __TI_zero_init


GLOBAL SYMBOLS: SORTED ALPHABETICALLY BY Name 

address   name                          
-------   ----                          
00002469  ADC14_IRQHandler              
00002469  AES256_IRQHandler             
00002469  BusFault_Handler              
00002485  C$$EXIT                       
00002469  COMP_E0_IRQHandler            
00002469  COMP_E1_IRQHandler            
00002469  CS_IRQHandler                 
00002469  DMA_ERR_IRQHandler            
00002469  DMA_INT0_IRQHandler           
00002469  DMA_INT1_IRQHandler           
00002469  DMA_INT2_IRQHandler           
00002469  DMA_INT3_IRQHandler           
00002469  DebugMon_Handler              
00002469  Default_Handler               
00002469  EUSCIA0_IRQHandler            
00002469  EUSCIA1_IRQHandler            
00002469  EUSCIA2_IRQHandler            
00002469  EUSCIA3_IRQHandler            
00002469  EUSCIB0_IRQHandler            
00002469  EUSCIB1_IRQHandler            
00002469  EUSCIB2_IRQHandler            
00002469  EUSCIB3_IRQHandler            
00002469  FLCTL_IRQHandler              
00002469  FPU_IRQHandler                
00002469  HardFault_Handler             
00002469  MemManage_Handler             
00002469  NMI_Handler                   
00002469  PCM_IRQHandler                
00002469  PORT1_IRQHandler              
00002469  PORT2_IRQHandler              
00002469  PORT3_IRQHandler              
00002469  PORT4_IRQHandler              
00002469  PORT5_IRQHandler              
00002469  PORT6_IRQHandler              
00002469  PSS_IRQHandler                
00002469  PendSV_Handler                
00002469  RTC_C_IRQHandler              
0000245d  Reset_Handler                 
00002469  SVC_Handler                   
00002469  SysTick_Handler               
20005dd0  SystemCoreClock               
00000de1  SystemCoreClockUpdate         
00001059  SystemInit                    
00002469  T32_INT1_IRQHandler           
00002469  T32_INT2_IRQHandler           
00002469  T32_INTC_IRQHandler           
00001479  TA0_0_IRQHandler              
00001479  TA0_0_IRQHandler              
00002469  TA0_N_IRQHandler              
00002469  TA1_0_IRQHandler              
00002469  TA1_N_IRQHandler              
00002469  TA2_0_IRQHandler              
00002469  TA2_N_IRQHandler              
00002469  TA3_0_IRQHandler              
00002469  TA3_N_IRQHandler              
00002469  UsageFault_Handler            
4000480c  WDTCTL_SYM                    
00002469  WDT_A_IRQHandler              
20010000  __STACK_END                   
00000200  __STACK_SIZE                  
00002600  __TI_CINIT_Base               
00002610  __TI_CINIT_Limit              
000025e0  __TI_Handler_Table_Base       
000025ec  __TI_Handler_Table_Limit      
00002391  __TI_auto_init_nobinit_nopinit
000022e1  __TI_decompress_lzss          
0000244f  __TI_decompress_none          
ffffffff  __TI_pprof_out_hndl           
ffffffff  __TI_prof_data_size           
ffffffff  __TI_prof_data_start          
00000000  __TI_static_base__            
0000246b  __TI_zero_init                
000020ed  __aeabi_cdcmpeq               
000020ed  __aeabi_cdcmple               
00002173  __aeabi_cdrcmple              
00002349  __aeabi_d2iz                  
00001547  __aeabi_dadd                  
00001bed  __aeabi_dmul                  
0000153d  __aeabi_dsub                  
00002479  __aeabi_errno_addr            
0000240d  __aeabi_i2d                   
000021f9  __aeabi_memclr                
000021f9  __aeabi_memclr4               
000021f9  __aeabi_memclr8               
00002051  __aeabi_memcpy                
00002051  __aeabi_memcpy4               
00002051  __aeabi_memcpy8               
000021fb  __aeabi_memset                
000021fb  __aeabi_memset4               
000021fb  __aeabi_memset8               
ffffffff  __binit__                     
ffffffff  __c_args__                    
00001869  __kernel_cos                  
000000e5  __kernel_rem_pio2             
000016f5  __kernel_sin                  
UNDEFED   __mpu_init                    
2000fe00  __stack                       
000023d5  _c_int00_noargs               
UNDEFED   _system_post_cinit            
00002481  _system_pre_init              
00002485  abort                         
ffffffff  binit                         
000022c3  blue_led                      
000011bd  clear_lcd                     
0000243b  copysign                      
0000243b  copysignl                     
00002011  delay_ms                      
00001fdf  delay_us                      
20005dcc  errno                         
00001ce9  floor                         
00001ce9  floorl                        
000022b7  green_led                     
000012c1  hold_lcd                      
000011ed  home_lcd                      
000013d5  init                          
00001de1  init_dac                      
00001fad  init_dco                      
00001ae5  init_keypad                   
00001185  init_lcd                      
00002275  init_led                      
00000000  interruptVectors              
000019d5  ldexp                         
000019d5  ldexpl                        
20005dc8  level                         
00001419  main                          
00002051  memcpy                        
00002201  memset                        
00001e4b  output_dac                    
00001ed5  process_signal                
000022ab  red_led                       
0000229f  reset_led                     
20000000  s                             
000019d5  scalbn                        
000019d5  scalbnl                       
00001b23  scan_keypad                   
00001115  send_data                     
000012db  shift_lcd                     
0000081d  sin                           
0000081d  sinl                          
00001329  update_display                
00001207  write_char_lcd                
00001277  write_int_lcd                 
00001251  write_string_lcd              


GLOBAL SYMBOLS: SORTED BY Symbol Address 

address   name                          
-------   ----                          
00000000  __TI_static_base__            
00000000  interruptVectors              
000000e5  __kernel_rem_pio2             
00000200  __STACK_SIZE                  
0000081d  sin                           
0000081d  sinl                          
00000de1  SystemCoreClockUpdate         
00001059  SystemInit                    
00001115  send_data                     
00001185  init_lcd                      
000011bd  clear_lcd                     
000011ed  home_lcd                      
00001207  write_char_lcd                
00001251  write_string_lcd              
00001277  write_int_lcd                 
000012c1  hold_lcd                      
000012db  shift_lcd                     
00001329  update_display                
000013d5  init                          
00001419  main                          
00001479  TA0_0_IRQHandler              
00001479  TA0_0_IRQHandler              
0000153d  __aeabi_dsub                  
00001547  __aeabi_dadd                  
000016f5  __kernel_sin                  
00001869  __kernel_cos                  
000019d5  ldexp                         
000019d5  ldexpl                        
000019d5  scalbn                        
000019d5  scalbnl                       
00001ae5  init_keypad                   
00001b23  scan_keypad                   
00001bed  __aeabi_dmul                  
00001ce9  floor                         
00001ce9  floorl                        
00001de1  init_dac                      
00001e4b  output_dac                    
00001ed5  process_signal                
00001fad  init_dco                      
00001fdf  delay_us                      
00002011  delay_ms                      
00002051  __aeabi_memcpy                
00002051  __aeabi_memcpy4               
00002051  __aeabi_memcpy8               
00002051  memcpy                        
000020ed  __aeabi_cdcmpeq               
000020ed  __aeabi_cdcmple               
00002173  __aeabi_cdrcmple              
000021f9  __aeabi_memclr                
000021f9  __aeabi_memclr4               
000021f9  __aeabi_memclr8               
000021fb  __aeabi_memset                
000021fb  __aeabi_memset4               
000021fb  __aeabi_memset8               
00002201  memset                        
00002275  init_led                      
0000229f  reset_led                     
000022ab  red_led                       
000022b7  green_led                     
000022c3  blue_led                      
000022e1  __TI_decompress_lzss          
00002349  __aeabi_d2iz                  
00002391  __TI_auto_init_nobinit_nopinit
000023d5  _c_int00_noargs               
0000240d  __aeabi_i2d                   
0000243b  copysign                      
0000243b  copysignl                     
0000244f  __TI_decompress_none          
0000245d  Reset_Handler                 
00002469  ADC14_IRQHandler              
00002469  AES256_IRQHandler             
00002469  BusFault_Handler              
00002469  COMP_E0_IRQHandler            
00002469  COMP_E1_IRQHandler            
00002469  CS_IRQHandler                 
00002469  DMA_ERR_IRQHandler            
00002469  DMA_INT0_IRQHandler           
00002469  DMA_INT1_IRQHandler           
00002469  DMA_INT2_IRQHandler           
00002469  DMA_INT3_IRQHandler           
00002469  DebugMon_Handler              
00002469  Default_Handler               
00002469  EUSCIA0_IRQHandler            
00002469  EUSCIA1_IRQHandler            
00002469  EUSCIA2_IRQHandler            
00002469  EUSCIA3_IRQHandler            
00002469  EUSCIB0_IRQHandler            
00002469  EUSCIB1_IRQHandler            
00002469  EUSCIB2_IRQHandler            
00002469  EUSCIB3_IRQHandler            
00002469  FLCTL_IRQHandler              
00002469  FPU_IRQHandler                
00002469  HardFault_Handler             
00002469  MemManage_Handler             
00002469  NMI_Handler                   
00002469  PCM_IRQHandler                
00002469  PORT1_IRQHandler              
00002469  PORT2_IRQHandler              
00002469  PORT3_IRQHandler              
00002469  PORT4_IRQHandler              
00002469  PORT5_IRQHandler              
00002469  PORT6_IRQHandler              
00002469  PSS_IRQHandler                
00002469  PendSV_Handler                
00002469  RTC_C_IRQHandler              
00002469  SVC_Handler                   
00002469  SysTick_Handler               
00002469  T32_INT1_IRQHandler           
00002469  T32_INT2_IRQHandler           
00002469  T32_INTC_IRQHandler           
00002469  TA0_N_IRQHandler              
00002469  TA1_0_IRQHandler              
00002469  TA1_N_IRQHandler              
00002469  TA2_0_IRQHandler              
00002469  TA2_N_IRQHandler              
00002469  TA3_0_IRQHandler              
00002469  TA3_N_IRQHandler              
00002469  UsageFault_Handler            
00002469  WDT_A_IRQHandler              
0000246b  __TI_zero_init                
00002479  __aeabi_errno_addr            
00002481  _system_pre_init              
00002485  C$$EXIT                       
00002485  abort                         
000025e0  __TI_Handler_Table_Base       
000025ec  __TI_Handler_Table_Limit      
00002600  __TI_CINIT_Base               
00002610  __TI_CINIT_Limit              
20000000  s                             
20005dc8  level                         
20005dcc  errno                         
20005dd0  SystemCoreClock               
2000fe00  __stack                       
20010000  __STACK_END                   
4000480c  WDTCTL_SYM                    
ffffffff  __TI_pprof_out_hndl           
ffffffff  __TI_prof_data_size           
ffffffff  __TI_prof_data_start          
ffffffff  __binit__                     
ffffffff  __c_args__                    
ffffffff  binit                         
UNDEFED   __mpu_init                    
UNDEFED   _system_post_cinit            

[143 symbols]
