******************************************************************************
                  TI ARM Linker PC v18.1.1                     
******************************************************************************
>> Linked Fri May 25 11:55:51 2018

OUTPUT FILE NAME:   <P5.out>
ENTRY POINT SYMBOL: "_c_int00_noargs"  address: 00000da5


MEMORY CONFIGURATION

         name            origin    length      used     unused   attr    fill
----------------------  --------  ---------  --------  --------  ----  --------
  MAIN                  00000000   00040000  00000e42  0003f1be  R  X
  INFO                  00200000   00004000  00000000  00004000  R  X
  SRAM_CODE             01000000   00010000  0000024e  0000fdb2  RW X
  SRAM_DATA             20000000   00010000  0000024e  0000fdb2  RW  


SEGMENT ALLOCATION MAP

run origin  load origin   length   init length attrs members
----------  ----------- ---------- ----------- ----- -------
00000000    00000000    00000e48   00000e48    r-x
  00000000    00000000    000000e4   000000e4    r-- .intvecs
  000000e4    000000e4    00000d2e   00000d2e    r-x .text
  00000e18    00000e18    00000030   00000030    r-- .cinit
20000000    20000000    0000004e   00000000    rw-
  20000000    20000000    00000048   00000000    rw- .bss
  20000048    20000048    00000006   00000000    rw- .data
2000fe00    2000fe00    00000200   00000000    rw-
  2000fe00    2000fe00    00000200   00000000    rw- .stack


SECTION ALLOCATION MAP

 output                                  attributes/
section   page    origin      length       input sections
--------  ----  ----------  ----------   ----------------
.intvecs   0    00000000    000000e4     
                  00000000    000000e4     startup_msp432p401r_ccs.obj (.intvecs:retain)

.text      0    000000e4    00000d2e     
                  000000e4    00000348     rc.obj (.text)
                  0000042c    00000334     system_msp432p401r.obj (.text)
                  00000760    00000230     main.obj (.text)
                  00000990    00000120     battery.obj (.text)
                  00000ab0    000000a0     delay.obj (.text)
                  00000b50    000000a0     esc.obj (.text)
                  00000bf0    0000009c     rtsv7M4_T_le_v4SPD16_eabi.lib : memcpy_t2.asm.obj (.text)
                  00000c8c    0000006c     led.obj (.text)
                  00000cf8    00000068     rtsv7M4_T_le_v4SPD16_eabi.lib : copy_decompress_lzss.c.obj (.text:decompress:lzss:__TI_decompress_lzss)
                  00000d60    00000044                                   : autoinit.c.obj (.text:__TI_auto_init_nobinit_nopinit:__TI_auto_init_nobinit_nopinit)
                  00000da4    00000038                                   : boot_cortex_m.c.obj (.text:_c_int00_noargs:_c_int00_noargs)
                  00000ddc    00000012                                   : copy_zero_init.c.obj (.text:decompress:ZI:__TI_zero_init_nomemset:__TI_zero_init_nomemset)
                  00000dee    0000000e                                   : copy_decompress_none.c.obj (.text:decompress:none:__TI_decompress_none)
                  00000dfc    0000000e     startup_msp432p401r_ccs.obj (.text)
                  00000e0a    00000004     rtsv7M4_T_le_v4SPD16_eabi.lib : pre_init.c.obj (.text:_system_pre_init)
                  00000e0e    00000004                                   : exit.c.obj (.text:abort:abort)

.cinit     0    00000e18    00000030     
                  00000e18    0000000c     (__TI_handler_table)
                  00000e24    0000000a     (.cinit..data.load) [load image, compression = lzss]
                  00000e2e    00000002     --HOLE-- [fill = 0]
                  00000e30    00000008     (.cinit..bss.load) [load image, compression = zero_init]
                  00000e38    00000010     (__TI_cinit_table)

.init_array 
*          0    00000000    00000000     UNINITIALIZED

.binit     0    00000000    00000000     

.bss       0    20000000    00000048     UNINITIALIZED
                  20000000    00000048     (.common:ch)

.data      0    20000048    00000006     UNINITIALIZED
                  20000048    00000004     system_msp432p401r.obj (.data)
                  2000004c    00000002     main.obj (.data)

.stack     0    2000fe00    00000200     UNINITIALIZED
                  2000fe00    00000004     rtsv7M4_T_le_v4SPD16_eabi.lib : boot_cortex_m.c.obj (.stack)
                  2000fe04    000001fc     --HOLE--

MODULE SUMMARY

       Module                        code   ro data   rw data
       ------                        ----   -------   -------
    .\
       rc.obj                        840    0         0      
       system_msp432p401r.obj        820    0         8      
       main.obj                      560    0         148    
       battery.obj                   288    0         0      
       startup_msp432p401r_ccs.obj   14     228       0      
       delay.obj                     160    0         0      
       esc.obj                       160    0         0      
       led.obj                       108    0         0      
    +--+-----------------------------+------+---------+---------+
       Total:                        2950   228       156    
                                                             
    C:\ti\ccsv8\tools\compiler\ti-cgt-arm_18.1.1.LTS\lib\rtsv7M4_T_le_v4SPD16_eabi.lib
       memcpy_t2.asm.obj             156    0         0      
       copy_decompress_lzss.c.obj    104    0         0      
       autoinit.c.obj                68     0         0      
       boot_cortex_m.c.obj           56     0         0      
       copy_zero_init.c.obj          18     0         0      
       copy_decompress_none.c.obj    14     0         0      
       exit.c.obj                    4      0         0      
       pre_init.c.obj                4      0         0      
    +--+-----------------------------+------+---------+---------+
       Total:                        424    0         0      
                                                             
       Stack:                        0      0         1024   
       Linker Generated:             0      46        0      
    +--+-----------------------------+------+---------+---------+
       Grand Total:                  3374   274       1180   


LINKER GENERATED COPY TABLES

__TI_cinit_table @ 00000e38 records: 2, size/record: 8, table size: 16
	.data: load addr=00000e24, load size=0000000a bytes, run addr=20000048, run size=00000006 bytes, compression=lzss
	.bss: load addr=00000e30, load size=00000008 bytes, run addr=20000000, run size=00000048 bytes, compression=zero_init


LINKER GENERATED HANDLER TABLE

__TI_handler_table @ 00000e18 records: 3, size/record: 4, table size: 12
	index: 0, handler: __TI_decompress_lzss
	index: 1, handler: __TI_decompress_none
	index: 2, handler: __TI_zero_init


GLOBAL SYMBOLS: SORTED ALPHABETICALLY BY Name 

address   name                          
-------   ----                          
00000937  ADC14_IRQHandler              
00000937  ADC14_IRQHandler              
00000e09  AES256_IRQHandler             
00000e09  BusFault_Handler              
00000e0f  C$$EXIT                       
00000e09  COMP_E0_IRQHandler            
00000e09  COMP_E1_IRQHandler            
00000e09  CS_IRQHandler                 
00000e09  DMA_ERR_IRQHandler            
00000e09  DMA_INT0_IRQHandler           
00000e09  DMA_INT1_IRQHandler           
00000e09  DMA_INT2_IRQHandler           
00000e09  DMA_INT3_IRQHandler           
00000e09  DebugMon_Handler              
00000e09  Default_Handler               
00000e09  EUSCIA0_IRQHandler            
00000e09  EUSCIA1_IRQHandler            
00000e09  EUSCIA2_IRQHandler            
00000e09  EUSCIA3_IRQHandler            
000008fb  EUSCIB0_IRQHandler            
000008fb  EUSCIB0_IRQHandler            
00000e09  EUSCIB1_IRQHandler            
00000e09  EUSCIB2_IRQHandler            
00000e09  EUSCIB3_IRQHandler            
00000e09  FLCTL_IRQHandler              
00000e09  FPU_IRQHandler                
00000e09  HardFault_Handler             
00000e09  MemManage_Handler             
00000e09  NMI_Handler                   
00000e09  PCM_IRQHandler                
00000e09  PORT1_IRQHandler              
00000e09  PORT2_IRQHandler              
0000092d  PORT3_IRQHandler              
0000092d  PORT3_IRQHandler              
00000e09  PORT4_IRQHandler              
00000e09  PORT5_IRQHandler              
00000e09  PORT6_IRQHandler              
00000e09  PSS_IRQHandler                
00000e09  PendSV_Handler                
00000e09  RTC_C_IRQHandler              
00000dfd  Reset_Handler                 
00000e09  SVC_Handler                   
00000e09  SysTick_Handler               
20000048  SystemCoreClock               
0000042d  SystemCoreClockUpdate         
000006a5  SystemInit                    
00000e09  T32_INT1_IRQHandler           
0000093f  T32_INT2_IRQHandler           
0000093f  T32_INT2_IRQHandler           
00000e09  T32_INTC_IRQHandler           
00000e09  TA0_0_IRQHandler              
00000e09  TA0_N_IRQHandler              
00000e09  TA1_0_IRQHandler              
00000e09  TA1_N_IRQHandler              
00000e09  TA2_0_IRQHandler              
00000e09  TA2_N_IRQHandler              
00000e09  TA3_0_IRQHandler              
00000e09  TA3_N_IRQHandler              
2000004c  TransmitFlag                  
00000e09  UsageFault_Handler            
4000480c  WDTCTL_SYM                    
00000e09  WDT_A_IRQHandler              
20010000  __STACK_END                   
00000200  __STACK_SIZE                  
00000e38  __TI_CINIT_Base               
00000e48  __TI_CINIT_Limit              
00000e18  __TI_Handler_Table_Base       
00000e24  __TI_Handler_Table_Limit      
00000d61  __TI_auto_init_nobinit_nopinit
00000cf9  __TI_decompress_lzss          
00000def  __TI_decompress_none          
ffffffff  __TI_pprof_out_hndl           
ffffffff  __TI_prof_data_size           
ffffffff  __TI_prof_data_start          
00000000  __TI_static_base__            
00000ddd  __TI_zero_init_nomemset       
00000bf1  __aeabi_memcpy                
00000bf1  __aeabi_memcpy4               
00000bf1  __aeabi_memcpy8               
ffffffff  __binit__                     
ffffffff  __c_args__                    
UNDEFED   __mpu_init                    
2000fe00  __stack                       
00000da5  _c_int00_noargs               
UNDEFED   _system_post_cinit            
00000e0b  _system_pre_init              
00000e0f  abort                         
00000a61  alert_battery                 
ffffffff  binit                         
00000cdb  blue_led                      
20000000  ch                            
00000b11  delay_ms                      
00000ae3  delay_us                      
00000ccf  green_led                     
00000847  init                          
00000991  init_battery                  
00000ab1  init_dco                      
00000b51  init_esc                      
00000c8d  init_led                      
000000e5  init_rc                       
00000000  interruptVectors              
0000086b  main                          
00000bf1  memcpy                        
00000165  process_rc                    
00000a19  read_battery                  
000007c9  read_mpu                      
00000cc3  red_led                       
00000cb7  reset_led                     
00000761  write_mpu                     


GLOBAL SYMBOLS: SORTED BY Symbol Address 

address   name                          
-------   ----                          
00000000  __TI_static_base__            
00000000  interruptVectors              
000000e5  init_rc                       
00000165  process_rc                    
00000200  __STACK_SIZE                  
0000042d  SystemCoreClockUpdate         
000006a5  SystemInit                    
00000761  write_mpu                     
000007c9  read_mpu                      
00000847  init                          
0000086b  main                          
000008fb  EUSCIB0_IRQHandler            
000008fb  EUSCIB0_IRQHandler            
0000092d  PORT3_IRQHandler              
0000092d  PORT3_IRQHandler              
00000937  ADC14_IRQHandler              
00000937  ADC14_IRQHandler              
0000093f  T32_INT2_IRQHandler           
0000093f  T32_INT2_IRQHandler           
00000991  init_battery                  
00000a19  read_battery                  
00000a61  alert_battery                 
00000ab1  init_dco                      
00000ae3  delay_us                      
00000b11  delay_ms                      
00000b51  init_esc                      
00000bf1  __aeabi_memcpy                
00000bf1  __aeabi_memcpy4               
00000bf1  __aeabi_memcpy8               
00000bf1  memcpy                        
00000c8d  init_led                      
00000cb7  reset_led                     
00000cc3  red_led                       
00000ccf  green_led                     
00000cdb  blue_led                      
00000cf9  __TI_decompress_lzss          
00000d61  __TI_auto_init_nobinit_nopinit
00000da5  _c_int00_noargs               
00000ddd  __TI_zero_init_nomemset       
00000def  __TI_decompress_none          
00000dfd  Reset_Handler                 
00000e09  AES256_IRQHandler             
00000e09  BusFault_Handler              
00000e09  COMP_E0_IRQHandler            
00000e09  COMP_E1_IRQHandler            
00000e09  CS_IRQHandler                 
00000e09  DMA_ERR_IRQHandler            
00000e09  DMA_INT0_IRQHandler           
00000e09  DMA_INT1_IRQHandler           
00000e09  DMA_INT2_IRQHandler           
00000e09  DMA_INT3_IRQHandler           
00000e09  DebugMon_Handler              
00000e09  Default_Handler               
00000e09  EUSCIA0_IRQHandler            
00000e09  EUSCIA1_IRQHandler            
00000e09  EUSCIA2_IRQHandler            
00000e09  EUSCIA3_IRQHandler            
00000e09  EUSCIB1_IRQHandler            
00000e09  EUSCIB2_IRQHandler            
00000e09  EUSCIB3_IRQHandler            
00000e09  FLCTL_IRQHandler              
00000e09  FPU_IRQHandler                
00000e09  HardFault_Handler             
00000e09  MemManage_Handler             
00000e09  NMI_Handler                   
00000e09  PCM_IRQHandler                
00000e09  PORT1_IRQHandler              
00000e09  PORT2_IRQHandler              
00000e09  PORT4_IRQHandler              
00000e09  PORT5_IRQHandler              
00000e09  PORT6_IRQHandler              
00000e09  PSS_IRQHandler                
00000e09  PendSV_Handler                
00000e09  RTC_C_IRQHandler              
00000e09  SVC_Handler                   
00000e09  SysTick_Handler               
00000e09  T32_INT1_IRQHandler           
00000e09  T32_INTC_IRQHandler           
00000e09  TA0_0_IRQHandler              
00000e09  TA0_N_IRQHandler              
00000e09  TA1_0_IRQHandler              
00000e09  TA1_N_IRQHandler              
00000e09  TA2_0_IRQHandler              
00000e09  TA2_N_IRQHandler              
00000e09  TA3_0_IRQHandler              
00000e09  TA3_N_IRQHandler              
00000e09  UsageFault_Handler            
00000e09  WDT_A_IRQHandler              
00000e0b  _system_pre_init              
00000e0f  C$$EXIT                       
00000e0f  abort                         
00000e18  __TI_Handler_Table_Base       
00000e24  __TI_Handler_Table_Limit      
00000e38  __TI_CINIT_Base               
00000e48  __TI_CINIT_Limit              
20000000  ch                            
20000048  SystemCoreClock               
2000004c  TransmitFlag                  
2000fe00  __stack                       
20010000  __STACK_END                   
4000480c  WDTCTL_SYM                    
ffffffff  __TI_pprof_out_hndl           
ffffffff  __TI_prof_data_size           
ffffffff  __TI_prof_data_start          
ffffffff  __binit__                     
ffffffff  __c_args__                    
ffffffff  binit                         
UNDEFED   __mpu_init                    
UNDEFED   _system_post_cinit            

[109 symbols]
