******************************************************************************
                  TI ARM Linker PC v18.1.1                     
******************************************************************************
>> Linked Mon Jun  4 22:42:28 2018

OUTPUT FILE NAME:   <P5.out>
ENTRY POINT SYMBOL: "_c_int00_noargs"  address: 0000373d


MEMORY CONFIGURATION

         name            origin    length      used     unused   attr    fill
----------------------  --------  ---------  --------  --------  ----  --------
  MAIN                  00000000   00040000  00003a4c  0003c5b4  R  X
  INFO                  00200000   00004000  00000000  00004000  R  X
  SRAM_CODE             01000000   00010000  000002a6  0000fd5a  RW X
  SRAM_DATA             20000000   00010000  000002a6  0000fd5a  RW  


SEGMENT ALLOCATION MAP

run origin  load origin   length   init length attrs members
----------  ----------- ---------- ----------- ----- -------
00000000    00000000    00003a50   00003a50    r-x
  00000000    00000000    000000e4   000000e4    r-- .intvecs
  000000e4    000000e4    00003748   00003748    r-x .text
  00003830    00003830    000001f0   000001f0    r-- .const
  00003a20    00003a20    00000030   00000030    r-- .cinit
20000000    20000000    000000a8   00000000    rw-
  20000000    20000000    0000009e   00000000    rw- .bss
  200000a0    200000a0    00000008   00000000    rw- .data
2000fe00    2000fe00    00000200   00000000    rw-
  2000fe00    2000fe00    00000200   00000000    rw- .stack


SECTION ALLOCATION MAP

 output                                  attributes/
section   page    origin      length       input sections
--------  ----  ----------  ----------   ----------------
.intvecs   0    00000000    000000e4     
                  00000000    000000e4     startup_msp432p401r_ccs.obj (.intvecs:retain)

.text      0    000000e4    00003748     
                  000000e4    00001164     main.obj (.text)
                  00001248    00000738     rtsv7M4_T_le_v4SPD16_eabi.lib : k_rem_pio2.c.obj (.text:__kernel_rem_pio2)
                  00001980    000005c4                                   : s_sin.c.obj (.text:sin)
                  00001f44    00000334     system_msp432p401r.obj (.text)
                  00002278    000002ec     rtsv7M4_T_le_v4SPD16_eabi.lib : s_atan.c.obj (.text:atan)
                  00002564    000001ec                                   : e_atan2.c.obj (.text:atan2)
                  00002750    000001b6                                   : fd_add_t2.asm.obj (.text)
                  00002906    00000002     --HOLE-- [fill = 0]
                  00002908    00000174                                   : k_sin.c.obj (.text:__kernel_sin)
                  00002a7c    0000016c                                   : k_cos.c.obj (.text:__kernel_cos)
                  00002be8    00000158                                   : e_sqrt.c.obj (.text:sqrt)
                  00002d40    00000136                                   : fd_div_t2.asm.obj (.text)
                  00002e76    00000002     --HOLE-- [fill = 0]
                  00002e78    00000110                                   : s_scalbn.c.obj (.text:scalbn)
                  00002f88    000000fc                                   : fd_mul_t2.asm.obj (.text)
                  00003084    000000f8                                   : s_floor.c.obj (.text:floor)
                  0000317c    000000a0     delay.obj (.text)
                  0000321c    000000a0     esc.obj (.text)
                  000032bc    0000009c     imu.obj (.text)
                  00003358    0000009c     rtsv7M4_T_le_v4SPD16_eabi.lib : memcpy_t2.asm.obj (.text)
                  000033f4    00000086                                   : fd_cmp_t2.asm.obj (.text:__aeabi_cdcmple)
                  0000347a    00000086                                   : fd_cmp_t2.asm.obj (.text:__aeabi_cdrcmple)
                  00003500    0000006e                                   : fd_tos_t2.asm.obj (.text)
                  0000356e    00000002     --HOLE-- [fill = 0]
                  00003570    0000006c     led.obj (.text)
                  000035dc    0000006c     rc.obj (.text)
                  00003648    00000068     rtsv7M4_T_le_v4SPD16_eabi.lib : copy_decompress_lzss.c.obj (.text:decompress:lzss:__TI_decompress_lzss)
                  000036b0    00000048                                   : fd_toi_t2.asm.obj (.text)
                  000036f8    00000044                                   : autoinit.c.obj (.text:__TI_auto_init_nobinit_nopinit:__TI_auto_init_nobinit_nopinit)
                  0000373c    00000038                                   : boot_cortex_m.c.obj (.text:_c_int00_noargs:_c_int00_noargs)
                  00003774    00000038                                   : fs_tod_t2.asm.obj (.text)
                  000037ac    0000002e                                   : i_tofd_t2.asm.obj (.text)
                  000037da    00000014                                   : s_copysign.c.obj (.text:copysign)
                  000037ee    00000012                                   : copy_zero_init.c.obj (.text:decompress:ZI:__TI_zero_init_nomemset:__TI_zero_init_nomemset)
                  00003800    0000000e                                   : copy_decompress_none.c.obj (.text:decompress:none:__TI_decompress_none)
                  0000380e    0000000e     startup_msp432p401r_ccs.obj (.text)
                  0000381c    00000008     rtsv7M4_T_le_v4SPD16_eabi.lib : errno.c.obj (.text:__aeabi_errno_addr)
                  00003824    00000004                                   : pre_init.c.obj (.text:_system_pre_init)
                  00003828    00000004                                   : exit.c.obj (.text:abort:abort)

.const     0    00003830    000001f0     
                  00003830    00000158     rtsv7M4_T_le_v4SPD16_eabi.lib : k_rem_pio2.c.obj (.const:$O1$$)
                  00003988    00000098                                   : s_atan.c.obj (.const:$O1$$)

.cinit     0    00003a20    00000030     
                  00003a20    0000000c     (__TI_handler_table)
                  00003a2c    0000000b     (.cinit..data.load) [load image, compression = lzss]
                  00003a37    00000001     --HOLE-- [fill = 0]
                  00003a38    00000008     (.cinit..bss.load) [load image, compression = zero_init]
                  00003a40    00000010     (__TI_cinit_table)

.init_array 
*          0    00000000    00000000     UNINITIALIZED

.binit     0    00000000    00000000     

.bss       0    20000000    0000009e     UNINITIALIZED
                  20000000    00000060     (.common:ch)
                  20000060    0000000c     (.common:angle)
                  2000006c    0000000c     (.common:offset)
                  20000078    0000000c     (.common:pid)
                  20000084    0000000c     (.common:prev)
                  20000090    0000000c     (.common:sum)
                  2000009c    00000001     (.common:i2c_flag)
                  2000009d    00000001     (.common:sample_flag)

.data      0    200000a0    00000008     UNINITIALIZED
                  200000a0    00000004     rtsv7M4_T_le_v4SPD16_eabi.lib : errno.c.obj (.data)
                  200000a4    00000004     system_msp432p401r.obj (.data)

.stack     0    2000fe00    00000200     UNINITIALIZED
                  2000fe00    00000004     rtsv7M4_T_le_v4SPD16_eabi.lib : boot_cortex_m.c.obj (.stack)
                  2000fe04    000001fc     --HOLE--

MODULE SUMMARY

       Module                        code    ro data   rw data
       ------                        ----    -------   -------
    .\
       main.obj                      4452    0         316    
       system_msp432p401r.obj        820     0         8      
       startup_msp432p401r_ccs.obj   14      228       0      
       delay.obj                     160     0         0      
       esc.obj                       160     0         0      
       imu.obj                       156     0         0      
       led.obj                       108     0         0      
       rc.obj                        108     0         0      
    +--+-----------------------------+-------+---------+---------+
       Total:                        5978    228       324    
                                                              
    C:\ti\ccsv8\tools\compiler\ti-cgt-arm_18.1.1.LTS\lib\rtsv7M4_T_le_v4SPD16_eabi.lib
       k_rem_pio2.c.obj              1848    344       0      
       s_sin.c.obj                   1476    0         0      
       s_atan.c.obj                  748     152       0      
       e_atan2.c.obj                 492     0         0      
       fd_add_t2.asm.obj             438     0         0      
       k_sin.c.obj                   372     0         0      
       k_cos.c.obj                   364     0         0      
       e_sqrt.c.obj                  344     0         0      
       fd_div_t2.asm.obj             310     0         0      
       s_scalbn.c.obj                272     0         0      
       fd_cmp_t2.asm.obj             268     0         0      
       fd_mul_t2.asm.obj             252     0         0      
       s_floor.c.obj                 248     0         0      
       memcpy_t2.asm.obj             156     0         0      
       fd_tos_t2.asm.obj             110     0         0      
       copy_decompress_lzss.c.obj    104     0         0      
       fd_toi_t2.asm.obj             72      0         0      
       autoinit.c.obj                68      0         0      
       boot_cortex_m.c.obj           56      0         0      
       fs_tod_t2.asm.obj             56      0         0      
       i_tofd_t2.asm.obj             46      0         0      
       s_copysign.c.obj              20      0         0      
       copy_zero_init.c.obj          18      0         0      
       errno.c.obj                   8       0         8      
       copy_decompress_none.c.obj    14      0         0      
       exit.c.obj                    4       0         0      
       pre_init.c.obj                4       0         0      
    +--+-----------------------------+-------+---------+---------+
       Total:                        8168    496       8      
                                                              
       Stack:                        0       0         1024   
       Linker Generated:             0       47        0      
    +--+-----------------------------+-------+---------+---------+
       Grand Total:                  14146   771       1356   


LINKER GENERATED COPY TABLES

__TI_cinit_table @ 00003a40 records: 2, size/record: 8, table size: 16
	.data: load addr=00003a2c, load size=0000000b bytes, run addr=200000a0, run size=00000008 bytes, compression=lzss
	.bss: load addr=00003a38, load size=00000008 bytes, run addr=20000000, run size=0000009e bytes, compression=zero_init


LINKER GENERATED HANDLER TABLE

__TI_handler_table @ 00003a20 records: 3, size/record: 4, table size: 12
	index: 0, handler: __TI_decompress_lzss
	index: 1, handler: __TI_decompress_none
	index: 2, handler: __TI_zero_init


GLOBAL SYMBOLS: SORTED ALPHABETICALLY BY Name 

address   name                          
-------   ----                          
00001151  ADC14_IRQHandler              
00001151  ADC14_IRQHandler              
0000381b  AES256_IRQHandler             
0000381b  BusFault_Handler              
00003829  C$$EXIT                       
0000381b  COMP_E0_IRQHandler            
0000381b  COMP_E1_IRQHandler            
0000381b  CS_IRQHandler                 
0000381b  DMA_ERR_IRQHandler            
0000381b  DMA_INT0_IRQHandler           
0000381b  DMA_INT1_IRQHandler           
0000381b  DMA_INT2_IRQHandler           
0000381b  DMA_INT3_IRQHandler           
0000381b  DebugMon_Handler              
0000381b  Default_Handler               
0000381b  EUSCIA0_IRQHandler            
0000381b  EUSCIA1_IRQHandler            
0000381b  EUSCIA2_IRQHandler            
0000381b  EUSCIA3_IRQHandler            
00001109  EUSCIB0_IRQHandler            
00001109  EUSCIB0_IRQHandler            
0000381b  EUSCIB1_IRQHandler            
0000381b  EUSCIB2_IRQHandler            
0000381b  EUSCIB3_IRQHandler            
0000381b  FLCTL_IRQHandler              
0000381b  FPU_IRQHandler                
0000381b  HardFault_Handler             
0000381b  MemManage_Handler             
0000381b  NMI_Handler                   
0000381b  PCM_IRQHandler                
0000381b  PORT1_IRQHandler              
0000381b  PORT2_IRQHandler              
00000e8d  PORT3_IRQHandler              
00000e8d  PORT3_IRQHandler              
0000381b  PORT4_IRQHandler              
0000381b  PORT5_IRQHandler              
0000381b  PORT6_IRQHandler              
0000381b  PSS_IRQHandler                
0000381b  PendSV_Handler                
0000381b  RTC_C_IRQHandler              
0000380f  Reset_Handler                 
0000381b  SVC_Handler                   
0000381b  SysTick_Handler               
200000a4  SystemCoreClock               
00001f45  SystemCoreClockUpdate         
000021bd  SystemInit                    
0000381b  T32_INT1_IRQHandler           
000011c1  T32_INT2_IRQHandler           
000011c1  T32_INT2_IRQHandler           
0000381b  T32_INTC_IRQHandler           
0000381b  TA0_0_IRQHandler              
0000381b  TA0_N_IRQHandler              
0000113b  TA1_0_IRQHandler              
0000113b  TA1_0_IRQHandler              
0000381b  TA1_N_IRQHandler              
0000381b  TA2_0_IRQHandler              
0000381b  TA2_N_IRQHandler              
0000381b  TA3_0_IRQHandler              
0000381b  TA3_N_IRQHandler              
0000381b  UsageFault_Handler            
4000480c  WDTCTL_SYM                    
0000381b  WDT_A_IRQHandler              
20010000  __STACK_END                   
00000200  __STACK_SIZE                  
00003a40  __TI_CINIT_Base               
00003a50  __TI_CINIT_Limit              
00003a20  __TI_Handler_Table_Base       
00003a2c  __TI_Handler_Table_Limit      
000036f9  __TI_auto_init_nobinit_nopinit
00003649  __TI_decompress_lzss          
00003801  __TI_decompress_none          
ffffffff  __TI_pprof_out_hndl           
ffffffff  __TI_prof_data_size           
ffffffff  __TI_prof_data_start          
00000000  __TI_static_base__            
000037ef  __TI_zero_init_nomemset       
000033f5  __aeabi_cdcmpeq               
000033f5  __aeabi_cdcmple               
0000347b  __aeabi_cdrcmple              
00003501  __aeabi_d2f                   
000036b1  __aeabi_d2iz                  
0000275b  __aeabi_dadd                  
00002d41  __aeabi_ddiv                  
00002f89  __aeabi_dmul                  
00002751  __aeabi_dsub                  
0000381d  __aeabi_errno_addr            
00003775  __aeabi_f2d                   
000037ad  __aeabi_i2d                   
00003359  __aeabi_memcpy                
00003359  __aeabi_memcpy4               
00003359  __aeabi_memcpy8               
ffffffff  __binit__                     
ffffffff  __c_args__                    
00002a7d  __kernel_cos                  
00001249  __kernel_rem_pio2             
00002909  __kernel_sin                  
UNDEFED   __mpu_init                    
2000fe00  __stack                       
0000373d  _c_int00_noargs               
UNDEFED   _system_post_cinit            
00003825  _system_pre_init              
00003829  abort                         
20000060  angle                         
00000339  angle_calc                    
00002279  atan                          
00002565  atan2                         
00002565  atan2l                        
00002279  atanl                         
ffffffff  binit                         
000035bf  blue_led                      
20000000  ch                            
000037db  copysign                      
000037db  copysignl                     
000031dd  delay_ms                      
000031af  delay_us                      
200000a0  errno                         
00003085  floor                         
00003085  floorl                        
000035b3  green_led                     
2000009c  i2c_flag                      
0000012d  i2c_read                      
000001af  i2c_write                     
00000b01  init                          
0000317d  init_dco                      
0000321d  init_esc                      
000032bd  init_imu                      
00003571  init_led                      
000035dd  init_rc                       
00000217  input_calc                    
00000000  interruptVectors              
00002e79  ldexp                         
00002e79  ldexpl                        
00000c8d  main                          
00003359  memcpy                        
2000006c  offset                        
20000078  pid                           
000007b5  pid_calc                      
20000084  prev                          
000035a7  red_led                       
0000359b  reset_led                     
2000009d  sample_flag                   
000000e5  saturate                      
00002e79  scalbn                        
00002e79  scalbnl                       
00001981  sin                           
00001981  sinl                          
00002be9  sqrt                          
00002be9  sqrtl                         
20000090  sum                           


GLOBAL SYMBOLS: SORTED BY Symbol Address 

address   name                          
-------   ----                          
00000000  __TI_static_base__            
00000000  interruptVectors              
000000e5  saturate                      
0000012d  i2c_read                      
000001af  i2c_write                     
00000200  __STACK_SIZE                  
00000217  input_calc                    
00000339  angle_calc                    
000007b5  pid_calc                      
00000b01  init                          
00000c8d  main                          
00000e8d  PORT3_IRQHandler              
00000e8d  PORT3_IRQHandler              
00001109  EUSCIB0_IRQHandler            
00001109  EUSCIB0_IRQHandler            
0000113b  TA1_0_IRQHandler              
0000113b  TA1_0_IRQHandler              
00001151  ADC14_IRQHandler              
00001151  ADC14_IRQHandler              
000011c1  T32_INT2_IRQHandler           
000011c1  T32_INT2_IRQHandler           
00001249  __kernel_rem_pio2             
00001981  sin                           
00001981  sinl                          
00001f45  SystemCoreClockUpdate         
000021bd  SystemInit                    
00002279  atan                          
00002279  atanl                         
00002565  atan2                         
00002565  atan2l                        
00002751  __aeabi_dsub                  
0000275b  __aeabi_dadd                  
00002909  __kernel_sin                  
00002a7d  __kernel_cos                  
00002be9  sqrt                          
00002be9  sqrtl                         
00002d41  __aeabi_ddiv                  
00002e79  ldexp                         
00002e79  ldexpl                        
00002e79  scalbn                        
00002e79  scalbnl                       
00002f89  __aeabi_dmul                  
00003085  floor                         
00003085  floorl                        
0000317d  init_dco                      
000031af  delay_us                      
000031dd  delay_ms                      
0000321d  init_esc                      
000032bd  init_imu                      
00003359  __aeabi_memcpy                
00003359  __aeabi_memcpy4               
00003359  __aeabi_memcpy8               
00003359  memcpy                        
000033f5  __aeabi_cdcmpeq               
000033f5  __aeabi_cdcmple               
0000347b  __aeabi_cdrcmple              
00003501  __aeabi_d2f                   
00003571  init_led                      
0000359b  reset_led                     
000035a7  red_led                       
000035b3  green_led                     
000035bf  blue_led                      
000035dd  init_rc                       
00003649  __TI_decompress_lzss          
000036b1  __aeabi_d2iz                  
000036f9  __TI_auto_init_nobinit_nopinit
0000373d  _c_int00_noargs               
00003775  __aeabi_f2d                   
000037ad  __aeabi_i2d                   
000037db  copysign                      
000037db  copysignl                     
000037ef  __TI_zero_init_nomemset       
00003801  __TI_decompress_none          
0000380f  Reset_Handler                 
0000381b  AES256_IRQHandler             
0000381b  BusFault_Handler              
0000381b  COMP_E0_IRQHandler            
0000381b  COMP_E1_IRQHandler            
0000381b  CS_IRQHandler                 
0000381b  DMA_ERR_IRQHandler            
0000381b  DMA_INT0_IRQHandler           
0000381b  DMA_INT1_IRQHandler           
0000381b  DMA_INT2_IRQHandler           
0000381b  DMA_INT3_IRQHandler           
0000381b  DebugMon_Handler              
0000381b  Default_Handler               
0000381b  EUSCIA0_IRQHandler            
0000381b  EUSCIA1_IRQHandler            
0000381b  EUSCIA2_IRQHandler            
0000381b  EUSCIA3_IRQHandler            
0000381b  EUSCIB1_IRQHandler            
0000381b  EUSCIB2_IRQHandler            
0000381b  EUSCIB3_IRQHandler            
0000381b  FLCTL_IRQHandler              
0000381b  FPU_IRQHandler                
0000381b  HardFault_Handler             
0000381b  MemManage_Handler             
0000381b  NMI_Handler                   
0000381b  PCM_IRQHandler                
0000381b  PORT1_IRQHandler              
0000381b  PORT2_IRQHandler              
0000381b  PORT4_IRQHandler              
0000381b  PORT5_IRQHandler              
0000381b  PORT6_IRQHandler              
0000381b  PSS_IRQHandler                
0000381b  PendSV_Handler                
0000381b  RTC_C_IRQHandler              
0000381b  SVC_Handler                   
0000381b  SysTick_Handler               
0000381b  T32_INT1_IRQHandler           
0000381b  T32_INTC_IRQHandler           
0000381b  TA0_0_IRQHandler              
0000381b  TA0_N_IRQHandler              
0000381b  TA1_N_IRQHandler              
0000381b  TA2_0_IRQHandler              
0000381b  TA2_N_IRQHandler              
0000381b  TA3_0_IRQHandler              
0000381b  TA3_N_IRQHandler              
0000381b  UsageFault_Handler            
0000381b  WDT_A_IRQHandler              
0000381d  __aeabi_errno_addr            
00003825  _system_pre_init              
00003829  C$$EXIT                       
00003829  abort                         
00003a20  __TI_Handler_Table_Base       
00003a2c  __TI_Handler_Table_Limit      
00003a40  __TI_CINIT_Base               
00003a50  __TI_CINIT_Limit              
20000000  ch                            
20000060  angle                         
2000006c  offset                        
20000078  pid                           
20000084  prev                          
20000090  sum                           
2000009c  i2c_flag                      
2000009d  sample_flag                   
200000a0  errno                         
200000a4  SystemCoreClock               
2000fe00  __stack                       
20010000  __STACK_END                   
4000480c  WDTCTL_SYM                    
ffffffff  __TI_pprof_out_hndl           
ffffffff  __TI_prof_data_size           
ffffffff  __TI_prof_data_start          
ffffffff  __binit__                     
ffffffff  __c_args__                    
ffffffff  binit                         
UNDEFED   __mpu_init                    
UNDEFED   _system_post_cinit            

[149 symbols]
