******************************************************************************
                  TI ARM Linker PC v18.1.1                     
******************************************************************************
>> Linked Thu May 10 11:22:03 2018

OUTPUT FILE NAME:   <P5.out>
ENTRY POINT SYMBOL: "_c_int00_noargs"  address: 00000ad5


MEMORY CONFIGURATION

         name            origin    length      used     unused   attr    fill
----------------------  --------  ---------  --------  --------  ----  --------
  MAIN                  00000000   00040000  00000b50  0003f4b0  R  X
  INFO                  00200000   00004000  00000000  00004000  R  X
  SRAM_CODE             01000000   00010000  00000208  0000fdf8  RW X
  SRAM_DATA             20000000   00010000  00000208  0000fdf8  RW  


SEGMENT ALLOCATION MAP

run origin  load origin   length   init length attrs members
----------  ----------- ---------- ----------- ----- -------
00000000    00000000    00000b50   00000b50    r-x
  00000000    00000000    000000e4   000000e4    r-- .intvecs
  000000e4    000000e4    00000a4c   00000a4c    r-x .text
  00000b30    00000b30    00000020   00000020    r-- .cinit
20000000    20000000    00000008   00000000    rw-
  20000000    20000000    00000008   00000000    rw- .data
2000fe00    2000fe00    00000200   00000000    rw-
  2000fe00    2000fe00    00000200   00000000    rw- .stack


SECTION ALLOCATION MAP

 output                                  attributes/
section   page    origin      length       input sections
--------  ----  ----------  ----------   ----------------
.intvecs   0    00000000    000000e4     
                  00000000    000000e4     startup_msp432p401r_ccs.obj (.intvecs:retain)

.text      0    000000e4    00000a4c     
                  000000e4    00000334     system_msp432p401r.obj (.text)
                  00000418    00000214     lcd.obj (.text)
                  0000062c    00000138     main.obj (.text)
                  00000764    000000a0     uart.obj (.text)
                  00000804    0000009c     rtsv7M4_T_le_v4SPD16_eabi.lib : memcpy_t2.asm.obj (.text)
                  000008a0    00000098     delay.obj (.text)
                  00000938    00000084     adc.obj (.text)
                  000009bc    0000006c     led.obj (.text)
                  00000a28    00000068     rtsv7M4_T_le_v4SPD16_eabi.lib : copy_decompress_lzss.c.obj (.text:decompress:lzss:__TI_decompress_lzss)
                  00000a90    00000044                                   : autoinit.c.obj (.text:__TI_auto_init_nobinit_nopinit:__TI_auto_init_nobinit_nopinit)
                  00000ad4    00000038                                   : boot_cortex_m.c.obj (.text:_c_int00_noargs:_c_int00_noargs)
                  00000b0c    0000000e                                   : copy_decompress_none.c.obj (.text:decompress:none:__TI_decompress_none)
                  00000b1a    0000000e     startup_msp432p401r_ccs.obj (.text)
                  00000b28    00000004     rtsv7M4_T_le_v4SPD16_eabi.lib : pre_init.c.obj (.text:_system_pre_init)
                  00000b2c    00000004                                   : exit.c.obj (.text:abort:abort)

.cinit     0    00000b30    00000020     
                  00000b30    0000000d     (.cinit..data.load) [load image, compression = lzss]
                  00000b3d    00000003     --HOLE-- [fill = 0]
                  00000b40    00000008     (__TI_handler_table)
                  00000b48    00000008     (__TI_cinit_table)

.init_array 
*          0    00000000    00000000     UNINITIALIZED

.binit     0    00000000    00000000     

.data      0    20000000    00000008     UNINITIALIZED
                  20000000    00000004     main.obj (.data)
                  20000004    00000004     system_msp432p401r.obj (.data)

.stack     0    2000fe00    00000200     UNINITIALIZED
                  2000fe00    00000004     rtsv7M4_T_le_v4SPD16_eabi.lib : boot_cortex_m.c.obj (.stack)
                  2000fe04    000001fc     --HOLE--

MODULE SUMMARY

       Module                        code   ro data   rw data
       ------                        ----   -------   -------
    .\
       system_msp432p401r.obj        820    0         8      
       lcd.obj                       532    0         0      
       main.obj                      312    0         8      
       startup_msp432p401r_ccs.obj   14     228       0      
       uart.obj                      160    0         0      
       delay.obj                     152    0         0      
       adc.obj                       132    0         0      
       led.obj                       108    0         0      
    +--+-----------------------------+------+---------+---------+
       Total:                        2230   228       16     
                                                             
    C:\ti\ccsv8\tools\compiler\ti-cgt-arm_18.1.1.LTS\lib\rtsv7M4_T_le_v4SPD16_eabi.lib
       memcpy_t2.asm.obj             156    0         0      
       copy_decompress_lzss.c.obj    104    0         0      
       autoinit.c.obj                68     0         0      
       boot_cortex_m.c.obj           56     0         0      
       copy_decompress_none.c.obj    14     0         0      
       exit.c.obj                    4      0         0      
       pre_init.c.obj                4      0         0      
    +--+-----------------------------+------+---------+---------+
       Total:                        406    0         0      
                                                             
       Stack:                        0      0         1024   
       Linker Generated:             0      29        0      
    +--+-----------------------------+------+---------+---------+
       Grand Total:                  2636   257       1040   


LINKER GENERATED COPY TABLES

__TI_cinit_table @ 00000b48 records: 1, size/record: 8, table size: 8
	.data: load addr=00000b30, load size=0000000d bytes, run addr=20000000, run size=00000008 bytes, compression=lzss


LINKER GENERATED HANDLER TABLE

__TI_handler_table @ 00000b40 records: 2, size/record: 4, table size: 8
	index: 0, handler: __TI_decompress_lzss
	index: 1, handler: __TI_decompress_none


GLOBAL SYMBOLS: SORTED ALPHABETICALLY BY Name 

address   name                          
-------   ----                          
0000073d  ADC14_IRQHandler              
0000073d  ADC14_IRQHandler              
00000b27  AES256_IRQHandler             
00000b27  BusFault_Handler              
00000b2d  C$$EXIT                       
00000b27  COMP_E0_IRQHandler            
00000b27  COMP_E1_IRQHandler            
00000b27  CS_IRQHandler                 
00000b27  DMA_ERR_IRQHandler            
00000b27  DMA_INT0_IRQHandler           
00000b27  DMA_INT1_IRQHandler           
00000b27  DMA_INT2_IRQHandler           
00000b27  DMA_INT3_IRQHandler           
00000b27  DebugMon_Handler              
00000b27  Default_Handler               
00000b27  EUSCIA0_IRQHandler            
00000b27  EUSCIA1_IRQHandler            
00000b27  EUSCIA2_IRQHandler            
00000b27  EUSCIA3_IRQHandler            
00000b27  EUSCIB0_IRQHandler            
00000b27  EUSCIB1_IRQHandler            
00000b27  EUSCIB2_IRQHandler            
00000b27  EUSCIB3_IRQHandler            
00000b27  FLCTL_IRQHandler              
00000b27  FPU_IRQHandler                
00000b27  HardFault_Handler             
00000b27  MemManage_Handler             
00000b27  NMI_Handler                   
00000b27  PCM_IRQHandler                
00000b27  PORT1_IRQHandler              
00000b27  PORT2_IRQHandler              
00000b27  PORT3_IRQHandler              
00000b27  PORT4_IRQHandler              
00000b27  PORT5_IRQHandler              
00000b27  PORT6_IRQHandler              
00000b27  PSS_IRQHandler                
00000b27  PendSV_Handler                
00000b27  RTC_C_IRQHandler              
00000b1b  Reset_Handler                 
00000b27  SVC_Handler                   
00000b27  SysTick_Handler               
20000004  SystemCoreClock               
000000e5  SystemCoreClockUpdate         
0000035d  SystemInit                    
00000b27  T32_INT1_IRQHandler           
00000b27  T32_INT2_IRQHandler           
00000b27  T32_INTC_IRQHandler           
00000b27  TA0_0_IRQHandler              
00000b27  TA0_N_IRQHandler              
00000b27  TA1_0_IRQHandler              
00000b27  TA1_N_IRQHandler              
00000b27  TA2_0_IRQHandler              
00000b27  TA2_N_IRQHandler              
00000b27  TA3_0_IRQHandler              
00000b27  TA3_N_IRQHandler              
00000b27  UsageFault_Handler            
4000480c  WDTCTL_SYM                    
00000b27  WDT_A_IRQHandler              
20010000  __STACK_END                   
00000200  __STACK_SIZE                  
00000b48  __TI_CINIT_Base               
00000b50  __TI_CINIT_Limit              
00000b40  __TI_Handler_Table_Base       
00000b48  __TI_Handler_Table_Limit      
00000a91  __TI_auto_init_nobinit_nopinit
00000a29  __TI_decompress_lzss          
00000b0d  __TI_decompress_none          
ffffffff  __TI_pprof_out_hndl           
ffffffff  __TI_prof_data_size           
ffffffff  __TI_prof_data_start          
00000000  __TI_static_base__            
00000805  __aeabi_memcpy                
00000805  __aeabi_memcpy4               
00000805  __aeabi_memcpy8               
ffffffff  __binit__                     
ffffffff  __c_args__                    
UNDEFED   __mpu_init                    
2000fe00  __stack                       
00000ad5  _c_int00_noargs               
UNDEFED   _system_post_cinit            
00000b29  _system_pre_init              
00000b2d  abort                         
ffffffff  binit                         
00000a0b  blue_led                      
000004c1  clear_lcd                     
000008f9  delay_ms                      
000008d3  delay_us                      
20000000  flag                          
000009ff  green_led                     
000005c5  hold_lcd                      
000004f1  home_lcd                      
00000939  init_adc                      
000008a1  init_dco                      
00000489  init_lcd                      
000009bd  init_led                      
00000765  init_uart                     
00000000  interruptVectors              
0000062d  main                          
00000805  memcpy                        
0000096f  read_adc_mv                   
000009f3  red_led                       
000009e7  reset_led                     
000007c7  rx_uart                       
00000419  send_data                     
000005df  shift_lcd                     
000007ab  tx_uart                       
0000050b  write_char_lcd                
0000057b  write_int_lcd                 
00000555  write_string_lcd              


GLOBAL SYMBOLS: SORTED BY Symbol Address 

address   name                          
-------   ----                          
00000000  __TI_static_base__            
00000000  interruptVectors              
000000e5  SystemCoreClockUpdate         
00000200  __STACK_SIZE                  
0000035d  SystemInit                    
00000419  send_data                     
00000489  init_lcd                      
000004c1  clear_lcd                     
000004f1  home_lcd                      
0000050b  write_char_lcd                
00000555  write_string_lcd              
0000057b  write_int_lcd                 
000005c5  hold_lcd                      
000005df  shift_lcd                     
0000062d  main                          
0000073d  ADC14_IRQHandler              
0000073d  ADC14_IRQHandler              
00000765  init_uart                     
000007ab  tx_uart                       
000007c7  rx_uart                       
00000805  __aeabi_memcpy                
00000805  __aeabi_memcpy4               
00000805  __aeabi_memcpy8               
00000805  memcpy                        
000008a1  init_dco                      
000008d3  delay_us                      
000008f9  delay_ms                      
00000939  init_adc                      
0000096f  read_adc_mv                   
000009bd  init_led                      
000009e7  reset_led                     
000009f3  red_led                       
000009ff  green_led                     
00000a0b  blue_led                      
00000a29  __TI_decompress_lzss          
00000a91  __TI_auto_init_nobinit_nopinit
00000ad5  _c_int00_noargs               
00000b0d  __TI_decompress_none          
00000b1b  Reset_Handler                 
00000b27  AES256_IRQHandler             
00000b27  BusFault_Handler              
00000b27  COMP_E0_IRQHandler            
00000b27  COMP_E1_IRQHandler            
00000b27  CS_IRQHandler                 
00000b27  DMA_ERR_IRQHandler            
00000b27  DMA_INT0_IRQHandler           
00000b27  DMA_INT1_IRQHandler           
00000b27  DMA_INT2_IRQHandler           
00000b27  DMA_INT3_IRQHandler           
00000b27  DebugMon_Handler              
00000b27  Default_Handler               
00000b27  EUSCIA0_IRQHandler            
00000b27  EUSCIA1_IRQHandler            
00000b27  EUSCIA2_IRQHandler            
00000b27  EUSCIA3_IRQHandler            
00000b27  EUSCIB0_IRQHandler            
00000b27  EUSCIB1_IRQHandler            
00000b27  EUSCIB2_IRQHandler            
00000b27  EUSCIB3_IRQHandler            
00000b27  FLCTL_IRQHandler              
00000b27  FPU_IRQHandler                
00000b27  HardFault_Handler             
00000b27  MemManage_Handler             
00000b27  NMI_Handler                   
00000b27  PCM_IRQHandler                
00000b27  PORT1_IRQHandler              
00000b27  PORT2_IRQHandler              
00000b27  PORT3_IRQHandler              
00000b27  PORT4_IRQHandler              
00000b27  PORT5_IRQHandler              
00000b27  PORT6_IRQHandler              
00000b27  PSS_IRQHandler                
00000b27  PendSV_Handler                
00000b27  RTC_C_IRQHandler              
00000b27  SVC_Handler                   
00000b27  SysTick_Handler               
00000b27  T32_INT1_IRQHandler           
00000b27  T32_INT2_IRQHandler           
00000b27  T32_INTC_IRQHandler           
00000b27  TA0_0_IRQHandler              
00000b27  TA0_N_IRQHandler              
00000b27  TA1_0_IRQHandler              
00000b27  TA1_N_IRQHandler              
00000b27  TA2_0_IRQHandler              
00000b27  TA2_N_IRQHandler              
00000b27  TA3_0_IRQHandler              
00000b27  TA3_N_IRQHandler              
00000b27  UsageFault_Handler            
00000b27  WDT_A_IRQHandler              
00000b29  _system_pre_init              
00000b2d  C$$EXIT                       
00000b2d  abort                         
00000b40  __TI_Handler_Table_Base       
00000b48  __TI_CINIT_Base               
00000b48  __TI_Handler_Table_Limit      
00000b50  __TI_CINIT_Limit              
20000000  flag                          
20000004  SystemCoreClock               
2000fe00  __stack                       
20010000  __STACK_END                   
4000480c  WDTCTL_SYM                    
ffffffff  __TI_pprof_out_hndl           
ffffffff  __TI_prof_data_size           
ffffffff  __TI_prof_data_start          
ffffffff  __binit__                     
ffffffff  __c_args__                    
ffffffff  binit                         
UNDEFED   __mpu_init                    
UNDEFED   _system_post_cinit            

[109 symbols]
