******************************************************************************
                  TI ARM Linker PC v18.1.1                     
******************************************************************************
>> Linked Mon Jun  4 23:08:38 2018

OUTPUT FILE NAME:   <P5.out>
ENTRY POINT SYMBOL: "_c_int00_noargs"  address: 00003749


MEMORY CONFIGURATION

         name            origin    length      used     unused   attr    fill
----------------------  --------  ---------  --------  --------  ----  --------
  MAIN                  00000000   00040000  00003a58  0003c5a8  R  X
  INFO                  00200000   00004000  00000000  00004000  R  X
  SRAM_CODE             01000000   00010000  000002a6  0000fd5a  RW X
  SRAM_DATA             20000000   00010000  000002a6  0000fd5a  RW  


SEGMENT ALLOCATION MAP

run origin  load origin   length   init length attrs members
----------  ----------- ---------- ----------- ----- -------
00000000    00000000    00003a58   00003a58    r-x
  00000000    00000000    000000e4   000000e4    r-- .intvecs
  000000e4    000000e4    00003754   00003754    r-x .text
  00003838    00003838    000001f0   000001f0    r-- .const
  00003a28    00003a28    00000030   00000030    r-- .cinit
20000000    20000000    000000a8   00000000    rw-
  20000000    20000000    0000009e   00000000    rw- .bss
  200000a0    200000a0    00000008   00000000    rw- .data
2000fe00    2000fe00    00000200   00000000    rw-
  2000fe00    2000fe00    00000200   00000000    rw- .stack


SECTION ALLOCATION MAP

 output                                  attributes/
section   page    origin      length       input sections
--------  ----  ----------  ----------   ----------------
.intvecs   0    00000000    000000e4     
                  00000000    000000e4     startup_msp432p401r_ccs.obj (.intvecs:retain)

.text      0    000000e4    00003754     
                  000000e4    00001170     main.obj (.text)
                  00001254    00000738     rtsv7M4_T_le_v4SPD16_eabi.lib : k_rem_pio2.c.obj (.text:__kernel_rem_pio2)
                  0000198c    000005c4                                   : s_sin.c.obj (.text:sin)
                  00001f50    00000334     system_msp432p401r.obj (.text)
                  00002284    000002ec     rtsv7M4_T_le_v4SPD16_eabi.lib : s_atan.c.obj (.text:atan)
                  00002570    000001ec                                   : e_atan2.c.obj (.text:atan2)
                  0000275c    000001b6                                   : fd_add_t2.asm.obj (.text)
                  00002912    00000002     --HOLE-- [fill = 0]
                  00002914    00000174                                   : k_sin.c.obj (.text:__kernel_sin)
                  00002a88    0000016c                                   : k_cos.c.obj (.text:__kernel_cos)
                  00002bf4    00000158                                   : e_sqrt.c.obj (.text:sqrt)
                  00002d4c    00000136                                   : fd_div_t2.asm.obj (.text)
                  00002e82    00000002     --HOLE-- [fill = 0]
                  00002e84    00000110                                   : s_scalbn.c.obj (.text:scalbn)
                  00002f94    000000fc                                   : fd_mul_t2.asm.obj (.text)
                  00003090    000000f8                                   : s_floor.c.obj (.text:floor)
                  00003188    000000a0     delay.obj (.text)
                  00003228    000000a0     esc.obj (.text)
                  000032c8    0000009c     imu.obj (.text)
                  00003364    0000009c     rtsv7M4_T_le_v4SPD16_eabi.lib : memcpy_t2.asm.obj (.text)
                  00003400    00000086                                   : fd_cmp_t2.asm.obj (.text:__aeabi_cdcmple)
                  00003486    00000086                                   : fd_cmp_t2.asm.obj (.text:__aeabi_cdrcmple)
                  0000350c    0000006e                                   : fd_tos_t2.asm.obj (.text)
                  0000357a    00000002     --HOLE-- [fill = 0]
                  0000357c    0000006c     led.obj (.text)
                  000035e8    0000006c     rc.obj (.text)
                  00003654    00000068     rtsv7M4_T_le_v4SPD16_eabi.lib : copy_decompress_lzss.c.obj (.text:decompress:lzss:__TI_decompress_lzss)
                  000036bc    00000048                                   : fd_toi_t2.asm.obj (.text)
                  00003704    00000044                                   : autoinit.c.obj (.text:__TI_auto_init_nobinit_nopinit:__TI_auto_init_nobinit_nopinit)
                  00003748    00000038                                   : boot_cortex_m.c.obj (.text:_c_int00_noargs:_c_int00_noargs)
                  00003780    00000038                                   : fs_tod_t2.asm.obj (.text)
                  000037b8    0000002e                                   : i_tofd_t2.asm.obj (.text)
                  000037e6    00000014                                   : s_copysign.c.obj (.text:copysign)
                  000037fa    00000012                                   : copy_zero_init.c.obj (.text:decompress:ZI:__TI_zero_init_nomemset:__TI_zero_init_nomemset)
                  0000380c    0000000e                                   : copy_decompress_none.c.obj (.text:decompress:none:__TI_decompress_none)
                  0000381a    0000000e     startup_msp432p401r_ccs.obj (.text)
                  00003828    00000008     rtsv7M4_T_le_v4SPD16_eabi.lib : errno.c.obj (.text:__aeabi_errno_addr)
                  00003830    00000004                                   : pre_init.c.obj (.text:_system_pre_init)
                  00003834    00000004                                   : exit.c.obj (.text:abort:abort)

.const     0    00003838    000001f0     
                  00003838    00000158     rtsv7M4_T_le_v4SPD16_eabi.lib : k_rem_pio2.c.obj (.const:$O1$$)
                  00003990    00000098                                   : s_atan.c.obj (.const:$O1$$)

.cinit     0    00003a28    00000030     
                  00003a28    0000000c     (__TI_handler_table)
                  00003a34    0000000b     (.cinit..data.load) [load image, compression = lzss]
                  00003a3f    00000001     --HOLE-- [fill = 0]
                  00003a40    00000008     (.cinit..bss.load) [load image, compression = zero_init]
                  00003a48    00000010     (__TI_cinit_table)

.init_array 
*          0    00000000    00000000     UNINITIALIZED

.binit     0    00000000    00000000     

.bss       0    20000000    0000009e     UNINITIALIZED
                  20000000    00000060     (.common:ch)
                  20000060    0000000c     (.common:angle)
                  2000006c    0000000c     (.common:offset)
                  20000078    0000000c     (.common:pid)
                  20000084    0000000c     (.common:prev)
                  20000090    0000000c     (.common:sum)
                  2000009c    00000001     (.common:i2c_flag)
                  2000009d    00000001     (.common:sample_flag)

.data      0    200000a0    00000008     UNINITIALIZED
                  200000a0    00000004     rtsv7M4_T_le_v4SPD16_eabi.lib : errno.c.obj (.data)
                  200000a4    00000004     system_msp432p401r.obj (.data)

.stack     0    2000fe00    00000200     UNINITIALIZED
                  2000fe00    00000004     rtsv7M4_T_le_v4SPD16_eabi.lib : boot_cortex_m.c.obj (.stack)
                  2000fe04    000001fc     --HOLE--

MODULE SUMMARY

       Module                        code    ro data   rw data
       ------                        ----    -------   -------
    .\
       main.obj                      4464    0         316    
       system_msp432p401r.obj        820     0         8      
       startup_msp432p401r_ccs.obj   14      228       0      
       delay.obj                     160     0         0      
       esc.obj                       160     0         0      
       imu.obj                       156     0         0      
       led.obj                       108     0         0      
       rc.obj                        108     0         0      
    +--+-----------------------------+-------+---------+---------+
       Total:                        5990    228       324    
                                                              
    C:\ti\ccsv8\tools\compiler\ti-cgt-arm_18.1.1.LTS\lib\rtsv7M4_T_le_v4SPD16_eabi.lib
       k_rem_pio2.c.obj              1848    344       0      
       s_sin.c.obj                   1476    0         0      
       s_atan.c.obj                  748     152       0      
       e_atan2.c.obj                 492     0         0      
       fd_add_t2.asm.obj             438     0         0      
       k_sin.c.obj                   372     0         0      
       k_cos.c.obj                   364     0         0      
       e_sqrt.c.obj                  344     0         0      
       fd_div_t2.asm.obj             310     0         0      
       s_scalbn.c.obj                272     0         0      
       fd_cmp_t2.asm.obj             268     0         0      
       fd_mul_t2.asm.obj             252     0         0      
       s_floor.c.obj                 248     0         0      
       memcpy_t2.asm.obj             156     0         0      
       fd_tos_t2.asm.obj             110     0         0      
       copy_decompress_lzss.c.obj    104     0         0      
       fd_toi_t2.asm.obj             72      0         0      
       autoinit.c.obj                68      0         0      
       boot_cortex_m.c.obj           56      0         0      
       fs_tod_t2.asm.obj             56      0         0      
       i_tofd_t2.asm.obj             46      0         0      
       s_copysign.c.obj              20      0         0      
       copy_zero_init.c.obj          18      0         0      
       errno.c.obj                   8       0         8      
       copy_decompress_none.c.obj    14      0         0      
       exit.c.obj                    4       0         0      
       pre_init.c.obj                4       0         0      
    +--+-----------------------------+-------+---------+---------+
       Total:                        8168    496       8      
                                                              
       Stack:                        0       0         1024   
       Linker Generated:             0       47        0      
    +--+-----------------------------+-------+---------+---------+
       Grand Total:                  14158   771       1356   


LINKER GENERATED COPY TABLES

__TI_cinit_table @ 00003a48 records: 2, size/record: 8, table size: 16
	.data: load addr=00003a34, load size=0000000b bytes, run addr=200000a0, run size=00000008 bytes, compression=lzss
	.bss: load addr=00003a40, load size=00000008 bytes, run addr=20000000, run size=0000009e bytes, compression=zero_init


LINKER GENERATED HANDLER TABLE

__TI_handler_table @ 00003a28 records: 3, size/record: 4, table size: 12
	index: 0, handler: __TI_decompress_lzss
	index: 1, handler: __TI_decompress_none
	index: 2, handler: __TI_zero_init


GLOBAL SYMBOLS: SORTED ALPHABETICALLY BY Name 

address   name                          
-------   ----                          
0000115d  ADC14_IRQHandler              
0000115d  ADC14_IRQHandler              
00003827  AES256_IRQHandler             
00003827  BusFault_Handler              
00003835  C$$EXIT                       
00003827  COMP_E0_IRQHandler            
00003827  COMP_E1_IRQHandler            
00003827  CS_IRQHandler                 
00003827  DMA_ERR_IRQHandler            
00003827  DMA_INT0_IRQHandler           
00003827  DMA_INT1_IRQHandler           
00003827  DMA_INT2_IRQHandler           
00003827  DMA_INT3_IRQHandler           
00003827  DebugMon_Handler              
00003827  Default_Handler               
00003827  EUSCIA0_IRQHandler            
00003827  EUSCIA1_IRQHandler            
00003827  EUSCIA2_IRQHandler            
00003827  EUSCIA3_IRQHandler            
00001115  EUSCIB0_IRQHandler            
00001115  EUSCIB0_IRQHandler            
00003827  EUSCIB1_IRQHandler            
00003827  EUSCIB2_IRQHandler            
00003827  EUSCIB3_IRQHandler            
00003827  FLCTL_IRQHandler              
00003827  FPU_IRQHandler                
00003827  HardFault_Handler             
00003827  MemManage_Handler             
00003827  NMI_Handler                   
00003827  PCM_IRQHandler                
00003827  PORT1_IRQHandler              
00003827  PORT2_IRQHandler              
00000e99  PORT3_IRQHandler              
00000e99  PORT3_IRQHandler              
00003827  PORT4_IRQHandler              
00003827  PORT5_IRQHandler              
00003827  PORT6_IRQHandler              
00003827  PSS_IRQHandler                
00003827  PendSV_Handler                
00003827  RTC_C_IRQHandler              
0000381b  Reset_Handler                 
00003827  SVC_Handler                   
00003827  SysTick_Handler               
200000a4  SystemCoreClock               
00001f51  SystemCoreClockUpdate         
000021c9  SystemInit                    
00003827  T32_INT1_IRQHandler           
000011c5  T32_INT2_IRQHandler           
000011c5  T32_INT2_IRQHandler           
00003827  T32_INTC_IRQHandler           
00003827  TA0_0_IRQHandler              
00003827  TA0_N_IRQHandler              
00001147  TA1_0_IRQHandler              
00001147  TA1_0_IRQHandler              
00003827  TA1_N_IRQHandler              
00003827  TA2_0_IRQHandler              
00003827  TA2_N_IRQHandler              
00003827  TA3_0_IRQHandler              
00003827  TA3_N_IRQHandler              
00003827  UsageFault_Handler            
4000480c  WDTCTL_SYM                    
00003827  WDT_A_IRQHandler              
20010000  __STACK_END                   
00000200  __STACK_SIZE                  
00003a48  __TI_CINIT_Base               
00003a58  __TI_CINIT_Limit              
00003a28  __TI_Handler_Table_Base       
00003a34  __TI_Handler_Table_Limit      
00003705  __TI_auto_init_nobinit_nopinit
00003655  __TI_decompress_lzss          
0000380d  __TI_decompress_none          
ffffffff  __TI_pprof_out_hndl           
ffffffff  __TI_prof_data_size           
ffffffff  __TI_prof_data_start          
00000000  __TI_static_base__            
000037fb  __TI_zero_init_nomemset       
00003401  __aeabi_cdcmpeq               
00003401  __aeabi_cdcmple               
00003487  __aeabi_cdrcmple              
0000350d  __aeabi_d2f                   
000036bd  __aeabi_d2iz                  
00002767  __aeabi_dadd                  
00002d4d  __aeabi_ddiv                  
00002f95  __aeabi_dmul                  
0000275d  __aeabi_dsub                  
00003829  __aeabi_errno_addr            
00003781  __aeabi_f2d                   
000037b9  __aeabi_i2d                   
00003365  __aeabi_memcpy                
00003365  __aeabi_memcpy4               
00003365  __aeabi_memcpy8               
ffffffff  __binit__                     
ffffffff  __c_args__                    
00002a89  __kernel_cos                  
00001255  __kernel_rem_pio2             
00002915  __kernel_sin                  
UNDEFED   __mpu_init                    
2000fe00  __stack                       
00003749  _c_int00_noargs               
UNDEFED   _system_post_cinit            
00003831  _system_pre_init              
00003835  abort                         
20000060  angle                         
00000339  angle_calc                    
00002285  atan                          
00002571  atan2                         
00002571  atan2l                        
00002285  atanl                         
ffffffff  binit                         
000035cb  blue_led                      
20000000  ch                            
000037e7  copysign                      
000037e7  copysignl                     
000031e9  delay_ms                      
000031bb  delay_us                      
200000a0  errno                         
00003091  floor                         
00003091  floorl                        
000035bf  green_led                     
2000009c  i2c_flag                      
0000012d  i2c_read                      
000001af  i2c_write                     
00000b0d  init                          
00003189  init_dco                      
00003229  init_esc                      
000032c9  init_imu                      
0000357d  init_led                      
000035e9  init_rc                       
00000217  input_calc                    
00000000  interruptVectors              
00002e85  ldexp                         
00002e85  ldexpl                        
00000c99  main                          
00003365  memcpy                        
2000006c  offset                        
20000078  pid                           
000007bd  pid_calc                      
20000084  prev                          
000035b3  red_led                       
000035a7  reset_led                     
2000009d  sample_flag                   
000000e5  saturate                      
00002e85  scalbn                        
00002e85  scalbnl                       
0000198d  sin                           
0000198d  sinl                          
00002bf5  sqrt                          
00002bf5  sqrtl                         
20000090  sum                           


GLOBAL SYMBOLS: SORTED BY Symbol Address 

address   name                          
-------   ----                          
00000000  __TI_static_base__            
00000000  interruptVectors              
000000e5  saturate                      
0000012d  i2c_read                      
000001af  i2c_write                     
00000200  __STACK_SIZE                  
00000217  input_calc                    
00000339  angle_calc                    
000007bd  pid_calc                      
00000b0d  init                          
00000c99  main                          
00000e99  PORT3_IRQHandler              
00000e99  PORT3_IRQHandler              
00001115  EUSCIB0_IRQHandler            
00001115  EUSCIB0_IRQHandler            
00001147  TA1_0_IRQHandler              
00001147  TA1_0_IRQHandler              
0000115d  ADC14_IRQHandler              
0000115d  ADC14_IRQHandler              
000011c5  T32_INT2_IRQHandler           
000011c5  T32_INT2_IRQHandler           
00001255  __kernel_rem_pio2             
0000198d  sin                           
0000198d  sinl                          
00001f51  SystemCoreClockUpdate         
000021c9  SystemInit                    
00002285  atan                          
00002285  atanl                         
00002571  atan2                         
00002571  atan2l                        
0000275d  __aeabi_dsub                  
00002767  __aeabi_dadd                  
00002915  __kernel_sin                  
00002a89  __kernel_cos                  
00002bf5  sqrt                          
00002bf5  sqrtl                         
00002d4d  __aeabi_ddiv                  
00002e85  ldexp                         
00002e85  ldexpl                        
00002e85  scalbn                        
00002e85  scalbnl                       
00002f95  __aeabi_dmul                  
00003091  floor                         
00003091  floorl                        
00003189  init_dco                      
000031bb  delay_us                      
000031e9  delay_ms                      
00003229  init_esc                      
000032c9  init_imu                      
00003365  __aeabi_memcpy                
00003365  __aeabi_memcpy4               
00003365  __aeabi_memcpy8               
00003365  memcpy                        
00003401  __aeabi_cdcmpeq               
00003401  __aeabi_cdcmple               
00003487  __aeabi_cdrcmple              
0000350d  __aeabi_d2f                   
0000357d  init_led                      
000035a7  reset_led                     
000035b3  red_led                       
000035bf  green_led                     
000035cb  blue_led                      
000035e9  init_rc                       
00003655  __TI_decompress_lzss          
000036bd  __aeabi_d2iz                  
00003705  __TI_auto_init_nobinit_nopinit
00003749  _c_int00_noargs               
00003781  __aeabi_f2d                   
000037b9  __aeabi_i2d                   
000037e7  copysign                      
000037e7  copysignl                     
000037fb  __TI_zero_init_nomemset       
0000380d  __TI_decompress_none          
0000381b  Reset_Handler                 
00003827  AES256_IRQHandler             
00003827  BusFault_Handler              
00003827  COMP_E0_IRQHandler            
00003827  COMP_E1_IRQHandler            
00003827  CS_IRQHandler                 
00003827  DMA_ERR_IRQHandler            
00003827  DMA_INT0_IRQHandler           
00003827  DMA_INT1_IRQHandler           
00003827  DMA_INT2_IRQHandler           
00003827  DMA_INT3_IRQHandler           
00003827  DebugMon_Handler              
00003827  Default_Handler               
00003827  EUSCIA0_IRQHandler            
00003827  EUSCIA1_IRQHandler            
00003827  EUSCIA2_IRQHandler            
00003827  EUSCIA3_IRQHandler            
00003827  EUSCIB1_IRQHandler            
00003827  EUSCIB2_IRQHandler            
00003827  EUSCIB3_IRQHandler            
00003827  FLCTL_IRQHandler              
00003827  FPU_IRQHandler                
00003827  HardFault_Handler             
00003827  MemManage_Handler             
00003827  NMI_Handler                   
00003827  PCM_IRQHandler                
00003827  PORT1_IRQHandler              
00003827  PORT2_IRQHandler              
00003827  PORT4_IRQHandler              
00003827  PORT5_IRQHandler              
00003827  PORT6_IRQHandler              
00003827  PSS_IRQHandler                
00003827  PendSV_Handler                
00003827  RTC_C_IRQHandler              
00003827  SVC_Handler                   
00003827  SysTick_Handler               
00003827  T32_INT1_IRQHandler           
00003827  T32_INTC_IRQHandler           
00003827  TA0_0_IRQHandler              
00003827  TA0_N_IRQHandler              
00003827  TA1_N_IRQHandler              
00003827  TA2_0_IRQHandler              
00003827  TA2_N_IRQHandler              
00003827  TA3_0_IRQHandler              
00003827  TA3_N_IRQHandler              
00003827  UsageFault_Handler            
00003827  WDT_A_IRQHandler              
00003829  __aeabi_errno_addr            
00003831  _system_pre_init              
00003835  C$$EXIT                       
00003835  abort                         
00003a28  __TI_Handler_Table_Base       
00003a34  __TI_Handler_Table_Limit      
00003a48  __TI_CINIT_Base               
00003a58  __TI_CINIT_Limit              
20000000  ch                            
20000060  angle                         
2000006c  offset                        
20000078  pid                           
20000084  prev                          
20000090  sum                           
2000009c  i2c_flag                      
2000009d  sample_flag                   
200000a0  errno                         
200000a4  SystemCoreClock               
2000fe00  __stack                       
20010000  __STACK_END                   
4000480c  WDTCTL_SYM                    
ffffffff  __TI_pprof_out_hndl           
ffffffff  __TI_prof_data_size           
ffffffff  __TI_prof_data_start          
ffffffff  __binit__                     
ffffffff  __c_args__                    
ffffffff  binit                         
UNDEFED   __mpu_init                    
UNDEFED   _system_post_cinit            

[149 symbols]
