******************************************************************************
                  TI ARM Linker PC v18.1.1                     
******************************************************************************
>> Linked Wed Jun  6 16:30:00 2018

OUTPUT FILE NAME:   <P5.out>
ENTRY POINT SYMBOL: "_c_int00_noargs"  address: 000038b5


MEMORY CONFIGURATION

         name            origin    length      used     unused   attr    fill
----------------------  --------  ---------  --------  --------  ----  --------
  MAIN                  00000000   00040000  00003be4  0003c41c  R  X
  INFO                  00200000   00004000  00000000  00004000  R  X
  SRAM_CODE             01000000   00010000  000002b6  0000fd4a  RW X
  SRAM_DATA             20000000   00010000  000002b6  0000fd4a  RW  


SEGMENT ALLOCATION MAP

run origin  load origin   length   init length attrs members
----------  ----------- ---------- ----------- ----- -------
00000000    00000000    00003be8   00003be8    r-x
  00000000    00000000    000000e4   000000e4    r-- .intvecs
  000000e4    000000e4    000038e0   000038e0    r-x .text
  000039c8    000039c8    000001f0   000001f0    r-- .const
  00003bb8    00003bb8    00000030   00000030    r-- .cinit
20000000    20000000    000000b8   00000000    rw-
  20000000    20000000    000000ae   00000000    rw- .bss
  200000b0    200000b0    00000008   00000000    rw- .data
2000fe00    2000fe00    00000200   00000000    rw-
  2000fe00    2000fe00    00000200   00000000    rw- .stack


SECTION ALLOCATION MAP

 output                                  attributes/
section   page    origin      length       input sections
--------  ----  ----------  ----------   ----------------
.intvecs   0    00000000    000000e4     
                  00000000    000000e4     startup_msp432p401r_ccs.obj (.intvecs:retain)

.text      0    000000e4    000038e0     
                  000000e4    0000127c     main.obj (.text)
                  00001360    00000738     rtsv7M4_T_le_v4SPD16_eabi.lib : k_rem_pio2.c.obj (.text:__kernel_rem_pio2)
                  00001a98    000005c4                                   : s_sin.c.obj (.text:sin)
                  0000205c    00000334     system_msp432p401r.obj (.text)
                  00002390    000002ec     rtsv7M4_T_le_v4SPD16_eabi.lib : s_atan.c.obj (.text:atan)
                  0000267c    000001ec                                   : e_atan2.c.obj (.text:atan2)
                  00002868    000001b6                                   : fd_add_t2.asm.obj (.text)
                  00002a1e    00000002     --HOLE-- [fill = 0]
                  00002a20    00000174                                   : k_sin.c.obj (.text:__kernel_sin)
                  00002b94    0000016c                                   : k_cos.c.obj (.text:__kernel_cos)
                  00002d00    00000158                                   : e_sqrt.c.obj (.text:sqrt)
                  00002e58    00000136                                   : fd_div_t2.asm.obj (.text)
                  00002f8e    00000002     --HOLE-- [fill = 0]
                  00002f90    00000110                                   : s_scalbn.c.obj (.text:scalbn)
                  000030a0    000000fc                                   : fd_mul_t2.asm.obj (.text)
                  0000319c    000000f8                                   : s_floor.c.obj (.text:floor)
                  00003294    000000a0     delay.obj (.text)
                  00003334    000000a0     esc.obj (.text)
                  000033d4    0000009c     imu.obj (.text)
                  00003470    0000009c     rtsv7M4_T_le_v4SPD16_eabi.lib : memcpy_t2.asm.obj (.text)
                  0000350c    00000090     battery.obj (.text)
                  0000359c    00000086     rtsv7M4_T_le_v4SPD16_eabi.lib : fd_cmp_t2.asm.obj (.text:__aeabi_cdcmple)
                  00003622    00000086                                   : fd_cmp_t2.asm.obj (.text:__aeabi_cdrcmple)
                  000036a8    0000006e                                   : fd_tos_t2.asm.obj (.text)
                  00003716    00000002     --HOLE-- [fill = 0]
                  00003718    0000006c     rc.obj (.text)
                  00003784    00000068     rtsv7M4_T_le_v4SPD16_eabi.lib : copy_decompress_lzss.c.obj (.text:decompress:lzss:__TI_decompress_lzss)
                  000037ec    00000048                                   : fd_toi_t2.asm.obj (.text)
                  00003834    00000044                                   : autoinit.c.obj (.text:__TI_auto_init_nobinit_nopinit:__TI_auto_init_nobinit_nopinit)
                  00003878    0000003c     led.obj (.text)
                  000038b4    00000038     rtsv7M4_T_le_v4SPD16_eabi.lib : boot_cortex_m.c.obj (.text:_c_int00_noargs:_c_int00_noargs)
                  000038ec    00000038                                   : fs_tod_t2.asm.obj (.text)
                  00003924    0000002e                                   : i_tofd_t2.asm.obj (.text)
                  00003952    00000020                                   : u_tofd_t2.asm.obj (.text)
                  00003972    00000014                                   : s_copysign.c.obj (.text:copysign)
                  00003986    00000012                                   : copy_zero_init.c.obj (.text:decompress:ZI:__TI_zero_init_nomemset:__TI_zero_init_nomemset)
                  00003998    0000000e                                   : copy_decompress_none.c.obj (.text:decompress:none:__TI_decompress_none)
                  000039a6    0000000e     startup_msp432p401r_ccs.obj (.text)
                  000039b4    00000008     rtsv7M4_T_le_v4SPD16_eabi.lib : errno.c.obj (.text:__aeabi_errno_addr)
                  000039bc    00000004                                   : pre_init.c.obj (.text:_system_pre_init)
                  000039c0    00000004                                   : exit.c.obj (.text:abort:abort)

.const     0    000039c8    000001f0     
                  000039c8    00000158     rtsv7M4_T_le_v4SPD16_eabi.lib : k_rem_pio2.c.obj (.const:$O1$$)
                  00003b20    00000098                                   : s_atan.c.obj (.const:$O1$$)

.cinit     0    00003bb8    00000030     
                  00003bb8    0000000c     (__TI_handler_table)
                  00003bc4    0000000b     (.cinit..data.load) [load image, compression = lzss]
                  00003bcf    00000001     --HOLE-- [fill = 0]
                  00003bd0    00000008     (.cinit..bss.load) [load image, compression = zero_init]
                  00003bd8    00000010     (__TI_cinit_table)

.init_array 
*          0    00000000    00000000     UNINITIALIZED

.binit     0    00000000    00000000     

.bss       0    20000000    000000ae     UNINITIALIZED
                  20000000    00000060     (.common:ch)
                  20000060    00000010     (.common:esc)
                  20000070    0000000c     (.common:angle)
                  2000007c    0000000c     (.common:offset)
                  20000088    0000000c     (.common:pid)
                  20000094    0000000c     (.common:prev)
                  200000a0    0000000c     (.common:sum)
                  200000ac    00000001     (.common:i2c_flag)
                  200000ad    00000001     (.common:sample_flag)

.data      0    200000b0    00000008     UNINITIALIZED
                  200000b0    00000004     rtsv7M4_T_le_v4SPD16_eabi.lib : errno.c.obj (.data)
                  200000b4    00000004     system_msp432p401r.obj (.data)

.stack     0    2000fe00    00000200     UNINITIALIZED
                  2000fe00    00000004     rtsv7M4_T_le_v4SPD16_eabi.lib : boot_cortex_m.c.obj (.stack)
                  2000fe04    000001fc     --HOLE--

MODULE SUMMARY

       Module                        code    ro data   rw data
       ------                        ----    -------   -------
    .\
       main.obj                      4732    0         348    
       system_msp432p401r.obj        820     0         8      
       startup_msp432p401r_ccs.obj   14      228       0      
       delay.obj                     160     0         0      
       esc.obj                       160     0         0      
       imu.obj                       156     0         0      
       battery.obj                   144     0         0      
       rc.obj                        108     0         0      
       led.obj                       60      0         0      
    +--+-----------------------------+-------+---------+---------+
       Total:                        6354    228       356    
                                                              
    C:\ti\ccsv8\tools\compiler\ti-cgt-arm_18.1.1.LTS\lib\rtsv7M4_T_le_v4SPD16_eabi.lib
       k_rem_pio2.c.obj              1848    344       0      
       s_sin.c.obj                   1476    0         0      
       s_atan.c.obj                  748     152       0      
       e_atan2.c.obj                 492     0         0      
       fd_add_t2.asm.obj             438     0         0      
       k_sin.c.obj                   372     0         0      
       k_cos.c.obj                   364     0         0      
       e_sqrt.c.obj                  344     0         0      
       fd_div_t2.asm.obj             310     0         0      
       s_scalbn.c.obj                272     0         0      
       fd_cmp_t2.asm.obj             268     0         0      
       fd_mul_t2.asm.obj             252     0         0      
       s_floor.c.obj                 248     0         0      
       memcpy_t2.asm.obj             156     0         0      
       fd_tos_t2.asm.obj             110     0         0      
       copy_decompress_lzss.c.obj    104     0         0      
       fd_toi_t2.asm.obj             72      0         0      
       autoinit.c.obj                68      0         0      
       boot_cortex_m.c.obj           56      0         0      
       fs_tod_t2.asm.obj             56      0         0      
       i_tofd_t2.asm.obj             46      0         0      
       u_tofd_t2.asm.obj             32      0         0      
       s_copysign.c.obj              20      0         0      
       copy_zero_init.c.obj          18      0         0      
       errno.c.obj                   8       0         8      
       copy_decompress_none.c.obj    14      0         0      
       exit.c.obj                    4       0         0      
       pre_init.c.obj                4       0         0      
    +--+-----------------------------+-------+---------+---------+
       Total:                        8200    496       8      
                                                              
       Stack:                        0       0         1024   
       Linker Generated:             0       47        0      
    +--+-----------------------------+-------+---------+---------+
       Grand Total:                  14554   771       1388   


LINKER GENERATED COPY TABLES

__TI_cinit_table @ 00003bd8 records: 2, size/record: 8, table size: 16
	.data: load addr=00003bc4, load size=0000000b bytes, run addr=200000b0, run size=00000008 bytes, compression=lzss
	.bss: load addr=00003bd0, load size=00000008 bytes, run addr=20000000, run size=000000ae bytes, compression=zero_init


LINKER GENERATED HANDLER TABLE

__TI_handler_table @ 00003bb8 records: 3, size/record: 4, table size: 12
	index: 0, handler: __TI_decompress_lzss
	index: 1, handler: __TI_decompress_none
	index: 2, handler: __TI_zero_init


GLOBAL SYMBOLS: SORTED ALPHABETICALLY BY Name 

address   name                          
-------   ----                          
0000122d  ADC14_IRQHandler              
0000122d  ADC14_IRQHandler              
000039b3  AES256_IRQHandler             
000039b3  BusFault_Handler              
000039c1  C$$EXIT                       
000039b3  COMP_E0_IRQHandler            
000039b3  COMP_E1_IRQHandler            
000039b3  CS_IRQHandler                 
000039b3  DMA_ERR_IRQHandler            
000039b3  DMA_INT0_IRQHandler           
000039b3  DMA_INT1_IRQHandler           
000039b3  DMA_INT2_IRQHandler           
000039b3  DMA_INT3_IRQHandler           
000039b3  DebugMon_Handler              
000039b3  Default_Handler               
000039b3  EUSCIA0_IRQHandler            
000039b3  EUSCIA1_IRQHandler            
000039b3  EUSCIA2_IRQHandler            
000039b3  EUSCIA3_IRQHandler            
000011c9  EUSCIB0_IRQHandler            
000011c9  EUSCIB0_IRQHandler            
000039b3  EUSCIB1_IRQHandler            
000039b3  EUSCIB2_IRQHandler            
000039b3  EUSCIB3_IRQHandler            
000039b3  FLCTL_IRQHandler              
000039b3  FPU_IRQHandler                
000039b3  HardFault_Handler             
000039b3  MemManage_Handler             
000039b3  NMI_Handler                   
000039b3  PCM_IRQHandler                
000039b3  PORT1_IRQHandler              
000039b3  PORT2_IRQHandler              
00000f49  PORT3_IRQHandler              
00000f49  PORT3_IRQHandler              
000039b3  PORT4_IRQHandler              
000039b3  PORT5_IRQHandler              
000039b3  PORT6_IRQHandler              
000039b3  PSS_IRQHandler                
000039b3  PendSV_Handler                
000039b3  RTC_C_IRQHandler              
000039a7  Reset_Handler                 
000039b3  SVC_Handler                   
000039b3  SysTick_Handler               
200000b4  SystemCoreClock               
0000205d  SystemCoreClockUpdate         
000022d5  SystemInit                    
000039b3  T32_INT1_IRQHandler           
000039b3  T32_INT2_IRQHandler           
000039b3  T32_INTC_IRQHandler           
000039b3  TA0_0_IRQHandler              
000039b3  TA0_N_IRQHandler              
000011fb  TA1_0_IRQHandler              
000011fb  TA1_0_IRQHandler              
000039b3  TA1_N_IRQHandler              
000039b3  TA2_0_IRQHandler              
000039b3  TA2_N_IRQHandler              
000039b3  TA3_0_IRQHandler              
000039b3  TA3_N_IRQHandler              
000039b3  UsageFault_Handler            
4000480c  WDTCTL_SYM                    
000039b3  WDT_A_IRQHandler              
20010000  __STACK_END                   
00000200  __STACK_SIZE                  
00003bd8  __TI_CINIT_Base               
00003be8  __TI_CINIT_Limit              
00003bb8  __TI_Handler_Table_Base       
00003bc4  __TI_Handler_Table_Limit      
00003835  __TI_auto_init_nobinit_nopinit
00003785  __TI_decompress_lzss          
00003999  __TI_decompress_none          
ffffffff  __TI_pprof_out_hndl           
ffffffff  __TI_prof_data_size           
ffffffff  __TI_prof_data_start          
00000000  __TI_static_base__            
00003987  __TI_zero_init_nomemset       
0000359d  __aeabi_cdcmpeq               
0000359d  __aeabi_cdcmple               
00003623  __aeabi_cdrcmple              
000036a9  __aeabi_d2f                   
000037ed  __aeabi_d2iz                  
00002873  __aeabi_dadd                  
00002e59  __aeabi_ddiv                  
000030a1  __aeabi_dmul                  
00002869  __aeabi_dsub                  
000039b5  __aeabi_errno_addr            
000038ed  __aeabi_f2d                   
00003925  __aeabi_i2d                   
00003471  __aeabi_memcpy                
00003471  __aeabi_memcpy4               
00003471  __aeabi_memcpy8               
00003953  __aeabi_ui2d                  
ffffffff  __binit__                     
ffffffff  __c_args__                    
00002b95  __kernel_cos                  
00001361  __kernel_rem_pio2             
00002a21  __kernel_sin                  
UNDEFED   __mpu_init                    
2000fe00  __stack                       
000038b5  _c_int00_noargs               
UNDEFED   _system_post_cinit            
000039bd  _system_pre_init              
000039c1  abort                         
20000070  angle                         
00000399  angle_calc                    
00002391  atan                          
0000267d  atan2                         
0000267d  atan2l                        
00002391  atanl                         
ffffffff  binit                         
20000000  ch                            
00003973  copysign                      
00003973  copysignl                     
000032f5  delay_ms                      
000032c7  delay_us                      
200000b0  errno                         
20000060  esc                           
0000319d  floor                         
0000319d  floorl                        
200000ac  i2c_flag                      
0000012d  i2c_read                      
000001af  i2c_write                     
0000350d  init_battery                  
00003295  init_dco                      
00003335  init_esc                      
000033d5  init_imu                      
00003879  init_led                      
00003719  init_rc                       
00000217  input_calc                    
00000000  interruptVectors              
00002f91  ldexp                         
00002f91  ldexpl                        
00000c75  main                          
00003471  memcpy                        
2000007c  offset                        
00000b71  output_calc                   
20000088  pid                           
00000815  pid_calc                      
20000094  prev                          
200000ad  sample_flag                   
000000e5  saturate                      
00002f91  scalbn                        
00002f91  scalbnl                       
00001a99  sin                           
00001a99  sinl                          
00002d01  sqrt                          
00002d01  sqrtl                         
200000a0  sum                           


GLOBAL SYMBOLS: SORTED BY Symbol Address 

address   name                          
-------   ----                          
00000000  __TI_static_base__            
00000000  interruptVectors              
000000e5  saturate                      
0000012d  i2c_read                      
000001af  i2c_write                     
00000200  __STACK_SIZE                  
00000217  input_calc                    
00000399  angle_calc                    
00000815  pid_calc                      
00000b71  output_calc                   
00000c75  main                          
00000f49  PORT3_IRQHandler              
00000f49  PORT3_IRQHandler              
000011c9  EUSCIB0_IRQHandler            
000011c9  EUSCIB0_IRQHandler            
000011fb  TA1_0_IRQHandler              
000011fb  TA1_0_IRQHandler              
0000122d  ADC14_IRQHandler              
0000122d  ADC14_IRQHandler              
00001361  __kernel_rem_pio2             
00001a99  sin                           
00001a99  sinl                          
0000205d  SystemCoreClockUpdate         
000022d5  SystemInit                    
00002391  atan                          
00002391  atanl                         
0000267d  atan2                         
0000267d  atan2l                        
00002869  __aeabi_dsub                  
00002873  __aeabi_dadd                  
00002a21  __kernel_sin                  
00002b95  __kernel_cos                  
00002d01  sqrt                          
00002d01  sqrtl                         
00002e59  __aeabi_ddiv                  
00002f91  ldexp                         
00002f91  ldexpl                        
00002f91  scalbn                        
00002f91  scalbnl                       
000030a1  __aeabi_dmul                  
0000319d  floor                         
0000319d  floorl                        
00003295  init_dco                      
000032c7  delay_us                      
000032f5  delay_ms                      
00003335  init_esc                      
000033d5  init_imu                      
00003471  __aeabi_memcpy                
00003471  __aeabi_memcpy4               
00003471  __aeabi_memcpy8               
00003471  memcpy                        
0000350d  init_battery                  
0000359d  __aeabi_cdcmpeq               
0000359d  __aeabi_cdcmple               
00003623  __aeabi_cdrcmple              
000036a9  __aeabi_d2f                   
00003719  init_rc                       
00003785  __TI_decompress_lzss          
000037ed  __aeabi_d2iz                  
00003835  __TI_auto_init_nobinit_nopinit
00003879  init_led                      
000038b5  _c_int00_noargs               
000038ed  __aeabi_f2d                   
00003925  __aeabi_i2d                   
00003953  __aeabi_ui2d                  
00003973  copysign                      
00003973  copysignl                     
00003987  __TI_zero_init_nomemset       
00003999  __TI_decompress_none          
000039a7  Reset_Handler                 
000039b3  AES256_IRQHandler             
000039b3  BusFault_Handler              
000039b3  COMP_E0_IRQHandler            
000039b3  COMP_E1_IRQHandler            
000039b3  CS_IRQHandler                 
000039b3  DMA_ERR_IRQHandler            
000039b3  DMA_INT0_IRQHandler           
000039b3  DMA_INT1_IRQHandler           
000039b3  DMA_INT2_IRQHandler           
000039b3  DMA_INT3_IRQHandler           
000039b3  DebugMon_Handler              
000039b3  Default_Handler               
000039b3  EUSCIA0_IRQHandler            
000039b3  EUSCIA1_IRQHandler            
000039b3  EUSCIA2_IRQHandler            
000039b3  EUSCIA3_IRQHandler            
000039b3  EUSCIB1_IRQHandler            
000039b3  EUSCIB2_IRQHandler            
000039b3  EUSCIB3_IRQHandler            
000039b3  FLCTL_IRQHandler              
000039b3  FPU_IRQHandler                
000039b3  HardFault_Handler             
000039b3  MemManage_Handler             
000039b3  NMI_Handler                   
000039b3  PCM_IRQHandler                
000039b3  PORT1_IRQHandler              
000039b3  PORT2_IRQHandler              
000039b3  PORT4_IRQHandler              
000039b3  PORT5_IRQHandler              
000039b3  PORT6_IRQHandler              
000039b3  PSS_IRQHandler                
000039b3  PendSV_Handler                
000039b3  RTC_C_IRQHandler              
000039b3  SVC_Handler                   
000039b3  SysTick_Handler               
000039b3  T32_INT1_IRQHandler           
000039b3  T32_INT2_IRQHandler           
000039b3  T32_INTC_IRQHandler           
000039b3  TA0_0_IRQHandler              
000039b3  TA0_N_IRQHandler              
000039b3  TA1_N_IRQHandler              
000039b3  TA2_0_IRQHandler              
000039b3  TA2_N_IRQHandler              
000039b3  TA3_0_IRQHandler              
000039b3  TA3_N_IRQHandler              
000039b3  UsageFault_Handler            
000039b3  WDT_A_IRQHandler              
000039b5  __aeabi_errno_addr            
000039bd  _system_pre_init              
000039c1  C$$EXIT                       
000039c1  abort                         
00003bb8  __TI_Handler_Table_Base       
00003bc4  __TI_Handler_Table_Limit      
00003bd8  __TI_CINIT_Base               
00003be8  __TI_CINIT_Limit              
20000000  ch                            
20000060  esc                           
20000070  angle                         
2000007c  offset                        
20000088  pid                           
20000094  prev                          
200000a0  sum                           
200000ac  i2c_flag                      
200000ad  sample_flag                   
200000b0  errno                         
200000b4  SystemCoreClock               
2000fe00  __stack                       
20010000  __STACK_END                   
4000480c  WDTCTL_SYM                    
ffffffff  __TI_pprof_out_hndl           
ffffffff  __TI_prof_data_size           
ffffffff  __TI_prof_data_start          
ffffffff  __binit__                     
ffffffff  __c_args__                    
ffffffff  binit                         
UNDEFED   __mpu_init                    
UNDEFED   _system_post_cinit            

[147 symbols]
