******************************************************************************
                  TI ARM Linker PC v18.1.1                     
******************************************************************************
>> Linked Fri Jun  1 12:48:50 2018

OUTPUT FILE NAME:   <P5.out>
ENTRY POINT SYMBOL: "_c_int00_noargs"  address: 0000368d


MEMORY CONFIGURATION

         name            origin    length      used     unused   attr    fill
----------------------  --------  ---------  --------  --------  ----  --------
  MAIN                  00000000   00040000  00003964  0003c69c  R  X
  INFO                  00200000   00004000  00000000  00004000  R  X
  SRAM_CODE             01000000   00010000  000002b2  0000fd4e  RW X
  SRAM_DATA             20000000   00010000  000002b2  0000fd4e  RW  


SEGMENT ALLOCATION MAP

run origin  load origin   length   init length attrs members
----------  ----------- ---------- ----------- ----- -------
00000000    00000000    00003968   00003968    r-x
  00000000    00000000    000000e4   000000e4    r-- .intvecs
  000000e4    000000e4    00003660   00003660    r-x .text
  00003748    00003748    000001f0   000001f0    r-- .const
  00003938    00003938    00000030   00000030    r-- .cinit
20000000    20000000    000000b4   00000000    rw-
  20000000    20000000    000000aa   00000000    rw- .bss
  200000ac    200000ac    00000008   00000000    rw- .data
2000fe00    2000fe00    00000200   00000000    rw-
  2000fe00    2000fe00    00000200   00000000    rw- .stack


SECTION ALLOCATION MAP

 output                                  attributes/
section   page    origin      length       input sections
--------  ----  ----------  ----------   ----------------
.intvecs   0    00000000    000000e4     
                  00000000    000000e4     startup_msp432p401r_ccs.obj (.intvecs:retain)

.text      0    000000e4    00003660     
                  000000e4    00000c50     main.obj (.text)
                  00000d34    00000738     rtsv7M4_T_le_v4SPD16_eabi.lib : k_rem_pio2.c.obj (.text:__kernel_rem_pio2)
                  0000146c    000005c4                                   : s_sin.c.obj (.text:sin)
                  00001a30    00000348     rc.obj (.text)
                  00001d78    00000334     system_msp432p401r.obj (.text)
                  000020ac    000002ec     rtsv7M4_T_le_v4SPD16_eabi.lib : s_atan.c.obj (.text:atan)
                  00002398    000001ec                                   : e_atan2.c.obj (.text:atan2)
                  00002584    000001b6                                   : fd_add_t2.asm.obj (.text)
                  0000273a    00000002     --HOLE-- [fill = 0]
                  0000273c    00000174                                   : k_sin.c.obj (.text:__kernel_sin)
                  000028b0    0000016c                                   : k_cos.c.obj (.text:__kernel_cos)
                  00002a1c    00000158                                   : e_sqrt.c.obj (.text:sqrt)
                  00002b74    00000136                                   : fd_div_t2.asm.obj (.text)
                  00002caa    00000002     --HOLE-- [fill = 0]
                  00002cac    00000120     battery.obj (.text)
                  00002dcc    00000110     rtsv7M4_T_le_v4SPD16_eabi.lib : s_scalbn.c.obj (.text:scalbn)
                  00002edc    000000fc                                   : fd_mul_t2.asm.obj (.text)
                  00002fd8    000000f8                                   : s_floor.c.obj (.text:floor)
                  000030d0    000000d8     uart.obj (.text)
                  000031a8    000000a0     delay.obj (.text)
                  00003248    000000a0     esc.obj (.text)
                  000032e8    0000009c     imu.obj (.text)
                  00003384    0000009c     rtsv7M4_T_le_v4SPD16_eabi.lib : memcpy_t2.asm.obj (.text)
                  00003420    00000086                                   : fd_cmp_t2.asm.obj (.text:__aeabi_cdcmple)
                  000034a6    00000086                                   : fd_cmp_t2.asm.obj (.text:__aeabi_cdrcmple)
                  0000352c    0000006c     led.obj (.text)
                  00003598    00000068     rtsv7M4_T_le_v4SPD16_eabi.lib : copy_decompress_lzss.c.obj (.text:decompress:lzss:__TI_decompress_lzss)
                  00003600    00000048                                   : fd_toi_t2.asm.obj (.text)
                  00003648    00000044                                   : autoinit.c.obj (.text:__TI_auto_init_nobinit_nopinit:__TI_auto_init_nobinit_nopinit)
                  0000368c    00000038                                   : boot_cortex_m.c.obj (.text:_c_int00_noargs:_c_int00_noargs)
                  000036c4    0000002e                                   : i_tofd_t2.asm.obj (.text)
                  000036f2    00000014                                   : s_copysign.c.obj (.text:copysign)
                  00003706    00000012                                   : copy_zero_init.c.obj (.text:decompress:ZI:__TI_zero_init_nomemset:__TI_zero_init_nomemset)
                  00003718    0000000e                                   : copy_decompress_none.c.obj (.text:decompress:none:__TI_decompress_none)
                  00003726    0000000e     startup_msp432p401r_ccs.obj (.text)
                  00003734    00000008     rtsv7M4_T_le_v4SPD16_eabi.lib : errno.c.obj (.text:__aeabi_errno_addr)
                  0000373c    00000004                                   : pre_init.c.obj (.text:_system_pre_init)
                  00003740    00000004                                   : exit.c.obj (.text:abort:abort)

.const     0    00003748    000001f0     
                  00003748    00000158     rtsv7M4_T_le_v4SPD16_eabi.lib : k_rem_pio2.c.obj (.const:$O1$$)
                  000038a0    00000098                                   : s_atan.c.obj (.const:$O1$$)

.cinit     0    00003938    00000030     
                  00003938    0000000c     (__TI_handler_table)
                  00003944    0000000b     (.cinit..data.load) [load image, compression = lzss]
                  0000394f    00000001     --HOLE-- [fill = 0]
                  00003950    00000008     (.cinit..bss.load) [load image, compression = zero_init]
                  00003958    00000010     (__TI_cinit_table)

.init_array 
*          0    00000000    00000000     UNINITIALIZED

.binit     0    00000000    00000000     

.bss       0    20000000    000000aa     UNINITIALIZED
                  20000000    00000060     (.common:ch)
                  20000060    00000024     (.common:output)
                  20000084    0000000c     (.common:angle)
                  20000090    0000000c     (.common:offset)
                  2000009c    0000000c     (.common:prev)
                  200000a8    00000001     (.common:i2c_flag)
                  200000a9    00000001     (.common:sample_flag)

.data      0    200000ac    00000008     UNINITIALIZED
                  200000ac    00000004     rtsv7M4_T_le_v4SPD16_eabi.lib : errno.c.obj (.data)
                  200000b0    00000004     system_msp432p401r.obj (.data)

.stack     0    2000fe00    00000200     UNINITIALIZED
                  2000fe00    00000004     rtsv7M4_T_le_v4SPD16_eabi.lib : boot_cortex_m.c.obj (.stack)
                  2000fe04    000001fc     --HOLE--

MODULE SUMMARY

       Module                        code    ro data   rw data
       ------                        ----    -------   -------
    .\
       main.obj                      3152    0         340    
       rc.obj                        840     0         0      
       system_msp432p401r.obj        820     0         8      
       battery.obj                   288     0         0      
       startup_msp432p401r_ccs.obj   14      228       0      
       uart.obj                      216     0         0      
       delay.obj                     160     0         0      
       esc.obj                       160     0         0      
       imu.obj                       156     0         0      
       led.obj                       108     0         0      
    +--+-----------------------------+-------+---------+---------+
       Total:                        5914    228       348    
                                                              
    C:\ti\ccsv8\tools\compiler\ti-cgt-arm_18.1.1.LTS\lib\rtsv7M4_T_le_v4SPD16_eabi.lib
       k_rem_pio2.c.obj              1848    344       0      
       s_sin.c.obj                   1476    0         0      
       s_atan.c.obj                  748     152       0      
       e_atan2.c.obj                 492     0         0      
       fd_add_t2.asm.obj             438     0         0      
       k_sin.c.obj                   372     0         0      
       k_cos.c.obj                   364     0         0      
       e_sqrt.c.obj                  344     0         0      
       fd_div_t2.asm.obj             310     0         0      
       s_scalbn.c.obj                272     0         0      
       fd_cmp_t2.asm.obj             268     0         0      
       fd_mul_t2.asm.obj             252     0         0      
       s_floor.c.obj                 248     0         0      
       memcpy_t2.asm.obj             156     0         0      
       copy_decompress_lzss.c.obj    104     0         0      
       fd_toi_t2.asm.obj             72      0         0      
       autoinit.c.obj                68      0         0      
       boot_cortex_m.c.obj           56      0         0      
       i_tofd_t2.asm.obj             46      0         0      
       s_copysign.c.obj              20      0         0      
       copy_zero_init.c.obj          18      0         0      
       errno.c.obj                   8       0         8      
       copy_decompress_none.c.obj    14      0         0      
       exit.c.obj                    4       0         0      
       pre_init.c.obj                4       0         0      
    +--+-----------------------------+-------+---------+---------+
       Total:                        8002    496       8      
                                                              
       Stack:                        0       0         1024   
       Linker Generated:             0       47        0      
    +--+-----------------------------+-------+---------+---------+
       Grand Total:                  13916   771       1380   


LINKER GENERATED COPY TABLES

__TI_cinit_table @ 00003958 records: 2, size/record: 8, table size: 16
	.data: load addr=00003944, load size=0000000b bytes, run addr=200000ac, run size=00000008 bytes, compression=lzss
	.bss: load addr=00003950, load size=00000008 bytes, run addr=20000000, run size=000000aa bytes, compression=zero_init


LINKER GENERATED HANDLER TABLE

__TI_handler_table @ 00003938 records: 3, size/record: 4, table size: 12
	index: 0, handler: __TI_decompress_lzss
	index: 1, handler: __TI_decompress_none
	index: 2, handler: __TI_zero_init


GLOBAL SYMBOLS: SORTED ALPHABETICALLY BY Name 

address   name                          
-------   ----                          
00000c61  ADC14_IRQHandler              
00000c61  ADC14_IRQHandler              
00003733  AES256_IRQHandler             
00003733  BusFault_Handler              
00003741  C$$EXIT                       
00003733  COMP_E0_IRQHandler            
00003733  COMP_E1_IRQHandler            
00003733  CS_IRQHandler                 
00003733  DMA_ERR_IRQHandler            
00003733  DMA_INT0_IRQHandler           
00003733  DMA_INT1_IRQHandler           
00003733  DMA_INT2_IRQHandler           
00003733  DMA_INT3_IRQHandler           
00003733  DebugMon_Handler              
00003733  Default_Handler               
00003733  EUSCIA0_IRQHandler            
00003733  EUSCIA1_IRQHandler            
00003733  EUSCIA2_IRQHandler            
00003733  EUSCIA3_IRQHandler            
00000c19  EUSCIB0_IRQHandler            
00000c19  EUSCIB0_IRQHandler            
00003733  EUSCIB1_IRQHandler            
00003733  EUSCIB2_IRQHandler            
00003733  EUSCIB3_IRQHandler            
00003733  FLCTL_IRQHandler              
00003733  FPU_IRQHandler                
00003733  HardFault_Handler             
00003733  MemManage_Handler             
00003733  NMI_Handler                   
00003733  PCM_IRQHandler                
00003733  PORT1_IRQHandler              
00003733  PORT2_IRQHandler              
00000ca1  PORT3_IRQHandler              
00000ca1  PORT3_IRQHandler              
00003733  PORT4_IRQHandler              
00003733  PORT5_IRQHandler              
00003733  PORT6_IRQHandler              
00003733  PSS_IRQHandler                
00003733  PendSV_Handler                
00003733  RTC_C_IRQHandler              
00003727  Reset_Handler                 
00003733  SVC_Handler                   
00003733  SysTick_Handler               
200000b0  SystemCoreClock               
00001d79  SystemCoreClockUpdate         
00001ff1  SystemInit                    
00003733  T32_INT1_IRQHandler           
00000c71  T32_INT2_IRQHandler           
00000c71  T32_INT2_IRQHandler           
00003733  T32_INTC_IRQHandler           
00003733  TA0_0_IRQHandler              
00003733  TA0_N_IRQHandler              
00000c4b  TA1_0_IRQHandler              
00000c4b  TA1_0_IRQHandler              
00003733  TA1_N_IRQHandler              
00003733  TA2_0_IRQHandler              
00003733  TA2_N_IRQHandler              
00003733  TA3_0_IRQHandler              
00003733  TA3_N_IRQHandler              
00003733  UsageFault_Handler            
4000480c  WDTCTL_SYM                    
00003733  WDT_A_IRQHandler              
20010000  __STACK_END                   
00000200  __STACK_SIZE                  
00003958  __TI_CINIT_Base               
00003968  __TI_CINIT_Limit              
00003938  __TI_Handler_Table_Base       
00003944  __TI_Handler_Table_Limit      
00003649  __TI_auto_init_nobinit_nopinit
00003599  __TI_decompress_lzss          
00003719  __TI_decompress_none          
ffffffff  __TI_pprof_out_hndl           
ffffffff  __TI_prof_data_size           
ffffffff  __TI_prof_data_start          
00000000  __TI_static_base__            
00003707  __TI_zero_init_nomemset       
00003421  __aeabi_cdcmpeq               
00003421  __aeabi_cdcmple               
000034a7  __aeabi_cdrcmple              
00003601  __aeabi_d2iz                  
0000258f  __aeabi_dadd                  
00002b75  __aeabi_ddiv                  
00002edd  __aeabi_dmul                  
00002585  __aeabi_dsub                  
00003735  __aeabi_errno_addr            
000036c5  __aeabi_i2d                   
00003385  __aeabi_memcpy                
00003385  __aeabi_memcpy4               
00003385  __aeabi_memcpy8               
ffffffff  __binit__                     
ffffffff  __c_args__                    
000028b1  __kernel_cos                  
00000d35  __kernel_rem_pio2             
0000273d  __kernel_sin                  
UNDEFED   __mpu_init                    
2000fe00  __stack                       
0000368d  _c_int00_noargs               
UNDEFED   _system_post_cinit            
0000373d  _system_pre_init              
00003741  abort                         
00002d7d  alert_battery                 
20000084  angle                         
000001e1  angle_calc                    
000005cd  angle_print                   
000020ad  atan                          
00002399  atan2                         
00002399  atan2l                        
000020ad  atanl                         
ffffffff  binit                         
0000357b  blue_led                      
20000000  ch                            
0000314f  clc_uart                      
000036f3  copysign                      
000036f3  copysignl                     
00003209  delay_ms                      
000031db  delay_us                      
200000ac  errno                         
00002fd9  floor                         
00002fd9  floorl                        
0000356f  green_led                     
200000a8  i2c_flag                      
0000014d  i2c_read                      
000000e5  i2c_write                     
00000831  init                          
00002cad  init_battery                  
000031a9  init_dco                      
00003249  init_esc                      
000032e9  init_imu                      
0000352d  init_led                      
00001a31  init_rc                       
000030d1  init_uart                     
00000000  interruptVectors              
00002dcd  ldexp                         
00002dcd  ldexpl                        
00000ac5  main                          
00003385  memcpy                        
20000090  offset                        
20000060  output                        
000009dd  pid_calc                      
2000009c  prev                          
00001ab3  process_rc                    
00002d35  read_battery                  
00000961  receiver_calc                 
00003563  red_led                       
00003557  reset_led                     
0000313b  rx_uart                       
200000a9  sample_flag                   
00000933  saturate                      
00002dcd  scalbn                        
00002dcd  scalbnl                       
0000146d  sin                           
0000146d  sinl                          
00002a1d  sqrt                          
00002a1d  sqrtl                         
0000311f  tx_uart                       


GLOBAL SYMBOLS: SORTED BY Symbol Address 

address   name                          
-------   ----                          
00000000  __TI_static_base__            
00000000  interruptVectors              
000000e5  i2c_write                     
0000014d  i2c_read                      
000001e1  angle_calc                    
00000200  __STACK_SIZE                  
000005cd  angle_print                   
00000831  init                          
00000933  saturate                      
00000961  receiver_calc                 
000009dd  pid_calc                      
00000ac5  main                          
00000c19  EUSCIB0_IRQHandler            
00000c19  EUSCIB0_IRQHandler            
00000c4b  TA1_0_IRQHandler              
00000c4b  TA1_0_IRQHandler              
00000c61  ADC14_IRQHandler              
00000c61  ADC14_IRQHandler              
00000c71  T32_INT2_IRQHandler           
00000c71  T32_INT2_IRQHandler           
00000ca1  PORT3_IRQHandler              
00000ca1  PORT3_IRQHandler              
00000d35  __kernel_rem_pio2             
0000146d  sin                           
0000146d  sinl                          
00001a31  init_rc                       
00001ab3  process_rc                    
00001d79  SystemCoreClockUpdate         
00001ff1  SystemInit                    
000020ad  atan                          
000020ad  atanl                         
00002399  atan2                         
00002399  atan2l                        
00002585  __aeabi_dsub                  
0000258f  __aeabi_dadd                  
0000273d  __kernel_sin                  
000028b1  __kernel_cos                  
00002a1d  sqrt                          
00002a1d  sqrtl                         
00002b75  __aeabi_ddiv                  
00002cad  init_battery                  
00002d35  read_battery                  
00002d7d  alert_battery                 
00002dcd  ldexp                         
00002dcd  ldexpl                        
00002dcd  scalbn                        
00002dcd  scalbnl                       
00002edd  __aeabi_dmul                  
00002fd9  floor                         
00002fd9  floorl                        
000030d1  init_uart                     
0000311f  tx_uart                       
0000313b  rx_uart                       
0000314f  clc_uart                      
000031a9  init_dco                      
000031db  delay_us                      
00003209  delay_ms                      
00003249  init_esc                      
000032e9  init_imu                      
00003385  __aeabi_memcpy                
00003385  __aeabi_memcpy4               
00003385  __aeabi_memcpy8               
00003385  memcpy                        
00003421  __aeabi_cdcmpeq               
00003421  __aeabi_cdcmple               
000034a7  __aeabi_cdrcmple              
0000352d  init_led                      
00003557  reset_led                     
00003563  red_led                       
0000356f  green_led                     
0000357b  blue_led                      
00003599  __TI_decompress_lzss          
00003601  __aeabi_d2iz                  
00003649  __TI_auto_init_nobinit_nopinit
0000368d  _c_int00_noargs               
000036c5  __aeabi_i2d                   
000036f3  copysign                      
000036f3  copysignl                     
00003707  __TI_zero_init_nomemset       
00003719  __TI_decompress_none          
00003727  Reset_Handler                 
00003733  AES256_IRQHandler             
00003733  BusFault_Handler              
00003733  COMP_E0_IRQHandler            
00003733  COMP_E1_IRQHandler            
00003733  CS_IRQHandler                 
00003733  DMA_ERR_IRQHandler            
00003733  DMA_INT0_IRQHandler           
00003733  DMA_INT1_IRQHandler           
00003733  DMA_INT2_IRQHandler           
00003733  DMA_INT3_IRQHandler           
00003733  DebugMon_Handler              
00003733  Default_Handler               
00003733  EUSCIA0_IRQHandler            
00003733  EUSCIA1_IRQHandler            
00003733  EUSCIA2_IRQHandler            
00003733  EUSCIA3_IRQHandler            
00003733  EUSCIB1_IRQHandler            
00003733  EUSCIB2_IRQHandler            
00003733  EUSCIB3_IRQHandler            
00003733  FLCTL_IRQHandler              
00003733  FPU_IRQHandler                
00003733  HardFault_Handler             
00003733  MemManage_Handler             
00003733  NMI_Handler                   
00003733  PCM_IRQHandler                
00003733  PORT1_IRQHandler              
00003733  PORT2_IRQHandler              
00003733  PORT4_IRQHandler              
00003733  PORT5_IRQHandler              
00003733  PORT6_IRQHandler              
00003733  PSS_IRQHandler                
00003733  PendSV_Handler                
00003733  RTC_C_IRQHandler              
00003733  SVC_Handler                   
00003733  SysTick_Handler               
00003733  T32_INT1_IRQHandler           
00003733  T32_INTC_IRQHandler           
00003733  TA0_0_IRQHandler              
00003733  TA0_N_IRQHandler              
00003733  TA1_N_IRQHandler              
00003733  TA2_0_IRQHandler              
00003733  TA2_N_IRQHandler              
00003733  TA3_0_IRQHandler              
00003733  TA3_N_IRQHandler              
00003733  UsageFault_Handler            
00003733  WDT_A_IRQHandler              
00003735  __aeabi_errno_addr            
0000373d  _system_pre_init              
00003741  C$$EXIT                       
00003741  abort                         
00003938  __TI_Handler_Table_Base       
00003944  __TI_Handler_Table_Limit      
00003958  __TI_CINIT_Base               
00003968  __TI_CINIT_Limit              
20000000  ch                            
20000060  output                        
20000084  angle                         
20000090  offset                        
2000009c  prev                          
200000a8  i2c_flag                      
200000a9  sample_flag                   
200000ac  errno                         
200000b0  SystemCoreClock               
2000fe00  __stack                       
20010000  __STACK_END                   
4000480c  WDTCTL_SYM                    
ffffffff  __TI_pprof_out_hndl           
ffffffff  __TI_prof_data_size           
ffffffff  __TI_prof_data_start          
ffffffff  __binit__                     
ffffffff  __c_args__                    
ffffffff  binit                         
UNDEFED   __mpu_init                    
UNDEFED   _system_post_cinit            

[155 symbols]
