******************************************************************************
                  TI ARM Linker PC v18.1.1                     
******************************************************************************
>> Linked Tue Jun  5 22:00:38 2018

OUTPUT FILE NAME:   <P5.out>
ENTRY POINT SYMBOL: "_c_int00_noargs"  address: 000037c5


MEMORY CONFIGURATION

         name            origin    length      used     unused   attr    fill
----------------------  --------  ---------  --------  --------  ----  --------
  MAIN                  00000000   00040000  00003ad4  0003c52c  R  X
  INFO                  00200000   00004000  00000000  00004000  R  X
  SRAM_CODE             01000000   00010000  000002b6  0000fd4a  RW X
  SRAM_DATA             20000000   00010000  000002b6  0000fd4a  RW  


SEGMENT ALLOCATION MAP

run origin  load origin   length   init length attrs members
----------  ----------- ---------- ----------- ----- -------
00000000    00000000    00003ad8   00003ad8    r-x
  00000000    00000000    000000e4   000000e4    r-- .intvecs
  000000e4    000000e4    000037d0   000037d0    r-x .text
  000038b8    000038b8    000001f0   000001f0    r-- .const
  00003aa8    00003aa8    00000030   00000030    r-- .cinit
20000000    20000000    000000b8   00000000    rw-
  20000000    20000000    000000ae   00000000    rw- .bss
  200000b0    200000b0    00000008   00000000    rw- .data
2000fe00    2000fe00    00000200   00000000    rw-
  2000fe00    2000fe00    00000200   00000000    rw- .stack


SECTION ALLOCATION MAP

 output                                  attributes/
section   page    origin      length       input sections
--------  ----  ----------  ----------   ----------------
.intvecs   0    00000000    000000e4     
                  00000000    000000e4     startup_msp432p401r_ccs.obj (.intvecs:retain)

.text      0    000000e4    000037d0     
                  000000e4    000011ec     main.obj (.text)
                  000012d0    00000738     rtsv7M4_T_le_v4SPD16_eabi.lib : k_rem_pio2.c.obj (.text:__kernel_rem_pio2)
                  00001a08    000005c4                                   : s_sin.c.obj (.text:sin)
                  00001fcc    00000334     system_msp432p401r.obj (.text)
                  00002300    000002ec     rtsv7M4_T_le_v4SPD16_eabi.lib : s_atan.c.obj (.text:atan)
                  000025ec    000001ec                                   : e_atan2.c.obj (.text:atan2)
                  000027d8    000001b6                                   : fd_add_t2.asm.obj (.text)
                  0000298e    00000002     --HOLE-- [fill = 0]
                  00002990    00000174                                   : k_sin.c.obj (.text:__kernel_sin)
                  00002b04    0000016c                                   : k_cos.c.obj (.text:__kernel_cos)
                  00002c70    00000158                                   : e_sqrt.c.obj (.text:sqrt)
                  00002dc8    00000136                                   : fd_div_t2.asm.obj (.text)
                  00002efe    00000002     --HOLE-- [fill = 0]
                  00002f00    00000110                                   : s_scalbn.c.obj (.text:scalbn)
                  00003010    000000fc                                   : fd_mul_t2.asm.obj (.text)
                  0000310c    000000f8                                   : s_floor.c.obj (.text:floor)
                  00003204    000000a0     delay.obj (.text)
                  000032a4    000000a0     esc.obj (.text)
                  00003344    0000009c     imu.obj (.text)
                  000033e0    0000009c     rtsv7M4_T_le_v4SPD16_eabi.lib : memcpy_t2.asm.obj (.text)
                  0000347c    00000086                                   : fd_cmp_t2.asm.obj (.text:__aeabi_cdcmple)
                  00003502    00000086                                   : fd_cmp_t2.asm.obj (.text:__aeabi_cdrcmple)
                  00003588    0000006e                                   : fd_tos_t2.asm.obj (.text)
                  000035f6    00000002     --HOLE-- [fill = 0]
                  000035f8    0000006c     led.obj (.text)
                  00003664    0000006c     rc.obj (.text)
                  000036d0    00000068     rtsv7M4_T_le_v4SPD16_eabi.lib : copy_decompress_lzss.c.obj (.text:decompress:lzss:__TI_decompress_lzss)
                  00003738    00000048                                   : fd_toi_t2.asm.obj (.text)
                  00003780    00000044                                   : autoinit.c.obj (.text:__TI_auto_init_nobinit_nopinit:__TI_auto_init_nobinit_nopinit)
                  000037c4    00000038                                   : boot_cortex_m.c.obj (.text:_c_int00_noargs:_c_int00_noargs)
                  000037fc    00000038                                   : fs_tod_t2.asm.obj (.text)
                  00003834    0000002e                                   : i_tofd_t2.asm.obj (.text)
                  00003862    00000014                                   : s_copysign.c.obj (.text:copysign)
                  00003876    00000012                                   : copy_zero_init.c.obj (.text:decompress:ZI:__TI_zero_init_nomemset:__TI_zero_init_nomemset)
                  00003888    0000000e                                   : copy_decompress_none.c.obj (.text:decompress:none:__TI_decompress_none)
                  00003896    0000000e     startup_msp432p401r_ccs.obj (.text)
                  000038a4    00000008     rtsv7M4_T_le_v4SPD16_eabi.lib : errno.c.obj (.text:__aeabi_errno_addr)
                  000038ac    00000004                                   : pre_init.c.obj (.text:_system_pre_init)
                  000038b0    00000004                                   : exit.c.obj (.text:abort:abort)

.const     0    000038b8    000001f0     
                  000038b8    00000158     rtsv7M4_T_le_v4SPD16_eabi.lib : k_rem_pio2.c.obj (.const:$O1$$)
                  00003a10    00000098                                   : s_atan.c.obj (.const:$O1$$)

.cinit     0    00003aa8    00000030     
                  00003aa8    0000000c     (__TI_handler_table)
                  00003ab4    0000000b     (.cinit..data.load) [load image, compression = lzss]
                  00003abf    00000001     --HOLE-- [fill = 0]
                  00003ac0    00000008     (.cinit..bss.load) [load image, compression = zero_init]
                  00003ac8    00000010     (__TI_cinit_table)

.init_array 
*          0    00000000    00000000     UNINITIALIZED

.binit     0    00000000    00000000     

.bss       0    20000000    000000ae     UNINITIALIZED
                  20000000    00000060     (.common:ch)
                  20000060    00000010     (.common:esc)
                  20000070    0000000c     (.common:angle)
                  2000007c    0000000c     (.common:offset)
                  20000088    0000000c     (.common:pid)
                  20000094    0000000c     (.common:prev)
                  200000a0    0000000c     (.common:sum)
                  200000ac    00000001     (.common:i2c_flag)
                  200000ad    00000001     (.common:sample_flag)

.data      0    200000b0    00000008     UNINITIALIZED
                  200000b0    00000004     rtsv7M4_T_le_v4SPD16_eabi.lib : errno.c.obj (.data)
                  200000b4    00000004     system_msp432p401r.obj (.data)

.stack     0    2000fe00    00000200     UNINITIALIZED
                  2000fe00    00000004     rtsv7M4_T_le_v4SPD16_eabi.lib : boot_cortex_m.c.obj (.stack)
                  2000fe04    000001fc     --HOLE--

MODULE SUMMARY

       Module                        code    ro data   rw data
       ------                        ----    -------   -------
    .\
       main.obj                      4588    0         348    
       system_msp432p401r.obj        820     0         8      
       startup_msp432p401r_ccs.obj   14      228       0      
       delay.obj                     160     0         0      
       esc.obj                       160     0         0      
       imu.obj                       156     0         0      
       led.obj                       108     0         0      
       rc.obj                        108     0         0      
    +--+-----------------------------+-------+---------+---------+
       Total:                        6114    228       356    
                                                              
    C:\ti\ccsv8\tools\compiler\ti-cgt-arm_18.1.1.LTS\lib\rtsv7M4_T_le_v4SPD16_eabi.lib
       k_rem_pio2.c.obj              1848    344       0      
       s_sin.c.obj                   1476    0         0      
       s_atan.c.obj                  748     152       0      
       e_atan2.c.obj                 492     0         0      
       fd_add_t2.asm.obj             438     0         0      
       k_sin.c.obj                   372     0         0      
       k_cos.c.obj                   364     0         0      
       e_sqrt.c.obj                  344     0         0      
       fd_div_t2.asm.obj             310     0         0      
       s_scalbn.c.obj                272     0         0      
       fd_cmp_t2.asm.obj             268     0         0      
       fd_mul_t2.asm.obj             252     0         0      
       s_floor.c.obj                 248     0         0      
       memcpy_t2.asm.obj             156     0         0      
       fd_tos_t2.asm.obj             110     0         0      
       copy_decompress_lzss.c.obj    104     0         0      
       fd_toi_t2.asm.obj             72      0         0      
       autoinit.c.obj                68      0         0      
       boot_cortex_m.c.obj           56      0         0      
       fs_tod_t2.asm.obj             56      0         0      
       i_tofd_t2.asm.obj             46      0         0      
       s_copysign.c.obj              20      0         0      
       copy_zero_init.c.obj          18      0         0      
       errno.c.obj                   8       0         8      
       copy_decompress_none.c.obj    14      0         0      
       exit.c.obj                    4       0         0      
       pre_init.c.obj                4       0         0      
    +--+-----------------------------+-------+---------+---------+
       Total:                        8168    496       8      
                                                              
       Stack:                        0       0         1024   
       Linker Generated:             0       47        0      
    +--+-----------------------------+-------+---------+---------+
       Grand Total:                  14282   771       1388   


LINKER GENERATED COPY TABLES

__TI_cinit_table @ 00003ac8 records: 2, size/record: 8, table size: 16
	.data: load addr=00003ab4, load size=0000000b bytes, run addr=200000b0, run size=00000008 bytes, compression=lzss
	.bss: load addr=00003ac0, load size=00000008 bytes, run addr=20000000, run size=000000ae bytes, compression=zero_init


LINKER GENERATED HANDLER TABLE

__TI_handler_table @ 00003aa8 records: 3, size/record: 4, table size: 12
	index: 0, handler: __TI_decompress_lzss
	index: 1, handler: __TI_decompress_none
	index: 2, handler: __TI_zero_init


GLOBAL SYMBOLS: SORTED ALPHABETICALLY BY Name 

address   name                          
-------   ----                          
000011dd  ADC14_IRQHandler              
000011dd  ADC14_IRQHandler              
000038a3  AES256_IRQHandler             
000038a3  BusFault_Handler              
000038b1  C$$EXIT                       
000038a3  COMP_E0_IRQHandler            
000038a3  COMP_E1_IRQHandler            
000038a3  CS_IRQHandler                 
000038a3  DMA_ERR_IRQHandler            
000038a3  DMA_INT0_IRQHandler           
000038a3  DMA_INT1_IRQHandler           
000038a3  DMA_INT2_IRQHandler           
000038a3  DMA_INT3_IRQHandler           
000038a3  DebugMon_Handler              
000038a3  Default_Handler               
000038a3  EUSCIA0_IRQHandler            
000038a3  EUSCIA1_IRQHandler            
000038a3  EUSCIA2_IRQHandler            
000038a3  EUSCIA3_IRQHandler            
00001195  EUSCIB0_IRQHandler            
00001195  EUSCIB0_IRQHandler            
000038a3  EUSCIB1_IRQHandler            
000038a3  EUSCIB2_IRQHandler            
000038a3  EUSCIB3_IRQHandler            
000038a3  FLCTL_IRQHandler              
000038a3  FPU_IRQHandler                
000038a3  HardFault_Handler             
000038a3  MemManage_Handler             
000038a3  NMI_Handler                   
000038a3  PCM_IRQHandler                
000038a3  PORT1_IRQHandler              
000038a3  PORT2_IRQHandler              
00000f15  PORT3_IRQHandler              
00000f15  PORT3_IRQHandler              
000038a3  PORT4_IRQHandler              
000038a3  PORT5_IRQHandler              
000038a3  PORT6_IRQHandler              
000038a3  PSS_IRQHandler                
000038a3  PendSV_Handler                
000038a3  RTC_C_IRQHandler              
00003897  Reset_Handler                 
000038a3  SVC_Handler                   
000038a3  SysTick_Handler               
200000b4  SystemCoreClock               
00001fcd  SystemCoreClockUpdate         
00002245  SystemInit                    
000038a3  T32_INT1_IRQHandler           
0000124d  T32_INT2_IRQHandler           
0000124d  T32_INT2_IRQHandler           
000038a3  T32_INTC_IRQHandler           
000038a3  TA0_0_IRQHandler              
000038a3  TA0_N_IRQHandler              
000011c7  TA1_0_IRQHandler              
000011c7  TA1_0_IRQHandler              
000038a3  TA1_N_IRQHandler              
000038a3  TA2_0_IRQHandler              
000038a3  TA2_N_IRQHandler              
000038a3  TA3_0_IRQHandler              
000038a3  TA3_N_IRQHandler              
000038a3  UsageFault_Handler            
4000480c  WDTCTL_SYM                    
000038a3  WDT_A_IRQHandler              
20010000  __STACK_END                   
00000200  __STACK_SIZE                  
00003ac8  __TI_CINIT_Base               
00003ad8  __TI_CINIT_Limit              
00003aa8  __TI_Handler_Table_Base       
00003ab4  __TI_Handler_Table_Limit      
00003781  __TI_auto_init_nobinit_nopinit
000036d1  __TI_decompress_lzss          
00003889  __TI_decompress_none          
ffffffff  __TI_pprof_out_hndl           
ffffffff  __TI_prof_data_size           
ffffffff  __TI_prof_data_start          
00000000  __TI_static_base__            
00003877  __TI_zero_init_nomemset       
0000347d  __aeabi_cdcmpeq               
0000347d  __aeabi_cdcmple               
00003503  __aeabi_cdrcmple              
00003589  __aeabi_d2f                   
00003739  __aeabi_d2iz                  
000027e3  __aeabi_dadd                  
00002dc9  __aeabi_ddiv                  
00003011  __aeabi_dmul                  
000027d9  __aeabi_dsub                  
000038a5  __aeabi_errno_addr            
000037fd  __aeabi_f2d                   
00003835  __aeabi_i2d                   
000033e1  __aeabi_memcpy                
000033e1  __aeabi_memcpy4               
000033e1  __aeabi_memcpy8               
ffffffff  __binit__                     
ffffffff  __c_args__                    
00002b05  __kernel_cos                  
000012d1  __kernel_rem_pio2             
00002991  __kernel_sin                  
UNDEFED   __mpu_init                    
2000fe00  __stack                       
000037c5  _c_int00_noargs               
UNDEFED   _system_post_cinit            
000038ad  _system_pre_init              
000038b1  abort                         
20000070  angle                         
00000391  angle_calc                    
00002301  atan                          
000025ed  atan2                         
000025ed  atan2l                        
00002301  atanl                         
ffffffff  binit                         
00003647  blue_led                      
20000000  ch                            
00003863  copysign                      
00003863  copysignl                     
00003265  delay_ms                      
00003237  delay_us                      
200000b0  errno                         
20000060  esc                           
0000310d  floor                         
0000310d  floorl                        
0000363b  green_led                     
200000ac  i2c_flag                      
0000012d  i2c_read                      
000001af  i2c_write                     
00003205  init_dco                      
000032a5  init_esc                      
00003345  init_imu                      
000035f9  init_led                      
00003665  init_rc                       
00000217  input_calc                    
00000000  interruptVectors              
00002f01  ldexp                         
00002f01  ldexpl                        
00000c51  main                          
000033e1  memcpy                        
2000007c  offset                        
00000b61  output_calc                   
20000088  pid                           
00000811  pid_calc                      
20000094  prev                          
0000362f  red_led                       
00003623  reset_led                     
200000ad  sample_flag                   
000000e5  saturate                      
00002f01  scalbn                        
00002f01  scalbnl                       
00001a09  sin                           
00001a09  sinl                          
00002c71  sqrt                          
00002c71  sqrtl                         
200000a0  sum                           


GLOBAL SYMBOLS: SORTED BY Symbol Address 

address   name                          
-------   ----                          
00000000  __TI_static_base__            
00000000  interruptVectors              
000000e5  saturate                      
0000012d  i2c_read                      
000001af  i2c_write                     
00000200  __STACK_SIZE                  
00000217  input_calc                    
00000391  angle_calc                    
00000811  pid_calc                      
00000b61  output_calc                   
00000c51  main                          
00000f15  PORT3_IRQHandler              
00000f15  PORT3_IRQHandler              
00001195  EUSCIB0_IRQHandler            
00001195  EUSCIB0_IRQHandler            
000011c7  TA1_0_IRQHandler              
000011c7  TA1_0_IRQHandler              
000011dd  ADC14_IRQHandler              
000011dd  ADC14_IRQHandler              
0000124d  T32_INT2_IRQHandler           
0000124d  T32_INT2_IRQHandler           
000012d1  __kernel_rem_pio2             
00001a09  sin                           
00001a09  sinl                          
00001fcd  SystemCoreClockUpdate         
00002245  SystemInit                    
00002301  atan                          
00002301  atanl                         
000025ed  atan2                         
000025ed  atan2l                        
000027d9  __aeabi_dsub                  
000027e3  __aeabi_dadd                  
00002991  __kernel_sin                  
00002b05  __kernel_cos                  
00002c71  sqrt                          
00002c71  sqrtl                         
00002dc9  __aeabi_ddiv                  
00002f01  ldexp                         
00002f01  ldexpl                        
00002f01  scalbn                        
00002f01  scalbnl                       
00003011  __aeabi_dmul                  
0000310d  floor                         
0000310d  floorl                        
00003205  init_dco                      
00003237  delay_us                      
00003265  delay_ms                      
000032a5  init_esc                      
00003345  init_imu                      
000033e1  __aeabi_memcpy                
000033e1  __aeabi_memcpy4               
000033e1  __aeabi_memcpy8               
000033e1  memcpy                        
0000347d  __aeabi_cdcmpeq               
0000347d  __aeabi_cdcmple               
00003503  __aeabi_cdrcmple              
00003589  __aeabi_d2f                   
000035f9  init_led                      
00003623  reset_led                     
0000362f  red_led                       
0000363b  green_led                     
00003647  blue_led                      
00003665  init_rc                       
000036d1  __TI_decompress_lzss          
00003739  __aeabi_d2iz                  
00003781  __TI_auto_init_nobinit_nopinit
000037c5  _c_int00_noargs               
000037fd  __aeabi_f2d                   
00003835  __aeabi_i2d                   
00003863  copysign                      
00003863  copysignl                     
00003877  __TI_zero_init_nomemset       
00003889  __TI_decompress_none          
00003897  Reset_Handler                 
000038a3  AES256_IRQHandler             
000038a3  BusFault_Handler              
000038a3  COMP_E0_IRQHandler            
000038a3  COMP_E1_IRQHandler            
000038a3  CS_IRQHandler                 
000038a3  DMA_ERR_IRQHandler            
000038a3  DMA_INT0_IRQHandler           
000038a3  DMA_INT1_IRQHandler           
000038a3  DMA_INT2_IRQHandler           
000038a3  DMA_INT3_IRQHandler           
000038a3  DebugMon_Handler              
000038a3  Default_Handler               
000038a3  EUSCIA0_IRQHandler            
000038a3  EUSCIA1_IRQHandler            
000038a3  EUSCIA2_IRQHandler            
000038a3  EUSCIA3_IRQHandler            
000038a3  EUSCIB1_IRQHandler            
000038a3  EUSCIB2_IRQHandler            
000038a3  EUSCIB3_IRQHandler            
000038a3  FLCTL_IRQHandler              
000038a3  FPU_IRQHandler                
000038a3  HardFault_Handler             
000038a3  MemManage_Handler             
000038a3  NMI_Handler                   
000038a3  PCM_IRQHandler                
000038a3  PORT1_IRQHandler              
000038a3  PORT2_IRQHandler              
000038a3  PORT4_IRQHandler              
000038a3  PORT5_IRQHandler              
000038a3  PORT6_IRQHandler              
000038a3  PSS_IRQHandler                
000038a3  PendSV_Handler                
000038a3  RTC_C_IRQHandler              
000038a3  SVC_Handler                   
000038a3  SysTick_Handler               
000038a3  T32_INT1_IRQHandler           
000038a3  T32_INTC_IRQHandler           
000038a3  TA0_0_IRQHandler              
000038a3  TA0_N_IRQHandler              
000038a3  TA1_N_IRQHandler              
000038a3  TA2_0_IRQHandler              
000038a3  TA2_N_IRQHandler              
000038a3  TA3_0_IRQHandler              
000038a3  TA3_N_IRQHandler              
000038a3  UsageFault_Handler            
000038a3  WDT_A_IRQHandler              
000038a5  __aeabi_errno_addr            
000038ad  _system_pre_init              
000038b1  C$$EXIT                       
000038b1  abort                         
00003aa8  __TI_Handler_Table_Base       
00003ab4  __TI_Handler_Table_Limit      
00003ac8  __TI_CINIT_Base               
00003ad8  __TI_CINIT_Limit              
20000000  ch                            
20000060  esc                           
20000070  angle                         
2000007c  offset                        
20000088  pid                           
20000094  prev                          
200000a0  sum                           
200000ac  i2c_flag                      
200000ad  sample_flag                   
200000b0  errno                         
200000b4  SystemCoreClock               
2000fe00  __stack                       
20010000  __STACK_END                   
4000480c  WDTCTL_SYM                    
ffffffff  __TI_pprof_out_hndl           
ffffffff  __TI_prof_data_size           
ffffffff  __TI_prof_data_start          
ffffffff  __binit__                     
ffffffff  __c_args__                    
ffffffff  binit                         
UNDEFED   __mpu_init                    
UNDEFED   _system_post_cinit            

[150 symbols]
