******************************************************************************
                  TI ARM Linker PC v18.1.1                     
******************************************************************************
>> Linked Wed Jun  6 10:12:10 2018

OUTPUT FILE NAME:   <P5.out>
ENTRY POINT SYMBOL: "_c_int00_noargs"  address: 000037e1


MEMORY CONFIGURATION

         name            origin    length      used     unused   attr    fill
----------------------  --------  ---------  --------  --------  ----  --------
  MAIN                  00000000   00040000  00003af0  0003c510  R  X
  INFO                  00200000   00004000  00000000  00004000  R  X
  SRAM_CODE             01000000   00010000  000002b6  0000fd4a  RW X
  SRAM_DATA             20000000   00010000  000002b6  0000fd4a  RW  


SEGMENT ALLOCATION MAP

run origin  load origin   length   init length attrs members
----------  ----------- ---------- ----------- ----- -------
00000000    00000000    00003af0   00003af0    r-x
  00000000    00000000    000000e4   000000e4    r-- .intvecs
  000000e4    000000e4    000037ec   000037ec    r-x .text
  000038d0    000038d0    000001f0   000001f0    r-- .const
  00003ac0    00003ac0    00000030   00000030    r-- .cinit
20000000    20000000    000000b8   00000000    rw-
  20000000    20000000    000000ae   00000000    rw- .bss
  200000b0    200000b0    00000008   00000000    rw- .data
2000fe00    2000fe00    00000200   00000000    rw-
  2000fe00    2000fe00    00000200   00000000    rw- .stack


SECTION ALLOCATION MAP

 output                                  attributes/
section   page    origin      length       input sections
--------  ----  ----------  ----------   ----------------
.intvecs   0    00000000    000000e4     
                  00000000    000000e4     startup_msp432p401r_ccs.obj (.intvecs:retain)

.text      0    000000e4    000037ec     
                  000000e4    00001238     main.obj (.text)
                  0000131c    00000738     rtsv7M4_T_le_v4SPD16_eabi.lib : k_rem_pio2.c.obj (.text:__kernel_rem_pio2)
                  00001a54    000005c4                                   : s_sin.c.obj (.text:sin)
                  00002018    00000334     system_msp432p401r.obj (.text)
                  0000234c    000002ec     rtsv7M4_T_le_v4SPD16_eabi.lib : s_atan.c.obj (.text:atan)
                  00002638    000001ec                                   : e_atan2.c.obj (.text:atan2)
                  00002824    000001b6                                   : fd_add_t2.asm.obj (.text)
                  000029da    00000002     --HOLE-- [fill = 0]
                  000029dc    00000174                                   : k_sin.c.obj (.text:__kernel_sin)
                  00002b50    0000016c                                   : k_cos.c.obj (.text:__kernel_cos)
                  00002cbc    00000158                                   : e_sqrt.c.obj (.text:sqrt)
                  00002e14    00000136                                   : fd_div_t2.asm.obj (.text)
                  00002f4a    00000002     --HOLE-- [fill = 0]
                  00002f4c    00000110                                   : s_scalbn.c.obj (.text:scalbn)
                  0000305c    000000fc                                   : fd_mul_t2.asm.obj (.text)
                  00003158    000000f8                                   : s_floor.c.obj (.text:floor)
                  00003250    000000a0     delay.obj (.text)
                  000032f0    000000a0     esc.obj (.text)
                  00003390    0000009c     imu.obj (.text)
                  0000342c    0000009c     rtsv7M4_T_le_v4SPD16_eabi.lib : memcpy_t2.asm.obj (.text)
                  000034c8    00000086                                   : fd_cmp_t2.asm.obj (.text:__aeabi_cdcmple)
                  0000354e    00000086                                   : fd_cmp_t2.asm.obj (.text:__aeabi_cdrcmple)
                  000035d4    0000006e                                   : fd_tos_t2.asm.obj (.text)
                  00003642    00000002     --HOLE-- [fill = 0]
                  00003644    0000006c     rc.obj (.text)
                  000036b0    00000068     rtsv7M4_T_le_v4SPD16_eabi.lib : copy_decompress_lzss.c.obj (.text:decompress:lzss:__TI_decompress_lzss)
                  00003718    00000048                                   : fd_toi_t2.asm.obj (.text)
                  00003760    00000044                                   : autoinit.c.obj (.text:__TI_auto_init_nobinit_nopinit:__TI_auto_init_nobinit_nopinit)
                  000037a4    0000003c     led.obj (.text)
                  000037e0    00000038     rtsv7M4_T_le_v4SPD16_eabi.lib : boot_cortex_m.c.obj (.text:_c_int00_noargs:_c_int00_noargs)
                  00003818    00000038                                   : fs_tod_t2.asm.obj (.text)
                  00003850    0000002e                                   : i_tofd_t2.asm.obj (.text)
                  0000387e    00000014                                   : s_copysign.c.obj (.text:copysign)
                  00003892    00000012                                   : copy_zero_init.c.obj (.text:decompress:ZI:__TI_zero_init_nomemset:__TI_zero_init_nomemset)
                  000038a4    0000000e                                   : copy_decompress_none.c.obj (.text:decompress:none:__TI_decompress_none)
                  000038b2    0000000e     startup_msp432p401r_ccs.obj (.text)
                  000038c0    00000008     rtsv7M4_T_le_v4SPD16_eabi.lib : errno.c.obj (.text:__aeabi_errno_addr)
                  000038c8    00000004                                   : pre_init.c.obj (.text:_system_pre_init)
                  000038cc    00000004                                   : exit.c.obj (.text:abort:abort)

.const     0    000038d0    000001f0     
                  000038d0    00000158     rtsv7M4_T_le_v4SPD16_eabi.lib : k_rem_pio2.c.obj (.const:$O1$$)
                  00003a28    00000098                                   : s_atan.c.obj (.const:$O1$$)

.cinit     0    00003ac0    00000030     
                  00003ac0    0000000c     (__TI_handler_table)
                  00003acc    0000000b     (.cinit..data.load) [load image, compression = lzss]
                  00003ad7    00000001     --HOLE-- [fill = 0]
                  00003ad8    00000008     (.cinit..bss.load) [load image, compression = zero_init]
                  00003ae0    00000010     (__TI_cinit_table)

.init_array 
*          0    00000000    00000000     UNINITIALIZED

.binit     0    00000000    00000000     

.bss       0    20000000    000000ae     UNINITIALIZED
                  20000000    00000060     (.common:ch)
                  20000060    00000010     (.common:esc)
                  20000070    0000000c     (.common:angle)
                  2000007c    0000000c     (.common:offset)
                  20000088    0000000c     (.common:pid)
                  20000094    0000000c     (.common:prev)
                  200000a0    0000000c     (.common:sum)
                  200000ac    00000001     (.common:i2c_flag)
                  200000ad    00000001     (.common:sample_flag)

.data      0    200000b0    00000008     UNINITIALIZED
                  200000b0    00000004     rtsv7M4_T_le_v4SPD16_eabi.lib : errno.c.obj (.data)
                  200000b4    00000004     system_msp432p401r.obj (.data)

.stack     0    2000fe00    00000200     UNINITIALIZED
                  2000fe00    00000004     rtsv7M4_T_le_v4SPD16_eabi.lib : boot_cortex_m.c.obj (.stack)
                  2000fe04    000001fc     --HOLE--

MODULE SUMMARY

       Module                        code    ro data   rw data
       ------                        ----    -------   -------
    .\
       main.obj                      4664    0         348    
       system_msp432p401r.obj        820     0         8      
       startup_msp432p401r_ccs.obj   14      228       0      
       delay.obj                     160     0         0      
       esc.obj                       160     0         0      
       imu.obj                       156     0         0      
       rc.obj                        108     0         0      
       led.obj                       60      0         0      
    +--+-----------------------------+-------+---------+---------+
       Total:                        6142    228       356    
                                                              
    C:\ti\ccsv8\tools\compiler\ti-cgt-arm_18.1.1.LTS\lib\rtsv7M4_T_le_v4SPD16_eabi.lib
       k_rem_pio2.c.obj              1848    344       0      
       s_sin.c.obj                   1476    0         0      
       s_atan.c.obj                  748     152       0      
       e_atan2.c.obj                 492     0         0      
       fd_add_t2.asm.obj             438     0         0      
       k_sin.c.obj                   372     0         0      
       k_cos.c.obj                   364     0         0      
       e_sqrt.c.obj                  344     0         0      
       fd_div_t2.asm.obj             310     0         0      
       s_scalbn.c.obj                272     0         0      
       fd_cmp_t2.asm.obj             268     0         0      
       fd_mul_t2.asm.obj             252     0         0      
       s_floor.c.obj                 248     0         0      
       memcpy_t2.asm.obj             156     0         0      
       fd_tos_t2.asm.obj             110     0         0      
       copy_decompress_lzss.c.obj    104     0         0      
       fd_toi_t2.asm.obj             72      0         0      
       autoinit.c.obj                68      0         0      
       boot_cortex_m.c.obj           56      0         0      
       fs_tod_t2.asm.obj             56      0         0      
       i_tofd_t2.asm.obj             46      0         0      
       s_copysign.c.obj              20      0         0      
       copy_zero_init.c.obj          18      0         0      
       errno.c.obj                   8       0         8      
       copy_decompress_none.c.obj    14      0         0      
       exit.c.obj                    4       0         0      
       pre_init.c.obj                4       0         0      
    +--+-----------------------------+-------+---------+---------+
       Total:                        8168    496       8      
                                                              
       Stack:                        0       0         1024   
       Linker Generated:             0       47        0      
    +--+-----------------------------+-------+---------+---------+
       Grand Total:                  14310   771       1388   


LINKER GENERATED COPY TABLES

__TI_cinit_table @ 00003ae0 records: 2, size/record: 8, table size: 16
	.data: load addr=00003acc, load size=0000000b bytes, run addr=200000b0, run size=00000008 bytes, compression=lzss
	.bss: load addr=00003ad8, load size=00000008 bytes, run addr=20000000, run size=000000ae bytes, compression=zero_init


LINKER GENERATED HANDLER TABLE

__TI_handler_table @ 00003ac0 records: 3, size/record: 4, table size: 12
	index: 0, handler: __TI_decompress_lzss
	index: 1, handler: __TI_decompress_none
	index: 2, handler: __TI_zero_init


GLOBAL SYMBOLS: SORTED ALPHABETICALLY BY Name 

address   name                          
-------   ----                          
00001229  ADC14_IRQHandler              
00001229  ADC14_IRQHandler              
000038bf  AES256_IRQHandler             
000038bf  BusFault_Handler              
000038cd  C$$EXIT                       
000038bf  COMP_E0_IRQHandler            
000038bf  COMP_E1_IRQHandler            
000038bf  CS_IRQHandler                 
000038bf  DMA_ERR_IRQHandler            
000038bf  DMA_INT0_IRQHandler           
000038bf  DMA_INT1_IRQHandler           
000038bf  DMA_INT2_IRQHandler           
000038bf  DMA_INT3_IRQHandler           
000038bf  DebugMon_Handler              
000038bf  Default_Handler               
000038bf  EUSCIA0_IRQHandler            
000038bf  EUSCIA1_IRQHandler            
000038bf  EUSCIA2_IRQHandler            
000038bf  EUSCIA3_IRQHandler            
000011df  EUSCIB0_IRQHandler            
000011df  EUSCIB0_IRQHandler            
000038bf  EUSCIB1_IRQHandler            
000038bf  EUSCIB2_IRQHandler            
000038bf  EUSCIB3_IRQHandler            
000038bf  FLCTL_IRQHandler              
000038bf  FPU_IRQHandler                
000038bf  HardFault_Handler             
000038bf  MemManage_Handler             
000038bf  NMI_Handler                   
000038bf  PCM_IRQHandler                
000038bf  PORT1_IRQHandler              
000038bf  PORT2_IRQHandler              
00000f65  PORT3_IRQHandler              
00000f65  PORT3_IRQHandler              
000038bf  PORT4_IRQHandler              
000038bf  PORT5_IRQHandler              
000038bf  PORT6_IRQHandler              
000038bf  PSS_IRQHandler                
000038bf  PendSV_Handler                
000038bf  RTC_C_IRQHandler              
000038b3  Reset_Handler                 
000038bf  SVC_Handler                   
000038bf  SysTick_Handler               
200000b4  SystemCoreClock               
00002019  SystemCoreClockUpdate         
00002291  SystemInit                    
000038bf  T32_INT1_IRQHandler           
00001299  T32_INT2_IRQHandler           
00001299  T32_INT2_IRQHandler           
000038bf  T32_INTC_IRQHandler           
000038bf  TA0_0_IRQHandler              
000038bf  TA0_N_IRQHandler              
00001211  TA1_0_IRQHandler              
00001211  TA1_0_IRQHandler              
000038bf  TA1_N_IRQHandler              
000038bf  TA2_0_IRQHandler              
000038bf  TA2_N_IRQHandler              
000038bf  TA3_0_IRQHandler              
000038bf  TA3_N_IRQHandler              
000038bf  UsageFault_Handler            
4000480c  WDTCTL_SYM                    
000038bf  WDT_A_IRQHandler              
20010000  __STACK_END                   
00000200  __STACK_SIZE                  
00003ae0  __TI_CINIT_Base               
00003af0  __TI_CINIT_Limit              
00003ac0  __TI_Handler_Table_Base       
00003acc  __TI_Handler_Table_Limit      
00003761  __TI_auto_init_nobinit_nopinit
000036b1  __TI_decompress_lzss          
000038a5  __TI_decompress_none          
ffffffff  __TI_pprof_out_hndl           
ffffffff  __TI_prof_data_size           
ffffffff  __TI_prof_data_start          
00000000  __TI_static_base__            
00003893  __TI_zero_init_nomemset       
000034c9  __aeabi_cdcmpeq               
000034c9  __aeabi_cdcmple               
0000354f  __aeabi_cdrcmple              
000035d5  __aeabi_d2f                   
00003719  __aeabi_d2iz                  
0000282f  __aeabi_dadd                  
00002e15  __aeabi_ddiv                  
0000305d  __aeabi_dmul                  
00002825  __aeabi_dsub                  
000038c1  __aeabi_errno_addr            
00003819  __aeabi_f2d                   
00003851  __aeabi_i2d                   
0000342d  __aeabi_memcpy                
0000342d  __aeabi_memcpy4               
0000342d  __aeabi_memcpy8               
ffffffff  __binit__                     
ffffffff  __c_args__                    
00002b51  __kernel_cos                  
0000131d  __kernel_rem_pio2             
000029dd  __kernel_sin                  
UNDEFED   __mpu_init                    
2000fe00  __stack                       
000037e1  _c_int00_noargs               
UNDEFED   _system_post_cinit            
000038c9  _system_pre_init              
000038cd  abort                         
20000070  angle                         
00000399  angle_calc                    
0000234d  atan                          
00002639  atan2                         
00002639  atan2l                        
0000234d  atanl                         
ffffffff  binit                         
20000000  ch                            
0000387f  copysign                      
0000387f  copysignl                     
000032b1  delay_ms                      
00003283  delay_us                      
200000b0  errno                         
20000060  esc                           
00003159  floor                         
00003159  floorl                        
200000ac  i2c_flag                      
0000012d  i2c_read                      
000001af  i2c_write                     
00003251  init_dco                      
000032f1  init_esc                      
00003391  init_imu                      
000037a5  init_led                      
00003645  init_rc                       
00000217  input_calc                    
00000000  interruptVectors              
00002f4d  ldexp                         
00002f4d  ldexpl                        
00000c75  main                          
0000342d  memcpy                        
2000007c  offset                        
00000b71  output_calc                   
20000088  pid                           
00000815  pid_calc                      
20000094  prev                          
200000ad  sample_flag                   
000000e5  saturate                      
00002f4d  scalbn                        
00002f4d  scalbnl                       
00001a55  sin                           
00001a55  sinl                          
00002cbd  sqrt                          
00002cbd  sqrtl                         
200000a0  sum                           


GLOBAL SYMBOLS: SORTED BY Symbol Address 

address   name                          
-------   ----                          
00000000  __TI_static_base__            
00000000  interruptVectors              
000000e5  saturate                      
0000012d  i2c_read                      
000001af  i2c_write                     
00000200  __STACK_SIZE                  
00000217  input_calc                    
00000399  angle_calc                    
00000815  pid_calc                      
00000b71  output_calc                   
00000c75  main                          
00000f65  PORT3_IRQHandler              
00000f65  PORT3_IRQHandler              
000011df  EUSCIB0_IRQHandler            
000011df  EUSCIB0_IRQHandler            
00001211  TA1_0_IRQHandler              
00001211  TA1_0_IRQHandler              
00001229  ADC14_IRQHandler              
00001229  ADC14_IRQHandler              
00001299  T32_INT2_IRQHandler           
00001299  T32_INT2_IRQHandler           
0000131d  __kernel_rem_pio2             
00001a55  sin                           
00001a55  sinl                          
00002019  SystemCoreClockUpdate         
00002291  SystemInit                    
0000234d  atan                          
0000234d  atanl                         
00002639  atan2                         
00002639  atan2l                        
00002825  __aeabi_dsub                  
0000282f  __aeabi_dadd                  
000029dd  __kernel_sin                  
00002b51  __kernel_cos                  
00002cbd  sqrt                          
00002cbd  sqrtl                         
00002e15  __aeabi_ddiv                  
00002f4d  ldexp                         
00002f4d  ldexpl                        
00002f4d  scalbn                        
00002f4d  scalbnl                       
0000305d  __aeabi_dmul                  
00003159  floor                         
00003159  floorl                        
00003251  init_dco                      
00003283  delay_us                      
000032b1  delay_ms                      
000032f1  init_esc                      
00003391  init_imu                      
0000342d  __aeabi_memcpy                
0000342d  __aeabi_memcpy4               
0000342d  __aeabi_memcpy8               
0000342d  memcpy                        
000034c9  __aeabi_cdcmpeq               
000034c9  __aeabi_cdcmple               
0000354f  __aeabi_cdrcmple              
000035d5  __aeabi_d2f                   
00003645  init_rc                       
000036b1  __TI_decompress_lzss          
00003719  __aeabi_d2iz                  
00003761  __TI_auto_init_nobinit_nopinit
000037a5  init_led                      
000037e1  _c_int00_noargs               
00003819  __aeabi_f2d                   
00003851  __aeabi_i2d                   
0000387f  copysign                      
0000387f  copysignl                     
00003893  __TI_zero_init_nomemset       
000038a5  __TI_decompress_none          
000038b3  Reset_Handler                 
000038bf  AES256_IRQHandler             
000038bf  BusFault_Handler              
000038bf  COMP_E0_IRQHandler            
000038bf  COMP_E1_IRQHandler            
000038bf  CS_IRQHandler                 
000038bf  DMA_ERR_IRQHandler            
000038bf  DMA_INT0_IRQHandler           
000038bf  DMA_INT1_IRQHandler           
000038bf  DMA_INT2_IRQHandler           
000038bf  DMA_INT3_IRQHandler           
000038bf  DebugMon_Handler              
000038bf  Default_Handler               
000038bf  EUSCIA0_IRQHandler            
000038bf  EUSCIA1_IRQHandler            
000038bf  EUSCIA2_IRQHandler            
000038bf  EUSCIA3_IRQHandler            
000038bf  EUSCIB1_IRQHandler            
000038bf  EUSCIB2_IRQHandler            
000038bf  EUSCIB3_IRQHandler            
000038bf  FLCTL_IRQHandler              
000038bf  FPU_IRQHandler                
000038bf  HardFault_Handler             
000038bf  MemManage_Handler             
000038bf  NMI_Handler                   
000038bf  PCM_IRQHandler                
000038bf  PORT1_IRQHandler              
000038bf  PORT2_IRQHandler              
000038bf  PORT4_IRQHandler              
000038bf  PORT5_IRQHandler              
000038bf  PORT6_IRQHandler              
000038bf  PSS_IRQHandler                
000038bf  PendSV_Handler                
000038bf  RTC_C_IRQHandler              
000038bf  SVC_Handler                   
000038bf  SysTick_Handler               
000038bf  T32_INT1_IRQHandler           
000038bf  T32_INTC_IRQHandler           
000038bf  TA0_0_IRQHandler              
000038bf  TA0_N_IRQHandler              
000038bf  TA1_N_IRQHandler              
000038bf  TA2_0_IRQHandler              
000038bf  TA2_N_IRQHandler              
000038bf  TA3_0_IRQHandler              
000038bf  TA3_N_IRQHandler              
000038bf  UsageFault_Handler            
000038bf  WDT_A_IRQHandler              
000038c1  __aeabi_errno_addr            
000038c9  _system_pre_init              
000038cd  C$$EXIT                       
000038cd  abort                         
00003ac0  __TI_Handler_Table_Base       
00003acc  __TI_Handler_Table_Limit      
00003ae0  __TI_CINIT_Base               
00003af0  __TI_CINIT_Limit              
20000000  ch                            
20000060  esc                           
20000070  angle                         
2000007c  offset                        
20000088  pid                           
20000094  prev                          
200000a0  sum                           
200000ac  i2c_flag                      
200000ad  sample_flag                   
200000b0  errno                         
200000b4  SystemCoreClock               
2000fe00  __stack                       
20010000  __STACK_END                   
4000480c  WDTCTL_SYM                    
ffffffff  __TI_pprof_out_hndl           
ffffffff  __TI_prof_data_size           
ffffffff  __TI_prof_data_start          
ffffffff  __binit__                     
ffffffff  __c_args__                    
ffffffff  binit                         
UNDEFED   __mpu_init                    
UNDEFED   _system_post_cinit            

[146 symbols]
