******************************************************************************
                  TI ARM Linker PC v18.1.1                     
******************************************************************************
>> Linked Wed Jun  6 12:51:13 2018

OUTPUT FILE NAME:   <P5.out>
ENTRY POINT SYMBOL: "_c_int00_noargs"  address: 000038c5


MEMORY CONFIGURATION

         name            origin    length      used     unused   attr    fill
----------------------  --------  ---------  --------  --------  ----  --------
  MAIN                  00000000   00040000  00003bd4  0003c42c  R  X
  INFO                  00200000   00004000  00000000  00004000  R  X
  SRAM_CODE             01000000   00010000  000002b6  0000fd4a  RW X
  SRAM_DATA             20000000   00010000  000002b6  0000fd4a  RW  


SEGMENT ALLOCATION MAP

run origin  load origin   length   init length attrs members
----------  ----------- ---------- ----------- ----- -------
00000000    00000000    00003bd8   00003bd8    r-x
  00000000    00000000    000000e4   000000e4    r-- .intvecs
  000000e4    000000e4    000038d0   000038d0    r-x .text
  000039b8    000039b8    000001f0   000001f0    r-- .const
  00003ba8    00003ba8    00000030   00000030    r-- .cinit
20000000    20000000    000000b8   00000000    rw-
  20000000    20000000    000000ae   00000000    rw- .bss
  200000b0    200000b0    00000008   00000000    rw- .data
2000fe00    2000fe00    00000200   00000000    rw-
  2000fe00    2000fe00    00000200   00000000    rw- .stack


SECTION ALLOCATION MAP

 output                                  attributes/
section   page    origin      length       input sections
--------  ----  ----------  ----------   ----------------
.intvecs   0    00000000    000000e4     
                  00000000    000000e4     startup_msp432p401r_ccs.obj (.intvecs:retain)

.text      0    000000e4    000038d0     
                  000000e4    00001264     main.obj (.text)
                  00001348    00000738     rtsv7M4_T_le_v4SPD16_eabi.lib : k_rem_pio2.c.obj (.text:__kernel_rem_pio2)
                  00001a80    000005c4                                   : s_sin.c.obj (.text:sin)
                  00002044    00000334     system_msp432p401r.obj (.text)
                  00002378    000002ec     rtsv7M4_T_le_v4SPD16_eabi.lib : s_atan.c.obj (.text:atan)
                  00002664    000001ec                                   : e_atan2.c.obj (.text:atan2)
                  00002850    000001b6                                   : fd_add_t2.asm.obj (.text)
                  00002a06    00000002     --HOLE-- [fill = 0]
                  00002a08    00000174                                   : k_sin.c.obj (.text:__kernel_sin)
                  00002b7c    0000016c                                   : k_cos.c.obj (.text:__kernel_cos)
                  00002ce8    00000158                                   : e_sqrt.c.obj (.text:sqrt)
                  00002e40    00000136                                   : fd_div_t2.asm.obj (.text)
                  00002f76    00000002     --HOLE-- [fill = 0]
                  00002f78    00000110                                   : s_scalbn.c.obj (.text:scalbn)
                  00003088    000000fc                                   : fd_mul_t2.asm.obj (.text)
                  00003184    000000f8                                   : s_floor.c.obj (.text:floor)
                  0000327c    000000b8     battery.obj (.text)
                  00003334    000000a0     delay.obj (.text)
                  000033d4    000000a0     esc.obj (.text)
                  00003474    0000009c     imu.obj (.text)
                  00003510    0000009c     rtsv7M4_T_le_v4SPD16_eabi.lib : memcpy_t2.asm.obj (.text)
                  000035ac    00000086                                   : fd_cmp_t2.asm.obj (.text:__aeabi_cdcmple)
                  00003632    00000086                                   : fd_cmp_t2.asm.obj (.text:__aeabi_cdrcmple)
                  000036b8    0000006e                                   : fd_tos_t2.asm.obj (.text)
                  00003726    00000002     --HOLE-- [fill = 0]
                  00003728    0000006c     rc.obj (.text)
                  00003794    00000068     rtsv7M4_T_le_v4SPD16_eabi.lib : copy_decompress_lzss.c.obj (.text:decompress:lzss:__TI_decompress_lzss)
                  000037fc    00000048                                   : fd_toi_t2.asm.obj (.text)
                  00003844    00000044                                   : autoinit.c.obj (.text:__TI_auto_init_nobinit_nopinit:__TI_auto_init_nobinit_nopinit)
                  00003888    0000003c     led.obj (.text)
                  000038c4    00000038     rtsv7M4_T_le_v4SPD16_eabi.lib : boot_cortex_m.c.obj (.text:_c_int00_noargs:_c_int00_noargs)
                  000038fc    00000038                                   : fs_tod_t2.asm.obj (.text)
                  00003934    0000002e                                   : i_tofd_t2.asm.obj (.text)
                  00003962    00000014                                   : s_copysign.c.obj (.text:copysign)
                  00003976    00000012                                   : copy_zero_init.c.obj (.text:decompress:ZI:__TI_zero_init_nomemset:__TI_zero_init_nomemset)
                  00003988    0000000e                                   : copy_decompress_none.c.obj (.text:decompress:none:__TI_decompress_none)
                  00003996    0000000e     startup_msp432p401r_ccs.obj (.text)
                  000039a4    00000008     rtsv7M4_T_le_v4SPD16_eabi.lib : errno.c.obj (.text:__aeabi_errno_addr)
                  000039ac    00000004                                   : pre_init.c.obj (.text:_system_pre_init)
                  000039b0    00000004                                   : exit.c.obj (.text:abort:abort)

.const     0    000039b8    000001f0     
                  000039b8    00000158     rtsv7M4_T_le_v4SPD16_eabi.lib : k_rem_pio2.c.obj (.const:$O1$$)
                  00003b10    00000098                                   : s_atan.c.obj (.const:$O1$$)

.cinit     0    00003ba8    00000030     
                  00003ba8    0000000c     (__TI_handler_table)
                  00003bb4    0000000b     (.cinit..data.load) [load image, compression = lzss]
                  00003bbf    00000001     --HOLE-- [fill = 0]
                  00003bc0    00000008     (.cinit..bss.load) [load image, compression = zero_init]
                  00003bc8    00000010     (__TI_cinit_table)

.init_array 
*          0    00000000    00000000     UNINITIALIZED

.binit     0    00000000    00000000     

.bss       0    20000000    000000ae     UNINITIALIZED
                  20000000    00000060     (.common:ch)
                  20000060    00000010     (.common:esc)
                  20000070    0000000c     (.common:angle)
                  2000007c    0000000c     (.common:offset)
                  20000088    0000000c     (.common:pid)
                  20000094    0000000c     (.common:prev)
                  200000a0    0000000c     (.common:sum)
                  200000ac    00000001     (.common:i2c_flag)
                  200000ad    00000001     (.common:sample_flag)

.data      0    200000b0    00000008     UNINITIALIZED
                  200000b0    00000004     rtsv7M4_T_le_v4SPD16_eabi.lib : errno.c.obj (.data)
                  200000b4    00000004     system_msp432p401r.obj (.data)

.stack     0    2000fe00    00000200     UNINITIALIZED
                  2000fe00    00000004     rtsv7M4_T_le_v4SPD16_eabi.lib : boot_cortex_m.c.obj (.stack)
                  2000fe04    000001fc     --HOLE--

MODULE SUMMARY

       Module                        code    ro data   rw data
       ------                        ----    -------   -------
    .\
       main.obj                      4708    0         348    
       system_msp432p401r.obj        820     0         8      
       startup_msp432p401r_ccs.obj   14      228       0      
       battery.obj                   184     0         0      
       delay.obj                     160     0         0      
       esc.obj                       160     0         0      
       imu.obj                       156     0         0      
       rc.obj                        108     0         0      
       led.obj                       60      0         0      
    +--+-----------------------------+-------+---------+---------+
       Total:                        6370    228       356    
                                                              
    C:\ti\ccsv8\tools\compiler\ti-cgt-arm_18.1.1.LTS\lib\rtsv7M4_T_le_v4SPD16_eabi.lib
       k_rem_pio2.c.obj              1848    344       0      
       s_sin.c.obj                   1476    0         0      
       s_atan.c.obj                  748     152       0      
       e_atan2.c.obj                 492     0         0      
       fd_add_t2.asm.obj             438     0         0      
       k_sin.c.obj                   372     0         0      
       k_cos.c.obj                   364     0         0      
       e_sqrt.c.obj                  344     0         0      
       fd_div_t2.asm.obj             310     0         0      
       s_scalbn.c.obj                272     0         0      
       fd_cmp_t2.asm.obj             268     0         0      
       fd_mul_t2.asm.obj             252     0         0      
       s_floor.c.obj                 248     0         0      
       memcpy_t2.asm.obj             156     0         0      
       fd_tos_t2.asm.obj             110     0         0      
       copy_decompress_lzss.c.obj    104     0         0      
       fd_toi_t2.asm.obj             72      0         0      
       autoinit.c.obj                68      0         0      
       boot_cortex_m.c.obj           56      0         0      
       fs_tod_t2.asm.obj             56      0         0      
       i_tofd_t2.asm.obj             46      0         0      
       s_copysign.c.obj              20      0         0      
       copy_zero_init.c.obj          18      0         0      
       errno.c.obj                   8       0         8      
       copy_decompress_none.c.obj    14      0         0      
       exit.c.obj                    4       0         0      
       pre_init.c.obj                4       0         0      
    +--+-----------------------------+-------+---------+---------+
       Total:                        8168    496       8      
                                                              
       Stack:                        0       0         1024   
       Linker Generated:             0       47        0      
    +--+-----------------------------+-------+---------+---------+
       Grand Total:                  14538   771       1388   


LINKER GENERATED COPY TABLES

__TI_cinit_table @ 00003bc8 records: 2, size/record: 8, table size: 16
	.data: load addr=00003bb4, load size=0000000b bytes, run addr=200000b0, run size=00000008 bytes, compression=lzss
	.bss: load addr=00003bc0, load size=00000008 bytes, run addr=20000000, run size=000000ae bytes, compression=zero_init


LINKER GENERATED HANDLER TABLE

__TI_handler_table @ 00003ba8 records: 3, size/record: 4, table size: 12
	index: 0, handler: __TI_decompress_lzss
	index: 1, handler: __TI_decompress_none
	index: 2, handler: __TI_zero_init


GLOBAL SYMBOLS: SORTED ALPHABETICALLY BY Name 

address   name                          
-------   ----                          
00001245  ADC14_IRQHandler              
00001245  ADC14_IRQHandler              
000039a3  AES256_IRQHandler             
000039a3  BusFault_Handler              
000039b1  C$$EXIT                       
000039a3  COMP_E0_IRQHandler            
000039a3  COMP_E1_IRQHandler            
000039a3  CS_IRQHandler                 
000039a3  DMA_ERR_IRQHandler            
000039a3  DMA_INT0_IRQHandler           
000039a3  DMA_INT1_IRQHandler           
000039a3  DMA_INT2_IRQHandler           
000039a3  DMA_INT3_IRQHandler           
000039a3  DebugMon_Handler              
000039a3  Default_Handler               
000039a3  EUSCIA0_IRQHandler            
000039a3  EUSCIA1_IRQHandler            
000039a3  EUSCIA2_IRQHandler            
000039a3  EUSCIA3_IRQHandler            
000011e9  EUSCIB0_IRQHandler            
000011e9  EUSCIB0_IRQHandler            
000039a3  EUSCIB1_IRQHandler            
000039a3  EUSCIB2_IRQHandler            
000039a3  EUSCIB3_IRQHandler            
000039a3  FLCTL_IRQHandler              
000039a3  FPU_IRQHandler                
000039a3  HardFault_Handler             
000039a3  MemManage_Handler             
000039a3  NMI_Handler                   
000039a3  PCM_IRQHandler                
000039a3  PORT1_IRQHandler              
000039a3  PORT2_IRQHandler              
00000f6d  PORT3_IRQHandler              
00000f6d  PORT3_IRQHandler              
000039a3  PORT4_IRQHandler              
000039a3  PORT5_IRQHandler              
000039a3  PORT6_IRQHandler              
000039a3  PSS_IRQHandler                
000039a3  PendSV_Handler                
000039a3  RTC_C_IRQHandler              
00003997  Reset_Handler                 
000039a3  SVC_Handler                   
000039a3  SysTick_Handler               
200000b4  SystemCoreClock               
00002045  SystemCoreClockUpdate         
000022bd  SystemInit                    
000039a3  T32_INT1_IRQHandler           
000012cd  T32_INT2_IRQHandler           
000012cd  T32_INT2_IRQHandler           
000039a3  T32_INTC_IRQHandler           
000039a3  TA0_0_IRQHandler              
000039a3  TA0_N_IRQHandler              
0000121b  TA1_0_IRQHandler              
0000121b  TA1_0_IRQHandler              
000039a3  TA1_N_IRQHandler              
000039a3  TA2_0_IRQHandler              
000039a3  TA2_N_IRQHandler              
000039a3  TA3_0_IRQHandler              
000039a3  TA3_N_IRQHandler              
000039a3  UsageFault_Handler            
4000480c  WDTCTL_SYM                    
000039a3  WDT_A_IRQHandler              
20010000  __STACK_END                   
00000200  __STACK_SIZE                  
00003bc8  __TI_CINIT_Base               
00003bd8  __TI_CINIT_Limit              
00003ba8  __TI_Handler_Table_Base       
00003bb4  __TI_Handler_Table_Limit      
00003845  __TI_auto_init_nobinit_nopinit
00003795  __TI_decompress_lzss          
00003989  __TI_decompress_none          
ffffffff  __TI_pprof_out_hndl           
ffffffff  __TI_prof_data_size           
ffffffff  __TI_prof_data_start          
00000000  __TI_static_base__            
00003977  __TI_zero_init_nomemset       
000035ad  __aeabi_cdcmpeq               
000035ad  __aeabi_cdcmple               
00003633  __aeabi_cdrcmple              
000036b9  __aeabi_d2f                   
000037fd  __aeabi_d2iz                  
0000285b  __aeabi_dadd                  
00002e41  __aeabi_ddiv                  
00003089  __aeabi_dmul                  
00002851  __aeabi_dsub                  
000039a5  __aeabi_errno_addr            
000038fd  __aeabi_f2d                   
00003935  __aeabi_i2d                   
00003511  __aeabi_memcpy                
00003511  __aeabi_memcpy4               
00003511  __aeabi_memcpy8               
ffffffff  __binit__                     
ffffffff  __c_args__                    
00002b7d  __kernel_cos                  
00001349  __kernel_rem_pio2             
00002a09  __kernel_sin                  
UNDEFED   __mpu_init                    
2000fe00  __stack                       
000038c5  _c_int00_noargs               
UNDEFED   _system_post_cinit            
000039ad  _system_pre_init              
000039b1  abort                         
20000070  angle                         
00000399  angle_calc                    
00002379  atan                          
00002665  atan2                         
00002665  atan2l                        
00002379  atanl                         
ffffffff  binit                         
20000000  ch                            
00003963  copysign                      
00003963  copysignl                     
00003395  delay_ms                      
00003367  delay_us                      
200000b0  errno                         
20000060  esc                           
00003185  floor                         
00003185  floorl                        
200000ac  i2c_flag                      
0000012d  i2c_read                      
000001af  i2c_write                     
0000327d  init_battery                  
00003335  init_dco                      
000033d5  init_esc                      
00003475  init_imu                      
00003889  init_led                      
00003729  init_rc                       
00000217  input_calc                    
00000000  interruptVectors              
00002f79  ldexp                         
00002f79  ldexpl                        
00000c75  main                          
00003511  memcpy                        
2000007c  offset                        
00000b71  output_calc                   
20000088  pid                           
00000815  pid_calc                      
20000094  prev                          
200000ad  sample_flag                   
000000e5  saturate                      
00002f79  scalbn                        
00002f79  scalbnl                       
00001a81  sin                           
00001a81  sinl                          
00002ce9  sqrt                          
00002ce9  sqrtl                         
200000a0  sum                           


GLOBAL SYMBOLS: SORTED BY Symbol Address 

address   name                          
-------   ----                          
00000000  __TI_static_base__            
00000000  interruptVectors              
000000e5  saturate                      
0000012d  i2c_read                      
000001af  i2c_write                     
00000200  __STACK_SIZE                  
00000217  input_calc                    
00000399  angle_calc                    
00000815  pid_calc                      
00000b71  output_calc                   
00000c75  main                          
00000f6d  PORT3_IRQHandler              
00000f6d  PORT3_IRQHandler              
000011e9  EUSCIB0_IRQHandler            
000011e9  EUSCIB0_IRQHandler            
0000121b  TA1_0_IRQHandler              
0000121b  TA1_0_IRQHandler              
00001245  ADC14_IRQHandler              
00001245  ADC14_IRQHandler              
000012cd  T32_INT2_IRQHandler           
000012cd  T32_INT2_IRQHandler           
00001349  __kernel_rem_pio2             
00001a81  sin                           
00001a81  sinl                          
00002045  SystemCoreClockUpdate         
000022bd  SystemInit                    
00002379  atan                          
00002379  atanl                         
00002665  atan2                         
00002665  atan2l                        
00002851  __aeabi_dsub                  
0000285b  __aeabi_dadd                  
00002a09  __kernel_sin                  
00002b7d  __kernel_cos                  
00002ce9  sqrt                          
00002ce9  sqrtl                         
00002e41  __aeabi_ddiv                  
00002f79  ldexp                         
00002f79  ldexpl                        
00002f79  scalbn                        
00002f79  scalbnl                       
00003089  __aeabi_dmul                  
00003185  floor                         
00003185  floorl                        
0000327d  init_battery                  
00003335  init_dco                      
00003367  delay_us                      
00003395  delay_ms                      
000033d5  init_esc                      
00003475  init_imu                      
00003511  __aeabi_memcpy                
00003511  __aeabi_memcpy4               
00003511  __aeabi_memcpy8               
00003511  memcpy                        
000035ad  __aeabi_cdcmpeq               
000035ad  __aeabi_cdcmple               
00003633  __aeabi_cdrcmple              
000036b9  __aeabi_d2f                   
00003729  init_rc                       
00003795  __TI_decompress_lzss          
000037fd  __aeabi_d2iz                  
00003845  __TI_auto_init_nobinit_nopinit
00003889  init_led                      
000038c5  _c_int00_noargs               
000038fd  __aeabi_f2d                   
00003935  __aeabi_i2d                   
00003963  copysign                      
00003963  copysignl                     
00003977  __TI_zero_init_nomemset       
00003989  __TI_decompress_none          
00003997  Reset_Handler                 
000039a3  AES256_IRQHandler             
000039a3  BusFault_Handler              
000039a3  COMP_E0_IRQHandler            
000039a3  COMP_E1_IRQHandler            
000039a3  CS_IRQHandler                 
000039a3  DMA_ERR_IRQHandler            
000039a3  DMA_INT0_IRQHandler           
000039a3  DMA_INT1_IRQHandler           
000039a3  DMA_INT2_IRQHandler           
000039a3  DMA_INT3_IRQHandler           
000039a3  DebugMon_Handler              
000039a3  Default_Handler               
000039a3  EUSCIA0_IRQHandler            
000039a3  EUSCIA1_IRQHandler            
000039a3  EUSCIA2_IRQHandler            
000039a3  EUSCIA3_IRQHandler            
000039a3  EUSCIB1_IRQHandler            
000039a3  EUSCIB2_IRQHandler            
000039a3  EUSCIB3_IRQHandler            
000039a3  FLCTL_IRQHandler              
000039a3  FPU_IRQHandler                
000039a3  HardFault_Handler             
000039a3  MemManage_Handler             
000039a3  NMI_Handler                   
000039a3  PCM_IRQHandler                
000039a3  PORT1_IRQHandler              
000039a3  PORT2_IRQHandler              
000039a3  PORT4_IRQHandler              
000039a3  PORT5_IRQHandler              
000039a3  PORT6_IRQHandler              
000039a3  PSS_IRQHandler                
000039a3  PendSV_Handler                
000039a3  RTC_C_IRQHandler              
000039a3  SVC_Handler                   
000039a3  SysTick_Handler               
000039a3  T32_INT1_IRQHandler           
000039a3  T32_INTC_IRQHandler           
000039a3  TA0_0_IRQHandler              
000039a3  TA0_N_IRQHandler              
000039a3  TA1_N_IRQHandler              
000039a3  TA2_0_IRQHandler              
000039a3  TA2_N_IRQHandler              
000039a3  TA3_0_IRQHandler              
000039a3  TA3_N_IRQHandler              
000039a3  UsageFault_Handler            
000039a3  WDT_A_IRQHandler              
000039a5  __aeabi_errno_addr            
000039ad  _system_pre_init              
000039b1  C$$EXIT                       
000039b1  abort                         
00003ba8  __TI_Handler_Table_Base       
00003bb4  __TI_Handler_Table_Limit      
00003bc8  __TI_CINIT_Base               
00003bd8  __TI_CINIT_Limit              
20000000  ch                            
20000060  esc                           
20000070  angle                         
2000007c  offset                        
20000088  pid                           
20000094  prev                          
200000a0  sum                           
200000ac  i2c_flag                      
200000ad  sample_flag                   
200000b0  errno                         
200000b4  SystemCoreClock               
2000fe00  __stack                       
20010000  __STACK_END                   
4000480c  WDTCTL_SYM                    
ffffffff  __TI_pprof_out_hndl           
ffffffff  __TI_prof_data_size           
ffffffff  __TI_prof_data_start          
ffffffff  __binit__                     
ffffffff  __c_args__                    
ffffffff  binit                         
UNDEFED   __mpu_init                    
UNDEFED   _system_post_cinit            

[147 symbols]
