******************************************************************************
                  TI ARM Linker PC v18.1.1                     
******************************************************************************
>> Linked Tue Jun  5 23:30:05 2018

OUTPUT FILE NAME:   <P5.out>
ENTRY POINT SYMBOL: "_c_int00_noargs"  address: 000037bd


MEMORY CONFIGURATION

         name            origin    length      used     unused   attr    fill
----------------------  --------  ---------  --------  --------  ----  --------
  MAIN                  00000000   00040000  00003acc  0003c534  R  X
  INFO                  00200000   00004000  00000000  00004000  R  X
  SRAM_CODE             01000000   00010000  000002b6  0000fd4a  RW X
  SRAM_DATA             20000000   00010000  000002b6  0000fd4a  RW  


SEGMENT ALLOCATION MAP

run origin  load origin   length   init length attrs members
----------  ----------- ---------- ----------- ----- -------
00000000    00000000    00003ad0   00003ad0    r-x
  00000000    00000000    000000e4   000000e4    r-- .intvecs
  000000e4    000000e4    000037c8   000037c8    r-x .text
  000038b0    000038b0    000001f0   000001f0    r-- .const
  00003aa0    00003aa0    00000030   00000030    r-- .cinit
20000000    20000000    000000b8   00000000    rw-
  20000000    20000000    000000ae   00000000    rw- .bss
  200000b0    200000b0    00000008   00000000    rw- .data
2000fe00    2000fe00    00000200   00000000    rw-
  2000fe00    2000fe00    00000200   00000000    rw- .stack


SECTION ALLOCATION MAP

 output                                  attributes/
section   page    origin      length       input sections
--------  ----  ----------  ----------   ----------------
.intvecs   0    00000000    000000e4     
                  00000000    000000e4     startup_msp432p401r_ccs.obj (.intvecs:retain)

.text      0    000000e4    000037c8     
                  000000e4    00001214     main.obj (.text)
                  000012f8    00000738     rtsv7M4_T_le_v4SPD16_eabi.lib : k_rem_pio2.c.obj (.text:__kernel_rem_pio2)
                  00001a30    000005c4                                   : s_sin.c.obj (.text:sin)
                  00001ff4    00000334     system_msp432p401r.obj (.text)
                  00002328    000002ec     rtsv7M4_T_le_v4SPD16_eabi.lib : s_atan.c.obj (.text:atan)
                  00002614    000001ec                                   : e_atan2.c.obj (.text:atan2)
                  00002800    000001b6                                   : fd_add_t2.asm.obj (.text)
                  000029b6    00000002     --HOLE-- [fill = 0]
                  000029b8    00000174                                   : k_sin.c.obj (.text:__kernel_sin)
                  00002b2c    0000016c                                   : k_cos.c.obj (.text:__kernel_cos)
                  00002c98    00000158                                   : e_sqrt.c.obj (.text:sqrt)
                  00002df0    00000136                                   : fd_div_t2.asm.obj (.text)
                  00002f26    00000002     --HOLE-- [fill = 0]
                  00002f28    00000110                                   : s_scalbn.c.obj (.text:scalbn)
                  00003038    000000fc                                   : fd_mul_t2.asm.obj (.text)
                  00003134    000000f8                                   : s_floor.c.obj (.text:floor)
                  0000322c    000000a0     delay.obj (.text)
                  000032cc    000000a0     esc.obj (.text)
                  0000336c    0000009c     imu.obj (.text)
                  00003408    0000009c     rtsv7M4_T_le_v4SPD16_eabi.lib : memcpy_t2.asm.obj (.text)
                  000034a4    00000086                                   : fd_cmp_t2.asm.obj (.text:__aeabi_cdcmple)
                  0000352a    00000086                                   : fd_cmp_t2.asm.obj (.text:__aeabi_cdrcmple)
                  000035b0    0000006e                                   : fd_tos_t2.asm.obj (.text)
                  0000361e    00000002     --HOLE-- [fill = 0]
                  00003620    0000006c     rc.obj (.text)
                  0000368c    00000068     rtsv7M4_T_le_v4SPD16_eabi.lib : copy_decompress_lzss.c.obj (.text:decompress:lzss:__TI_decompress_lzss)
                  000036f4    00000048                                   : fd_toi_t2.asm.obj (.text)
                  0000373c    00000044                                   : autoinit.c.obj (.text:__TI_auto_init_nobinit_nopinit:__TI_auto_init_nobinit_nopinit)
                  00003780    0000003c     led.obj (.text)
                  000037bc    00000038     rtsv7M4_T_le_v4SPD16_eabi.lib : boot_cortex_m.c.obj (.text:_c_int00_noargs:_c_int00_noargs)
                  000037f4    00000038                                   : fs_tod_t2.asm.obj (.text)
                  0000382c    0000002e                                   : i_tofd_t2.asm.obj (.text)
                  0000385a    00000014                                   : s_copysign.c.obj (.text:copysign)
                  0000386e    00000012                                   : copy_zero_init.c.obj (.text:decompress:ZI:__TI_zero_init_nomemset:__TI_zero_init_nomemset)
                  00003880    0000000e                                   : copy_decompress_none.c.obj (.text:decompress:none:__TI_decompress_none)
                  0000388e    0000000e     startup_msp432p401r_ccs.obj (.text)
                  0000389c    00000008     rtsv7M4_T_le_v4SPD16_eabi.lib : errno.c.obj (.text:__aeabi_errno_addr)
                  000038a4    00000004                                   : pre_init.c.obj (.text:_system_pre_init)
                  000038a8    00000004                                   : exit.c.obj (.text:abort:abort)

.const     0    000038b0    000001f0     
                  000038b0    00000158     rtsv7M4_T_le_v4SPD16_eabi.lib : k_rem_pio2.c.obj (.const:$O1$$)
                  00003a08    00000098                                   : s_atan.c.obj (.const:$O1$$)

.cinit     0    00003aa0    00000030     
                  00003aa0    0000000c     (__TI_handler_table)
                  00003aac    0000000b     (.cinit..data.load) [load image, compression = lzss]
                  00003ab7    00000001     --HOLE-- [fill = 0]
                  00003ab8    00000008     (.cinit..bss.load) [load image, compression = zero_init]
                  00003ac0    00000010     (__TI_cinit_table)

.init_array 
*          0    00000000    00000000     UNINITIALIZED

.binit     0    00000000    00000000     

.bss       0    20000000    000000ae     UNINITIALIZED
                  20000000    00000060     (.common:ch)
                  20000060    00000010     (.common:esc)
                  20000070    0000000c     (.common:angle)
                  2000007c    0000000c     (.common:offset)
                  20000088    0000000c     (.common:pid)
                  20000094    0000000c     (.common:prev)
                  200000a0    0000000c     (.common:sum)
                  200000ac    00000001     (.common:i2c_flag)
                  200000ad    00000001     (.common:sample_flag)

.data      0    200000b0    00000008     UNINITIALIZED
                  200000b0    00000004     rtsv7M4_T_le_v4SPD16_eabi.lib : errno.c.obj (.data)
                  200000b4    00000004     system_msp432p401r.obj (.data)

.stack     0    2000fe00    00000200     UNINITIALIZED
                  2000fe00    00000004     rtsv7M4_T_le_v4SPD16_eabi.lib : boot_cortex_m.c.obj (.stack)
                  2000fe04    000001fc     --HOLE--

MODULE SUMMARY

       Module                        code    ro data   rw data
       ------                        ----    -------   -------
    .\
       main.obj                      4628    0         348    
       system_msp432p401r.obj        820     0         8      
       startup_msp432p401r_ccs.obj   14      228       0      
       delay.obj                     160     0         0      
       esc.obj                       160     0         0      
       imu.obj                       156     0         0      
       rc.obj                        108     0         0      
       led.obj                       60      0         0      
    +--+-----------------------------+-------+---------+---------+
       Total:                        6106    228       356    
                                                              
    C:\ti\ccsv8\tools\compiler\ti-cgt-arm_18.1.1.LTS\lib\rtsv7M4_T_le_v4SPD16_eabi.lib
       k_rem_pio2.c.obj              1848    344       0      
       s_sin.c.obj                   1476    0         0      
       s_atan.c.obj                  748     152       0      
       e_atan2.c.obj                 492     0         0      
       fd_add_t2.asm.obj             438     0         0      
       k_sin.c.obj                   372     0         0      
       k_cos.c.obj                   364     0         0      
       e_sqrt.c.obj                  344     0         0      
       fd_div_t2.asm.obj             310     0         0      
       s_scalbn.c.obj                272     0         0      
       fd_cmp_t2.asm.obj             268     0         0      
       fd_mul_t2.asm.obj             252     0         0      
       s_floor.c.obj                 248     0         0      
       memcpy_t2.asm.obj             156     0         0      
       fd_tos_t2.asm.obj             110     0         0      
       copy_decompress_lzss.c.obj    104     0         0      
       fd_toi_t2.asm.obj             72      0         0      
       autoinit.c.obj                68      0         0      
       boot_cortex_m.c.obj           56      0         0      
       fs_tod_t2.asm.obj             56      0         0      
       i_tofd_t2.asm.obj             46      0         0      
       s_copysign.c.obj              20      0         0      
       copy_zero_init.c.obj          18      0         0      
       errno.c.obj                   8       0         8      
       copy_decompress_none.c.obj    14      0         0      
       exit.c.obj                    4       0         0      
       pre_init.c.obj                4       0         0      
    +--+-----------------------------+-------+---------+---------+
       Total:                        8168    496       8      
                                                              
       Stack:                        0       0         1024   
       Linker Generated:             0       47        0      
    +--+-----------------------------+-------+---------+---------+
       Grand Total:                  14274   771       1388   


LINKER GENERATED COPY TABLES

__TI_cinit_table @ 00003ac0 records: 2, size/record: 8, table size: 16
	.data: load addr=00003aac, load size=0000000b bytes, run addr=200000b0, run size=00000008 bytes, compression=lzss
	.bss: load addr=00003ab8, load size=00000008 bytes, run addr=20000000, run size=000000ae bytes, compression=zero_init


LINKER GENERATED HANDLER TABLE

__TI_handler_table @ 00003aa0 records: 3, size/record: 4, table size: 12
	index: 0, handler: __TI_decompress_lzss
	index: 1, handler: __TI_decompress_none
	index: 2, handler: __TI_zero_init


GLOBAL SYMBOLS: SORTED ALPHABETICALLY BY Name 

address   name                          
-------   ----                          
00001205  ADC14_IRQHandler              
00001205  ADC14_IRQHandler              
0000389b  AES256_IRQHandler             
0000389b  BusFault_Handler              
000038a9  C$$EXIT                       
0000389b  COMP_E0_IRQHandler            
0000389b  COMP_E1_IRQHandler            
0000389b  CS_IRQHandler                 
0000389b  DMA_ERR_IRQHandler            
0000389b  DMA_INT0_IRQHandler           
0000389b  DMA_INT1_IRQHandler           
0000389b  DMA_INT2_IRQHandler           
0000389b  DMA_INT3_IRQHandler           
0000389b  DebugMon_Handler              
0000389b  Default_Handler               
0000389b  EUSCIA0_IRQHandler            
0000389b  EUSCIA1_IRQHandler            
0000389b  EUSCIA2_IRQHandler            
0000389b  EUSCIA3_IRQHandler            
000011bd  EUSCIB0_IRQHandler            
000011bd  EUSCIB0_IRQHandler            
0000389b  EUSCIB1_IRQHandler            
0000389b  EUSCIB2_IRQHandler            
0000389b  EUSCIB3_IRQHandler            
0000389b  FLCTL_IRQHandler              
0000389b  FPU_IRQHandler                
0000389b  HardFault_Handler             
0000389b  MemManage_Handler             
0000389b  NMI_Handler                   
0000389b  PCM_IRQHandler                
0000389b  PORT1_IRQHandler              
0000389b  PORT2_IRQHandler              
00000f41  PORT3_IRQHandler              
00000f41  PORT3_IRQHandler              
0000389b  PORT4_IRQHandler              
0000389b  PORT5_IRQHandler              
0000389b  PORT6_IRQHandler              
0000389b  PSS_IRQHandler                
0000389b  PendSV_Handler                
0000389b  RTC_C_IRQHandler              
0000388f  Reset_Handler                 
0000389b  SVC_Handler                   
0000389b  SysTick_Handler               
200000b4  SystemCoreClock               
00001ff5  SystemCoreClockUpdate         
0000226d  SystemInit                    
0000389b  T32_INT1_IRQHandler           
00001275  T32_INT2_IRQHandler           
00001275  T32_INT2_IRQHandler           
0000389b  T32_INTC_IRQHandler           
0000389b  TA0_0_IRQHandler              
0000389b  TA0_N_IRQHandler              
000011ef  TA1_0_IRQHandler              
000011ef  TA1_0_IRQHandler              
0000389b  TA1_N_IRQHandler              
0000389b  TA2_0_IRQHandler              
0000389b  TA2_N_IRQHandler              
0000389b  TA3_0_IRQHandler              
0000389b  TA3_N_IRQHandler              
0000389b  UsageFault_Handler            
4000480c  WDTCTL_SYM                    
0000389b  WDT_A_IRQHandler              
20010000  __STACK_END                   
00000200  __STACK_SIZE                  
00003ac0  __TI_CINIT_Base               
00003ad0  __TI_CINIT_Limit              
00003aa0  __TI_Handler_Table_Base       
00003aac  __TI_Handler_Table_Limit      
0000373d  __TI_auto_init_nobinit_nopinit
0000368d  __TI_decompress_lzss          
00003881  __TI_decompress_none          
ffffffff  __TI_pprof_out_hndl           
ffffffff  __TI_prof_data_size           
ffffffff  __TI_prof_data_start          
00000000  __TI_static_base__            
0000386f  __TI_zero_init_nomemset       
000034a5  __aeabi_cdcmpeq               
000034a5  __aeabi_cdcmple               
0000352b  __aeabi_cdrcmple              
000035b1  __aeabi_d2f                   
000036f5  __aeabi_d2iz                  
0000280b  __aeabi_dadd                  
00002df1  __aeabi_ddiv                  
00003039  __aeabi_dmul                  
00002801  __aeabi_dsub                  
0000389d  __aeabi_errno_addr            
000037f5  __aeabi_f2d                   
0000382d  __aeabi_i2d                   
00003409  __aeabi_memcpy                
00003409  __aeabi_memcpy4               
00003409  __aeabi_memcpy8               
ffffffff  __binit__                     
ffffffff  __c_args__                    
00002b2d  __kernel_cos                  
000012f9  __kernel_rem_pio2             
000029b9  __kernel_sin                  
UNDEFED   __mpu_init                    
2000fe00  __stack                       
000037bd  _c_int00_noargs               
UNDEFED   _system_post_cinit            
000038a5  _system_pre_init              
000038a9  abort                         
20000070  angle                         
00000391  angle_calc                    
00002329  atan                          
00002615  atan2                         
00002615  atan2l                        
00002329  atanl                         
ffffffff  binit                         
20000000  ch                            
0000385b  copysign                      
0000385b  copysignl                     
0000328d  delay_ms                      
0000325f  delay_us                      
200000b0  errno                         
20000060  esc                           
00003135  floor                         
00003135  floorl                        
200000ac  i2c_flag                      
0000012d  i2c_read                      
000001af  i2c_write                     
0000322d  init_dco                      
000032cd  init_esc                      
0000336d  init_imu                      
00003781  init_led                      
00003621  init_rc                       
00000217  input_calc                    
00000000  interruptVectors              
00002f29  ldexp                         
00002f29  ldexpl                        
00000c55  main                          
00003409  memcpy                        
2000007c  offset                        
00000b61  output_calc                   
20000088  pid                           
00000811  pid_calc                      
20000094  prev                          
200000ad  sample_flag                   
000000e5  saturate                      
00002f29  scalbn                        
00002f29  scalbnl                       
00001a31  sin                           
00001a31  sinl                          
00002c99  sqrt                          
00002c99  sqrtl                         
200000a0  sum                           


GLOBAL SYMBOLS: SORTED BY Symbol Address 

address   name                          
-------   ----                          
00000000  __TI_static_base__            
00000000  interruptVectors              
000000e5  saturate                      
0000012d  i2c_read                      
000001af  i2c_write                     
00000200  __STACK_SIZE                  
00000217  input_calc                    
00000391  angle_calc                    
00000811  pid_calc                      
00000b61  output_calc                   
00000c55  main                          
00000f41  PORT3_IRQHandler              
00000f41  PORT3_IRQHandler              
000011bd  EUSCIB0_IRQHandler            
000011bd  EUSCIB0_IRQHandler            
000011ef  TA1_0_IRQHandler              
000011ef  TA1_0_IRQHandler              
00001205  ADC14_IRQHandler              
00001205  ADC14_IRQHandler              
00001275  T32_INT2_IRQHandler           
00001275  T32_INT2_IRQHandler           
000012f9  __kernel_rem_pio2             
00001a31  sin                           
00001a31  sinl                          
00001ff5  SystemCoreClockUpdate         
0000226d  SystemInit                    
00002329  atan                          
00002329  atanl                         
00002615  atan2                         
00002615  atan2l                        
00002801  __aeabi_dsub                  
0000280b  __aeabi_dadd                  
000029b9  __kernel_sin                  
00002b2d  __kernel_cos                  
00002c99  sqrt                          
00002c99  sqrtl                         
00002df1  __aeabi_ddiv                  
00002f29  ldexp                         
00002f29  ldexpl                        
00002f29  scalbn                        
00002f29  scalbnl                       
00003039  __aeabi_dmul                  
00003135  floor                         
00003135  floorl                        
0000322d  init_dco                      
0000325f  delay_us                      
0000328d  delay_ms                      
000032cd  init_esc                      
0000336d  init_imu                      
00003409  __aeabi_memcpy                
00003409  __aeabi_memcpy4               
00003409  __aeabi_memcpy8               
00003409  memcpy                        
000034a5  __aeabi_cdcmpeq               
000034a5  __aeabi_cdcmple               
0000352b  __aeabi_cdrcmple              
000035b1  __aeabi_d2f                   
00003621  init_rc                       
0000368d  __TI_decompress_lzss          
000036f5  __aeabi_d2iz                  
0000373d  __TI_auto_init_nobinit_nopinit
00003781  init_led                      
000037bd  _c_int00_noargs               
000037f5  __aeabi_f2d                   
0000382d  __aeabi_i2d                   
0000385b  copysign                      
0000385b  copysignl                     
0000386f  __TI_zero_init_nomemset       
00003881  __TI_decompress_none          
0000388f  Reset_Handler                 
0000389b  AES256_IRQHandler             
0000389b  BusFault_Handler              
0000389b  COMP_E0_IRQHandler            
0000389b  COMP_E1_IRQHandler            
0000389b  CS_IRQHandler                 
0000389b  DMA_ERR_IRQHandler            
0000389b  DMA_INT0_IRQHandler           
0000389b  DMA_INT1_IRQHandler           
0000389b  DMA_INT2_IRQHandler           
0000389b  DMA_INT3_IRQHandler           
0000389b  DebugMon_Handler              
0000389b  Default_Handler               
0000389b  EUSCIA0_IRQHandler            
0000389b  EUSCIA1_IRQHandler            
0000389b  EUSCIA2_IRQHandler            
0000389b  EUSCIA3_IRQHandler            
0000389b  EUSCIB1_IRQHandler            
0000389b  EUSCIB2_IRQHandler            
0000389b  EUSCIB3_IRQHandler            
0000389b  FLCTL_IRQHandler              
0000389b  FPU_IRQHandler                
0000389b  HardFault_Handler             
0000389b  MemManage_Handler             
0000389b  NMI_Handler                   
0000389b  PCM_IRQHandler                
0000389b  PORT1_IRQHandler              
0000389b  PORT2_IRQHandler              
0000389b  PORT4_IRQHandler              
0000389b  PORT5_IRQHandler              
0000389b  PORT6_IRQHandler              
0000389b  PSS_IRQHandler                
0000389b  PendSV_Handler                
0000389b  RTC_C_IRQHandler              
0000389b  SVC_Handler                   
0000389b  SysTick_Handler               
0000389b  T32_INT1_IRQHandler           
0000389b  T32_INTC_IRQHandler           
0000389b  TA0_0_IRQHandler              
0000389b  TA0_N_IRQHandler              
0000389b  TA1_N_IRQHandler              
0000389b  TA2_0_IRQHandler              
0000389b  TA2_N_IRQHandler              
0000389b  TA3_0_IRQHandler              
0000389b  TA3_N_IRQHandler              
0000389b  UsageFault_Handler            
0000389b  WDT_A_IRQHandler              
0000389d  __aeabi_errno_addr            
000038a5  _system_pre_init              
000038a9  C$$EXIT                       
000038a9  abort                         
00003aa0  __TI_Handler_Table_Base       
00003aac  __TI_Handler_Table_Limit      
00003ac0  __TI_CINIT_Base               
00003ad0  __TI_CINIT_Limit              
20000000  ch                            
20000060  esc                           
20000070  angle                         
2000007c  offset                        
20000088  pid                           
20000094  prev                          
200000a0  sum                           
200000ac  i2c_flag                      
200000ad  sample_flag                   
200000b0  errno                         
200000b4  SystemCoreClock               
2000fe00  __stack                       
20010000  __STACK_END                   
4000480c  WDTCTL_SYM                    
ffffffff  __TI_pprof_out_hndl           
ffffffff  __TI_prof_data_size           
ffffffff  __TI_prof_data_start          
ffffffff  __binit__                     
ffffffff  __c_args__                    
ffffffff  binit                         
UNDEFED   __mpu_init                    
UNDEFED   _system_post_cinit            

[146 symbols]
