******************************************************************************
                  TI ARM Linker PC v18.1.1                     
******************************************************************************
>> Linked Sat May 26 21:33:51 2018

OUTPUT FILE NAME:   <P5.out>
ENTRY POINT SYMBOL: "_c_int00_noargs"  address: 00003259


MEMORY CONFIGURATION

         name            origin    length      used     unused   attr    fill
----------------------  --------  ---------  --------  --------  ----  --------
  MAIN                  00000000   00040000  00003530  0003cad0  R  X
  INFO                  00200000   00004000  00000000  00004000  R  X
  SRAM_CODE             01000000   00010000  0000027a  0000fd86  RW X
  SRAM_DATA             20000000   00010000  0000027a  0000fd86  RW  


SEGMENT ALLOCATION MAP

run origin  load origin   length   init length attrs members
----------  ----------- ---------- ----------- ----- -------
00000000    00000000    00003530   00003530    r-x
  00000000    00000000    000000e4   000000e4    r-- .intvecs
  000000e4    000000e4    0000322c   0000322c    r-x .text
  00003310    00003310    000001f0   000001f0    r-- .const
  00003500    00003500    00000030   00000030    r-- .cinit
20000000    20000000    0000007c   00000000    rw-
  20000000    20000000    00000072   00000000    rw- .bss
  20000074    20000074    00000008   00000000    rw- .data
2000fe00    2000fe00    00000200   00000000    rw-
  2000fe00    2000fe00    00000200   00000000    rw- .stack


SECTION ALLOCATION MAP

 output                                  attributes/
section   page    origin      length       input sections
--------  ----  ----------  ----------   ----------------
.intvecs   0    00000000    000000e4     
                  00000000    000000e4     startup_msp432p401r_ccs.obj (.intvecs:retain)

.text      0    000000e4    0000322c     
                  000000e4    00000738     rtsv7M4_T_le_v4SPD16_eabi.lib : k_rem_pio2.c.obj (.text:__kernel_rem_pio2)
                  0000081c    00000654     main.obj (.text)
                  00000e70    000005c4     rtsv7M4_T_le_v4SPD16_eabi.lib : s_sin.c.obj (.text:sin)
                  00001434    00000348     rc.obj (.text)
                  0000177c    00000334     system_msp432p401r.obj (.text)
                  00001ab0    000002ec     rtsv7M4_T_le_v4SPD16_eabi.lib : s_atan.c.obj (.text:atan)
                  00001d9c    0000021c     lcd.obj (.text)
                  00001fb8    000001ec     rtsv7M4_T_le_v4SPD16_eabi.lib : e_atan2.c.obj (.text:atan2)
                  000021a4    000001c0     imu.obj (.text)
                  00002364    000001b6     rtsv7M4_T_le_v4SPD16_eabi.lib : fd_add_t2.asm.obj (.text)
                  0000251a    00000002     --HOLE-- [fill = 0]
                  0000251c    00000174                                   : k_sin.c.obj (.text:__kernel_sin)
                  00002690    0000016c                                   : k_cos.c.obj (.text:__kernel_cos)
                  000027fc    00000158                                   : e_sqrt.c.obj (.text:sqrt)
                  00002954    00000136                                   : fd_div_t2.asm.obj (.text)
                  00002a8a    00000002     --HOLE-- [fill = 0]
                  00002a8c    00000120     battery.obj (.text)
                  00002bac    00000110     rtsv7M4_T_le_v4SPD16_eabi.lib : s_scalbn.c.obj (.text:scalbn)
                  00002cbc    000000fc                                   : fd_mul_t2.asm.obj (.text)
                  00002db8    000000f8                                   : s_floor.c.obj (.text:floor)
                  00002eb0    000000a0     delay.obj (.text)
                  00002f50    0000009c     rtsv7M4_T_le_v4SPD16_eabi.lib : memcpy_t2.asm.obj (.text)
                  00002fec    00000086                                   : fd_cmp_t2.asm.obj (.text:__aeabi_cdcmple)
                  00003072    00000086                                   : fd_cmp_t2.asm.obj (.text:__aeabi_cdrcmple)
                  000030f8    0000006c     led.obj (.text)
                  00003164    00000068     rtsv7M4_T_le_v4SPD16_eabi.lib : copy_decompress_lzss.c.obj (.text:decompress:lzss:__TI_decompress_lzss)
                  000031cc    00000048                                   : fd_toi_t2.asm.obj (.text)
                  00003214    00000044                                   : autoinit.c.obj (.text:__TI_auto_init_nobinit_nopinit:__TI_auto_init_nobinit_nopinit)
                  00003258    00000038                                   : boot_cortex_m.c.obj (.text:_c_int00_noargs:_c_int00_noargs)
                  00003290    0000002e                                   : i_tofd_t2.asm.obj (.text)
                  000032be    00000014                                   : s_copysign.c.obj (.text:copysign)
                  000032d2    00000012                                   : copy_zero_init.c.obj (.text:decompress:ZI:__TI_zero_init_nomemset:__TI_zero_init_nomemset)
                  000032e4    0000000e                                   : copy_decompress_none.c.obj (.text:decompress:none:__TI_decompress_none)
                  000032f2    0000000e     startup_msp432p401r_ccs.obj (.text)
                  00003300    00000008     rtsv7M4_T_le_v4SPD16_eabi.lib : errno.c.obj (.text:__aeabi_errno_addr)
                  00003308    00000004                                   : pre_init.c.obj (.text:_system_pre_init)
                  0000330c    00000004                                   : exit.c.obj (.text:abort:abort)

.const     0    00003310    000001f0     
                  00003310    00000158     rtsv7M4_T_le_v4SPD16_eabi.lib : k_rem_pio2.c.obj (.const:$O1$$)
                  00003468    00000098                                   : s_atan.c.obj (.const:$O1$$)

.cinit     0    00003500    00000030     
                  00003500    0000000c     (__TI_handler_table)
                  0000350c    0000000b     (.cinit..data.load) [load image, compression = lzss]
                  00003517    00000001     --HOLE-- [fill = 0]
                  00003518    00000008     (.cinit..bss.load) [load image, compression = zero_init]
                  00003520    00000010     (__TI_cinit_table)

.init_array 
*          0    00000000    00000000     UNINITIALIZED

.binit     0    00000000    00000000     

.bss       0    20000000    00000072     UNINITIALIZED
                  20000000    00000048     (.common:ch)
                  20000048    00000028     (.common:s)
                  20000070    00000001     (.common:count)
                  20000071    00000001     (.common:sample_flag)

.data      0    20000074    00000008     UNINITIALIZED
                  20000074    00000004     rtsv7M4_T_le_v4SPD16_eabi.lib : errno.c.obj (.data)
                  20000078    00000004     system_msp432p401r.obj (.data)

.stack     0    2000fe00    00000200     UNINITIALIZED
                  2000fe00    00000004     rtsv7M4_T_le_v4SPD16_eabi.lib : boot_cortex_m.c.obj (.stack)
                  2000fe04    000001fc     --HOLE--

MODULE SUMMARY

       Module                        code    ro data   rw data
       ------                        ----    -------   -------
    .\
       main.obj                      1620    0         228    
       rc.obj                        840     0         0      
       system_msp432p401r.obj        820     0         8      
       lcd.obj                       540     0         0      
       imu.obj                       448     0         0      
       battery.obj                   288     0         0      
       startup_msp432p401r_ccs.obj   14      228       0      
       delay.obj                     160     0         0      
       led.obj                       108     0         0      
    +--+-----------------------------+-------+---------+---------+
       Total:                        4838    228       236    
                                                              
    C:\ti\ccsv8\tools\compiler\ti-cgt-arm_18.1.1.LTS\lib\rtsv7M4_T_le_v4SPD16_eabi.lib
       k_rem_pio2.c.obj              1848    344       0      
       s_sin.c.obj                   1476    0         0      
       s_atan.c.obj                  748     152       0      
       e_atan2.c.obj                 492     0         0      
       fd_add_t2.asm.obj             438     0         0      
       k_sin.c.obj                   372     0         0      
       k_cos.c.obj                   364     0         0      
       e_sqrt.c.obj                  344     0         0      
       fd_div_t2.asm.obj             310     0         0      
       s_scalbn.c.obj                272     0         0      
       fd_cmp_t2.asm.obj             268     0         0      
       fd_mul_t2.asm.obj             252     0         0      
       s_floor.c.obj                 248     0         0      
       memcpy_t2.asm.obj             156     0         0      
       copy_decompress_lzss.c.obj    104     0         0      
       fd_toi_t2.asm.obj             72      0         0      
       autoinit.c.obj                68      0         0      
       boot_cortex_m.c.obj           56      0         0      
       i_tofd_t2.asm.obj             46      0         0      
       s_copysign.c.obj              20      0         0      
       copy_zero_init.c.obj          18      0         0      
       errno.c.obj                   8       0         8      
       copy_decompress_none.c.obj    14      0         0      
       exit.c.obj                    4       0         0      
       pre_init.c.obj                4       0         0      
    +--+-----------------------------+-------+---------+---------+
       Total:                        8002    496       8      
                                                              
       Stack:                        0       0         1024   
       Linker Generated:             0       47        0      
    +--+-----------------------------+-------+---------+---------+
       Grand Total:                  12840   771       1268   


LINKER GENERATED COPY TABLES

__TI_cinit_table @ 00003520 records: 2, size/record: 8, table size: 16
	.data: load addr=0000350c, load size=0000000b bytes, run addr=20000074, run size=00000008 bytes, compression=lzss
	.bss: load addr=00003518, load size=00000008 bytes, run addr=20000000, run size=00000072 bytes, compression=zero_init


LINKER GENERATED HANDLER TABLE

__TI_handler_table @ 00003500 records: 3, size/record: 4, table size: 12
	index: 0, handler: __TI_decompress_lzss
	index: 1, handler: __TI_decompress_none
	index: 2, handler: __TI_zero_init


GLOBAL SYMBOLS: SORTED ALPHABETICALLY BY Name 

address   name                          
-------   ----                          
00000de5  ADC14_IRQHandler              
00000de5  ADC14_IRQHandler              
000032ff  AES256_IRQHandler             
000032ff  BusFault_Handler              
0000330d  C$$EXIT                       
000032ff  COMP_E0_IRQHandler            
000032ff  COMP_E1_IRQHandler            
000032ff  CS_IRQHandler                 
000032ff  DMA_ERR_IRQHandler            
000032ff  DMA_INT0_IRQHandler           
000032ff  DMA_INT1_IRQHandler           
000032ff  DMA_INT2_IRQHandler           
000032ff  DMA_INT3_IRQHandler           
000032ff  DebugMon_Handler              
000032ff  Default_Handler               
000032ff  EUSCIA0_IRQHandler            
000032ff  EUSCIA1_IRQHandler            
000032ff  EUSCIA2_IRQHandler            
000032ff  EUSCIA3_IRQHandler            
00000df5  EUSCIB0_IRQHandler            
00000df5  EUSCIB0_IRQHandler            
000032ff  EUSCIB1_IRQHandler            
000032ff  EUSCIB2_IRQHandler            
000032ff  EUSCIB3_IRQHandler            
000032ff  FLCTL_IRQHandler              
000032ff  FPU_IRQHandler                
000032ff  HardFault_Handler             
000032ff  MemManage_Handler             
000032ff  NMI_Handler                   
000032ff  PCM_IRQHandler                
000032ff  PORT1_IRQHandler              
000032ff  PORT2_IRQHandler              
00000dff  PORT3_IRQHandler              
00000dff  PORT3_IRQHandler              
000032ff  PORT4_IRQHandler              
000032ff  PORT5_IRQHandler              
000032ff  PORT6_IRQHandler              
000032ff  PSS_IRQHandler                
000032ff  PendSV_Handler                
000032ff  RTC_C_IRQHandler              
000032f3  Reset_Handler                 
000032ff  SVC_Handler                   
000032ff  SysTick_Handler               
20000078  SystemCoreClock               
0000177d  SystemCoreClockUpdate         
000019f5  SystemInit                    
000032ff  T32_INT1_IRQHandler           
00000ded  T32_INT2_IRQHandler           
00000ded  T32_INT2_IRQHandler           
000032ff  T32_INTC_IRQHandler           
000032ff  TA0_0_IRQHandler              
000032ff  TA0_N_IRQHandler              
00000dd3  TA1_0_IRQHandler              
00000dd3  TA1_0_IRQHandler              
000032ff  TA1_N_IRQHandler              
000032ff  TA2_0_IRQHandler              
000032ff  TA2_N_IRQHandler              
000032ff  TA3_0_IRQHandler              
000032ff  TA3_N_IRQHandler              
000032ff  UsageFault_Handler            
4000480c  WDTCTL_SYM                    
000032ff  WDT_A_IRQHandler              
20010000  __STACK_END                   
00000200  __STACK_SIZE                  
00003520  __TI_CINIT_Base               
00003530  __TI_CINIT_Limit              
00003500  __TI_Handler_Table_Base       
0000350c  __TI_Handler_Table_Limit      
00003215  __TI_auto_init_nobinit_nopinit
00003165  __TI_decompress_lzss          
000032e5  __TI_decompress_none          
ffffffff  __TI_pprof_out_hndl           
ffffffff  __TI_prof_data_size           
ffffffff  __TI_prof_data_start          
00000000  __TI_static_base__            
000032d3  __TI_zero_init_nomemset       
00002fed  __aeabi_cdcmpeq               
00002fed  __aeabi_cdcmple               
00003073  __aeabi_cdrcmple              
000031cd  __aeabi_d2iz                  
0000236f  __aeabi_dadd                  
00002955  __aeabi_ddiv                  
00002cbd  __aeabi_dmul                  
00002365  __aeabi_dsub                  
00003301  __aeabi_errno_addr            
00003291  __aeabi_i2d                   
00002f51  __aeabi_memcpy                
00002f51  __aeabi_memcpy4               
00002f51  __aeabi_memcpy8               
ffffffff  __binit__                     
ffffffff  __c_args__                    
00002691  __kernel_cos                  
000000e5  __kernel_rem_pio2             
0000251d  __kernel_sin                  
UNDEFED   __mpu_init                    
2000fe00  __stack                       
00003259  _c_int00_noargs               
UNDEFED   _system_post_cinit            
00003309  _system_pre_init              
0000330d  abort                         
00002b5d  alert_battery                 
000008e1  angle_calc                    
0000081d  angle_read                    
00001ab1  atan                          
00001fb9  atan2                         
00001fb9  atan2l                        
00001ab1  atanl                         
ffffffff  binit                         
00003147  blue_led                      
20000000  ch                            
00001e45  clear_lcd                     
000032bf  copysign                      
000032bf  copysignl                     
20000070  count                         
00002f11  delay_ms                      
00002ee3  delay_us                      
20000074  errno                         
00002db9  floor                         
00002db9  floorl                        
0000313b  green_led                     
00001f51  hold_lcd                      
00001e75  home_lcd                      
00002303  i2c_imu                       
00000c41  init                          
00002a8d  init_battery                  
00002eb1  init_dco                      
000021a5  init_imu                      
00001e0d  init_lcd                      
000030f9  init_led                      
00001435  init_rc                       
00000000  interruptVectors              
00002bad  ldexp                         
00002bad  ldexpl                        
00000d65  main                          
00002f51  memcpy                        
000014b5  process_rc                    
00002b15  read_battery                  
0000227f  read_imu                      
0000312f  red_led                       
00003123  reset_led                     
20000048  s                             
20000071  sample_flag                   
00002bad  scalbn                        
00002bad  scalbnl                       
00001d9d  send_data                     
00001f6b  shift_lcd                     
00000e71  sin                           
00000e71  sinl                          
000027fd  sqrt                          
000027fd  sqrtl                         
00001e8f  write_char_lcd                
00002215  write_imu                     
00001eff  write_int_lcd                 
00001ed9  write_string_lcd              


GLOBAL SYMBOLS: SORTED BY Symbol Address 

address   name                          
-------   ----                          
00000000  __TI_static_base__            
00000000  interruptVectors              
000000e5  __kernel_rem_pio2             
00000200  __STACK_SIZE                  
0000081d  angle_read                    
000008e1  angle_calc                    
00000c41  init                          
00000d65  main                          
00000dd3  TA1_0_IRQHandler              
00000dd3  TA1_0_IRQHandler              
00000de5  ADC14_IRQHandler              
00000de5  ADC14_IRQHandler              
00000ded  T32_INT2_IRQHandler           
00000ded  T32_INT2_IRQHandler           
00000df5  EUSCIB0_IRQHandler            
00000df5  EUSCIB0_IRQHandler            
00000dff  PORT3_IRQHandler              
00000dff  PORT3_IRQHandler              
00000e71  sin                           
00000e71  sinl                          
00001435  init_rc                       
000014b5  process_rc                    
0000177d  SystemCoreClockUpdate         
000019f5  SystemInit                    
00001ab1  atan                          
00001ab1  atanl                         
00001d9d  send_data                     
00001e0d  init_lcd                      
00001e45  clear_lcd                     
00001e75  home_lcd                      
00001e8f  write_char_lcd                
00001ed9  write_string_lcd              
00001eff  write_int_lcd                 
00001f51  hold_lcd                      
00001f6b  shift_lcd                     
00001fb9  atan2                         
00001fb9  atan2l                        
000021a5  init_imu                      
00002215  write_imu                     
0000227f  read_imu                      
00002303  i2c_imu                       
00002365  __aeabi_dsub                  
0000236f  __aeabi_dadd                  
0000251d  __kernel_sin                  
00002691  __kernel_cos                  
000027fd  sqrt                          
000027fd  sqrtl                         
00002955  __aeabi_ddiv                  
00002a8d  init_battery                  
00002b15  read_battery                  
00002b5d  alert_battery                 
00002bad  ldexp                         
00002bad  ldexpl                        
00002bad  scalbn                        
00002bad  scalbnl                       
00002cbd  __aeabi_dmul                  
00002db9  floor                         
00002db9  floorl                        
00002eb1  init_dco                      
00002ee3  delay_us                      
00002f11  delay_ms                      
00002f51  __aeabi_memcpy                
00002f51  __aeabi_memcpy4               
00002f51  __aeabi_memcpy8               
00002f51  memcpy                        
00002fed  __aeabi_cdcmpeq               
00002fed  __aeabi_cdcmple               
00003073  __aeabi_cdrcmple              
000030f9  init_led                      
00003123  reset_led                     
0000312f  red_led                       
0000313b  green_led                     
00003147  blue_led                      
00003165  __TI_decompress_lzss          
000031cd  __aeabi_d2iz                  
00003215  __TI_auto_init_nobinit_nopinit
00003259  _c_int00_noargs               
00003291  __aeabi_i2d                   
000032bf  copysign                      
000032bf  copysignl                     
000032d3  __TI_zero_init_nomemset       
000032e5  __TI_decompress_none          
000032f3  Reset_Handler                 
000032ff  AES256_IRQHandler             
000032ff  BusFault_Handler              
000032ff  COMP_E0_IRQHandler            
000032ff  COMP_E1_IRQHandler            
000032ff  CS_IRQHandler                 
000032ff  DMA_ERR_IRQHandler            
000032ff  DMA_INT0_IRQHandler           
000032ff  DMA_INT1_IRQHandler           
000032ff  DMA_INT2_IRQHandler           
000032ff  DMA_INT3_IRQHandler           
000032ff  DebugMon_Handler              
000032ff  Default_Handler               
000032ff  EUSCIA0_IRQHandler            
000032ff  EUSCIA1_IRQHandler            
000032ff  EUSCIA2_IRQHandler            
000032ff  EUSCIA3_IRQHandler            
000032ff  EUSCIB1_IRQHandler            
000032ff  EUSCIB2_IRQHandler            
000032ff  EUSCIB3_IRQHandler            
000032ff  FLCTL_IRQHandler              
000032ff  FPU_IRQHandler                
000032ff  HardFault_Handler             
000032ff  MemManage_Handler             
000032ff  NMI_Handler                   
000032ff  PCM_IRQHandler                
000032ff  PORT1_IRQHandler              
000032ff  PORT2_IRQHandler              
000032ff  PORT4_IRQHandler              
000032ff  PORT5_IRQHandler              
000032ff  PORT6_IRQHandler              
000032ff  PSS_IRQHandler                
000032ff  PendSV_Handler                
000032ff  RTC_C_IRQHandler              
000032ff  SVC_Handler                   
000032ff  SysTick_Handler               
000032ff  T32_INT1_IRQHandler           
000032ff  T32_INTC_IRQHandler           
000032ff  TA0_0_IRQHandler              
000032ff  TA0_N_IRQHandler              
000032ff  TA1_N_IRQHandler              
000032ff  TA2_0_IRQHandler              
000032ff  TA2_N_IRQHandler              
000032ff  TA3_0_IRQHandler              
000032ff  TA3_N_IRQHandler              
000032ff  UsageFault_Handler            
000032ff  WDT_A_IRQHandler              
00003301  __aeabi_errno_addr            
00003309  _system_pre_init              
0000330d  C$$EXIT                       
0000330d  abort                         
00003500  __TI_Handler_Table_Base       
0000350c  __TI_Handler_Table_Limit      
00003520  __TI_CINIT_Base               
00003530  __TI_CINIT_Limit              
20000000  ch                            
20000048  s                             
20000070  count                         
20000071  sample_flag                   
20000074  errno                         
20000078  SystemCoreClock               
2000fe00  __stack                       
20010000  __STACK_END                   
4000480c  WDTCTL_SYM                    
ffffffff  __TI_pprof_out_hndl           
ffffffff  __TI_prof_data_size           
ffffffff  __TI_prof_data_start          
ffffffff  __binit__                     
ffffffff  __c_args__                    
ffffffff  binit                         
UNDEFED   __mpu_init                    
UNDEFED   _system_post_cinit            

[154 symbols]
