******************************************************************************
                  TI ARM Linker PC v18.1.1                     
******************************************************************************
>> Linked Wed Apr 18 11:17:37 2018

OUTPUT FILE NAME:   <P1.out>
ENTRY POINT SYMBOL: "_c_int00_noargs"  address: 00000c39


MEMORY CONFIGURATION

         name            origin    length      used     unused   attr    fill
----------------------  --------  ---------  --------  --------  ----  --------
  MAIN                  00000000   00040000  00000cac  0003f354  R  X
  INFO                  00200000   00004000  00000000  00004000  R  X
  SRAM_CODE             01000000   00010000  00000204  0000fdfc  RW X
  SRAM_DATA             20000000   00010000  00000204  0000fdfc  RW  


SEGMENT ALLOCATION MAP

run origin  load origin   length   init length attrs members
----------  ----------- ---------- ----------- ----- -------
00000000    00000000    00000cb0   00000cb0    r-x
  00000000    00000000    000000e4   000000e4    r-- .intvecs
  000000e4    000000e4    00000bb0   00000bb0    r-x .text
  00000c98    00000c98    00000018   00000018    r-- .cinit
20000000    20000000    00000004   00000000    rw-
  20000000    20000000    00000004   00000000    rw- .data
2000fe00    2000fe00    00000200   00000000    rw-
  2000fe00    2000fe00    00000200   00000000    rw- .stack


SECTION ALLOCATION MAP

 output                                  attributes/
section   page    origin      length       input sections
--------  ----  ----------  ----------   ----------------
.intvecs   0    00000000    000000e4     
                  00000000    000000e4     startup_msp432p401r_ccs.obj (.intvecs:retain)

.text      0    000000e4    00000bb0     
                  000000e4    00000334     system_msp432p401r.obj (.text)
                  00000418    00000238     main.obj (.text)
                  00000650    00000214     lcd.obj (.text)
                  00000864    00000108     keypad.obj (.text)
                  0000096c    0000009c     rtsv7M4_T_le_v4SPD16_eabi.lib : memcpy_t2.asm.obj (.text)
                  00000a08    00000098     delay.obj (.text)
                  00000aa0    00000080     password.obj (.text)
                  00000b20    0000006c     led.obj (.text)
                  00000b8c    00000068     rtsv7M4_T_le_v4SPD16_eabi.lib : copy_decompress_lzss.c.obj (.text:decompress:lzss:__TI_decompress_lzss)
                  00000bf4    00000044                                   : autoinit.c.obj (.text:__TI_auto_init_nobinit_nopinit:__TI_auto_init_nobinit_nopinit)
                  00000c38    00000038                                   : boot_cortex_m.c.obj (.text:_c_int00_noargs:_c_int00_noargs)
                  00000c70    0000000e                                   : copy_decompress_none.c.obj (.text:decompress:none:__TI_decompress_none)
                  00000c7e    0000000e     startup_msp432p401r_ccs.obj (.text)
                  00000c8c    00000004     rtsv7M4_T_le_v4SPD16_eabi.lib : pre_init.c.obj (.text:_system_pre_init)
                  00000c90    00000004                                   : exit.c.obj (.text:abort:abort)

.cinit     0    00000c98    00000018     
                  00000c98    00000008     (.cinit..data.load) [load image, compression = lzss]
                  00000ca0    00000008     (__TI_handler_table)
                  00000ca8    00000008     (__TI_cinit_table)

.init_array 
*          0    00000000    00000000     UNINITIALIZED

.binit     0    00000000    00000000     

.data      0    20000000    00000004     UNINITIALIZED
                  20000000    00000004     system_msp432p401r.obj (.data)

.stack     0    2000fe00    00000200     UNINITIALIZED
                  2000fe00    00000004     rtsv7M4_T_le_v4SPD16_eabi.lib : boot_cortex_m.c.obj (.stack)
                  2000fe04    000001fc     --HOLE--

MODULE SUMMARY

       Module                        code   ro data   rw data
       ------                        ----   -------   -------
    .\
       system_msp432p401r.obj        820    0         8      
       main.obj                      568    0         0      
       lcd.obj                       532    0         0      
       keypad.obj                    264    0         0      
       startup_msp432p401r_ccs.obj   14     228       0      
       delay.obj                     152    0         0      
       password.obj                  128    0         0      
       led.obj                       108    0         0      
    +--+-----------------------------+------+---------+---------+
       Total:                        2586   228       8      
                                                             
    C:\ti\ccsv8\tools\compiler\ti-cgt-arm_18.1.1.LTS\lib\rtsv7M4_T_le_v4SPD16_eabi.lib
       memcpy_t2.asm.obj             156    0         0      
       copy_decompress_lzss.c.obj    104    0         0      
       autoinit.c.obj                68     0         0      
       boot_cortex_m.c.obj           56     0         0      
       copy_decompress_none.c.obj    14     0         0      
       exit.c.obj                    4      0         0      
       pre_init.c.obj                4      0         0      
    +--+-----------------------------+------+---------+---------+
       Total:                        406    0         0      
                                                             
       Stack:                        0      0         1024   
       Linker Generated:             0      24        0      
    +--+-----------------------------+------+---------+---------+
       Grand Total:                  2992   252       1032   


LINKER GENERATED COPY TABLES

__TI_cinit_table @ 00000ca8 records: 1, size/record: 8, table size: 8
	.data: load addr=00000c98, load size=00000008 bytes, run addr=20000000, run size=00000004 bytes, compression=lzss


LINKER GENERATED HANDLER TABLE

__TI_handler_table @ 00000ca0 records: 2, size/record: 4, table size: 8
	index: 0, handler: __TI_decompress_lzss
	index: 1, handler: __TI_decompress_none


GLOBAL SYMBOLS: SORTED ALPHABETICALLY BY Name 

address   name                          
-------   ----                          
00000c8b  ADC14_IRQHandler              
00000c8b  AES256_IRQHandler             
00000c8b  BusFault_Handler              
00000c91  C$$EXIT                       
00000c8b  COMP_E0_IRQHandler            
00000c8b  COMP_E1_IRQHandler            
00000c8b  CS_IRQHandler                 
00000c8b  DMA_ERR_IRQHandler            
00000c8b  DMA_INT0_IRQHandler           
00000c8b  DMA_INT1_IRQHandler           
00000c8b  DMA_INT2_IRQHandler           
00000c8b  DMA_INT3_IRQHandler           
00000c8b  DebugMon_Handler              
00000c8b  Default_Handler               
00000c8b  EUSCIA0_IRQHandler            
00000c8b  EUSCIA1_IRQHandler            
00000c8b  EUSCIA2_IRQHandler            
00000c8b  EUSCIA3_IRQHandler            
00000c8b  EUSCIB0_IRQHandler            
00000c8b  EUSCIB1_IRQHandler            
00000c8b  EUSCIB2_IRQHandler            
00000c8b  EUSCIB3_IRQHandler            
00000c8b  FLCTL_IRQHandler              
00000c8b  FPU_IRQHandler                
00000c8b  HardFault_Handler             
00000c8b  MemManage_Handler             
00000c8b  NMI_Handler                   
00000c8b  PCM_IRQHandler                
00000c8b  PORT1_IRQHandler              
00000c8b  PORT2_IRQHandler              
00000c8b  PORT3_IRQHandler              
00000c8b  PORT4_IRQHandler              
00000c8b  PORT5_IRQHandler              
00000c8b  PORT6_IRQHandler              
00000c8b  PSS_IRQHandler                
00000c8b  PendSV_Handler                
00000c8b  RTC_C_IRQHandler              
00000c7f  Reset_Handler                 
00000c8b  SVC_Handler                   
00000c8b  SysTick_Handler               
20000000  SystemCoreClock               
000000e5  SystemCoreClockUpdate         
0000035d  SystemInit                    
00000c8b  T32_INT1_IRQHandler           
00000c8b  T32_INT2_IRQHandler           
00000c8b  T32_INTC_IRQHandler           
00000c8b  TA0_0_IRQHandler              
00000c8b  TA0_N_IRQHandler              
00000c8b  TA1_0_IRQHandler              
00000c8b  TA1_N_IRQHandler              
00000c8b  TA2_0_IRQHandler              
00000c8b  TA2_N_IRQHandler              
00000c8b  TA3_0_IRQHandler              
00000c8b  TA3_N_IRQHandler              
00000c8b  UsageFault_Handler            
4000480c  WDTCTL_SYM                    
00000c8b  WDT_A_IRQHandler              
20010000  __STACK_END                   
00000200  __STACK_SIZE                  
00000ca8  __TI_CINIT_Base               
00000cb0  __TI_CINIT_Limit              
00000ca0  __TI_Handler_Table_Base       
00000ca8  __TI_Handler_Table_Limit      
00000bf5  __TI_auto_init_nobinit_nopinit
00000b8d  __TI_decompress_lzss          
00000c71  __TI_decompress_none          
ffffffff  __TI_pprof_out_hndl           
ffffffff  __TI_prof_data_size           
ffffffff  __TI_prof_data_start          
00000000  __TI_static_base__            
0000096d  __aeabi_memcpy                
0000096d  __aeabi_memcpy4               
0000096d  __aeabi_memcpy8               
ffffffff  __binit__                     
ffffffff  __c_args__                    
UNDEFED   __mpu_init                    
2000fe00  __stack                       
00000c39  _c_int00_noargs               
UNDEFED   _system_post_cinit            
00000c8d  _system_pre_init              
00000c91  abort                         
ffffffff  binit                         
00000b6f  blue_led                      
00000af9  check_password                
000006f9  clear_lcd                     
00000a61  delay_ms                      
00000a3b  delay_us                      
00000b63  green_led                     
000007fd  hold_lcd                      
00000729  home_lcd                      
00000419  init                          
00000a09  init_dco                      
00000865  init_keypad                   
000006c1  init_lcd                      
00000b21  init_led                      
00000000  interruptVectors              
00000435  main                          
0000096d  memcpy                        
00000b57  red_led                       
00000b4b  reset_led                     
000008a3  scan_keypad                   
00000651  send_data                     
00000817  shift_lcd                     
00000aa1  update_password               
00000743  write_char_lcd                
000007b3  write_int_lcd                 
0000078d  write_string_lcd              


GLOBAL SYMBOLS: SORTED BY Symbol Address 

address   name                          
-------   ----                          
00000000  __TI_static_base__            
00000000  interruptVectors              
000000e5  SystemCoreClockUpdate         
00000200  __STACK_SIZE                  
0000035d  SystemInit                    
00000419  init                          
00000435  main                          
00000651  send_data                     
000006c1  init_lcd                      
000006f9  clear_lcd                     
00000729  home_lcd                      
00000743  write_char_lcd                
0000078d  write_string_lcd              
000007b3  write_int_lcd                 
000007fd  hold_lcd                      
00000817  shift_lcd                     
00000865  init_keypad                   
000008a3  scan_keypad                   
0000096d  __aeabi_memcpy                
0000096d  __aeabi_memcpy4               
0000096d  __aeabi_memcpy8               
0000096d  memcpy                        
00000a09  init_dco                      
00000a3b  delay_us                      
00000a61  delay_ms                      
00000aa1  update_password               
00000af9  check_password                
00000b21  init_led                      
00000b4b  reset_led                     
00000b57  red_led                       
00000b63  green_led                     
00000b6f  blue_led                      
00000b8d  __TI_decompress_lzss          
00000bf5  __TI_auto_init_nobinit_nopinit
00000c39  _c_int00_noargs               
00000c71  __TI_decompress_none          
00000c7f  Reset_Handler                 
00000c8b  ADC14_IRQHandler              
00000c8b  AES256_IRQHandler             
00000c8b  BusFault_Handler              
00000c8b  COMP_E0_IRQHandler            
00000c8b  COMP_E1_IRQHandler            
00000c8b  CS_IRQHandler                 
00000c8b  DMA_ERR_IRQHandler            
00000c8b  DMA_INT0_IRQHandler           
00000c8b  DMA_INT1_IRQHandler           
00000c8b  DMA_INT2_IRQHandler           
00000c8b  DMA_INT3_IRQHandler           
00000c8b  DebugMon_Handler              
00000c8b  Default_Handler               
00000c8b  EUSCIA0_IRQHandler            
00000c8b  EUSCIA1_IRQHandler            
00000c8b  EUSCIA2_IRQHandler            
00000c8b  EUSCIA3_IRQHandler            
00000c8b  EUSCIB0_IRQHandler            
00000c8b  EUSCIB1_IRQHandler            
00000c8b  EUSCIB2_IRQHandler            
00000c8b  EUSCIB3_IRQHandler            
00000c8b  FLCTL_IRQHandler              
00000c8b  FPU_IRQHandler                
00000c8b  HardFault_Handler             
00000c8b  MemManage_Handler             
00000c8b  NMI_Handler                   
00000c8b  PCM_IRQHandler                
00000c8b  PORT1_IRQHandler              
00000c8b  PORT2_IRQHandler              
00000c8b  PORT3_IRQHandler              
00000c8b  PORT4_IRQHandler              
00000c8b  PORT5_IRQHandler              
00000c8b  PORT6_IRQHandler              
00000c8b  PSS_IRQHandler                
00000c8b  PendSV_Handler                
00000c8b  RTC_C_IRQHandler              
00000c8b  SVC_Handler                   
00000c8b  SysTick_Handler               
00000c8b  T32_INT1_IRQHandler           
00000c8b  T32_INT2_IRQHandler           
00000c8b  T32_INTC_IRQHandler           
00000c8b  TA0_0_IRQHandler              
00000c8b  TA0_N_IRQHandler              
00000c8b  TA1_0_IRQHandler              
00000c8b  TA1_N_IRQHandler              
00000c8b  TA2_0_IRQHandler              
00000c8b  TA2_N_IRQHandler              
00000c8b  TA3_0_IRQHandler              
00000c8b  TA3_N_IRQHandler              
00000c8b  UsageFault_Handler            
00000c8b  WDT_A_IRQHandler              
00000c8d  _system_pre_init              
00000c91  C$$EXIT                       
00000c91  abort                         
00000ca0  __TI_Handler_Table_Base       
00000ca8  __TI_CINIT_Base               
00000ca8  __TI_Handler_Table_Limit      
00000cb0  __TI_CINIT_Limit              
20000000  SystemCoreClock               
2000fe00  __stack                       
20010000  __STACK_END                   
4000480c  WDTCTL_SYM                    
ffffffff  __TI_pprof_out_hndl           
ffffffff  __TI_prof_data_size           
ffffffff  __TI_prof_data_start          
ffffffff  __binit__                     
ffffffff  __c_args__                    
ffffffff  binit                         
UNDEFED   __mpu_init                    
UNDEFED   _system_post_cinit            

[107 symbols]
