******************************************************************************
                  TI ARM Linker PC v18.1.1                     
******************************************************************************
>> Linked Fri Apr 13 19:33:05 2018

OUTPUT FILE NAME:   <P1.out>
ENTRY POINT SYMBOL: "_c_int00_noargs"  address: 00000bb5


MEMORY CONFIGURATION

         name            origin    length      used     unused   attr    fill
----------------------  --------  ---------  --------  --------  ----  --------
  MAIN                  00000000   00040000  00000c52  0003f3ae  R  X
  INFO                  00200000   00004000  00000000  00004000  R  X
  SRAM_CODE             01000000   00010000  00000211  0000fdef  RW X
  SRAM_DATA             20000000   00010000  00000211  0000fdef  RW  


SEGMENT ALLOCATION MAP

run origin  load origin   length   init length attrs members
----------  ----------- ---------- ----------- ----- -------
00000000    00000000    00000c58   00000c58    r-x
  00000000    00000000    000000e4   000000e4    r-- .intvecs
  000000e4    000000e4    00000b3e   00000b3e    r-x .text
  00000c28    00000c28    00000030   00000030    r-- .cinit
20000000    20000000    00000014   00000000    rw-
  20000000    20000000    0000000d   00000000    rw- .bss
  20000010    20000010    00000004   00000000    rw- .data
2000fe00    2000fe00    00000200   00000000    rw-
  2000fe00    2000fe00    00000200   00000000    rw- .stack


SECTION ALLOCATION MAP

 output                                  attributes/
section   page    origin      length       input sections
--------  ----  ----------  ----------   ----------------
.intvecs   0    00000000    000000e4     
                  00000000    000000e4     startup_msp432p401r_ccs.obj (.intvecs:retain)

.text      0    000000e4    00000b3e     
                  000000e4    00000334     system_msp432p401r.obj (.text)
                  00000418    000002e4     keypad.obj (.text)
                  000006fc    000001c8     lcd.obj (.text)
                  000008c4    0000009c     rtsv7M4_T_le_v4SPD16_eabi.lib : memcpy_t2.asm.obj (.text)
                  00000960    00000098     delay.obj (.text)
                  000009f8    00000068     rtsv7M4_T_le_v4SPD16_eabi.lib : copy_decompress_lzss.c.obj (.text:decompress:lzss:__TI_decompress_lzss)
                  00000a60    00000068     queue.obj (.text)
                  00000ac8    00000060     led.obj (.text)
                  00000b28    00000048     main.obj (.text)
                  00000b70    00000044     rtsv7M4_T_le_v4SPD16_eabi.lib : autoinit.c.obj (.text:__TI_auto_init_nobinit_nopinit:__TI_auto_init_nobinit_nopinit)
                  00000bb4    00000038                                   : boot_cortex_m.c.obj (.text:_c_int00_noargs:_c_int00_noargs)
                  00000bec    00000012                                   : copy_zero_init.c.obj (.text:decompress:ZI:__TI_zero_init_nomemset:__TI_zero_init_nomemset)
                  00000bfe    0000000e                                   : copy_decompress_none.c.obj (.text:decompress:none:__TI_decompress_none)
                  00000c0c    0000000e     startup_msp432p401r_ccs.obj (.text)
                  00000c1a    00000004     rtsv7M4_T_le_v4SPD16_eabi.lib : pre_init.c.obj (.text:_system_pre_init)
                  00000c1e    00000004                                   : exit.c.obj (.text:abort:abort)

.cinit     0    00000c28    00000030     
                  00000c28    0000000c     (__TI_handler_table)
                  00000c34    00000004     --HOLE-- [fill = 0]
                  00000c38    00000008     (.cinit..bss.load) [load image, compression = zero_init]
                  00000c40    00000008     (.cinit..data.load) [load image, compression = lzss]
                  00000c48    00000010     (__TI_cinit_table)

.init_array 
*          0    00000000    00000000     UNINITIALIZED

.binit     0    00000000    00000000     

.bss       0    20000000    0000000d     UNINITIALIZED
                  20000000    0000000c     (.common:num_pad_queue)
                  2000000c    00000001     (.common:count)

.data      0    20000010    00000004     UNINITIALIZED
                  20000010    00000004     system_msp432p401r.obj (.data)

.stack     0    2000fe00    00000200     UNINITIALIZED
                  2000fe00    00000004     rtsv7M4_T_le_v4SPD16_eabi.lib : boot_cortex_m.c.obj (.stack)
                  2000fe04    000001fc     --HOLE--

MODULE SUMMARY

       Module                        code   ro data   rw data
       ------                        ----   -------   -------
    .\
       system_msp432p401r.obj        820    0         8      
       keypad.obj                    740    0         0      
       lcd.obj                       456    0         0      
       startup_msp432p401r_ccs.obj   14     228       0      
       delay.obj                     152    0         0      
       queue.obj                     104    0         26     
       led.obj                       96     0         0      
       main.obj                      72     0         0      
    +--+-----------------------------+------+---------+---------+
       Total:                        2454   228       34     
                                                             
    C:\ti\ccsv8\tools\compiler\ti-cgt-arm_18.1.1.LTS\lib\rtsv7M4_T_le_v4SPD16_eabi.lib
       memcpy_t2.asm.obj             156    0         0      
       copy_decompress_lzss.c.obj    104    0         0      
       autoinit.c.obj                68     0         0      
       boot_cortex_m.c.obj           56     0         0      
       copy_zero_init.c.obj          18     0         0      
       copy_decompress_none.c.obj    14     0         0      
       exit.c.obj                    4      0         0      
       pre_init.c.obj                4      0         0      
    +--+-----------------------------+------+---------+---------+
       Total:                        424    0         0      
                                                             
       Stack:                        0      0         1024   
       Linker Generated:             0      44        0      
    +--+-----------------------------+------+---------+---------+
       Grand Total:                  2878   272       1058   


LINKER GENERATED COPY TABLES

__TI_cinit_table @ 00000c48 records: 2, size/record: 8, table size: 16
	.bss: load addr=00000c38, load size=00000008 bytes, run addr=20000000, run size=0000000d bytes, compression=zero_init
	.data: load addr=00000c40, load size=00000008 bytes, run addr=20000010, run size=00000004 bytes, compression=lzss


LINKER GENERATED HANDLER TABLE

__TI_handler_table @ 00000c28 records: 3, size/record: 4, table size: 12
	index: 0, handler: __TI_decompress_lzss
	index: 1, handler: __TI_decompress_none
	index: 2, handler: __TI_zero_init


GLOBAL SYMBOLS: SORTED ALPHABETICALLY BY Name 

address   name                          
-------   ----                          
00000c19  ADC14_IRQHandler              
00000c19  AES256_IRQHandler             
00000c19  BusFault_Handler              
00000c1f  C$$EXIT                       
00000c19  COMP_E0_IRQHandler            
00000c19  COMP_E1_IRQHandler            
00000c19  CS_IRQHandler                 
00000c19  DMA_ERR_IRQHandler            
00000c19  DMA_INT0_IRQHandler           
00000c19  DMA_INT1_IRQHandler           
00000c19  DMA_INT2_IRQHandler           
00000c19  DMA_INT3_IRQHandler           
00000c19  DebugMon_Handler              
00000c19  Default_Handler               
00000c19  EUSCIA0_IRQHandler            
00000c19  EUSCIA1_IRQHandler            
00000c19  EUSCIA2_IRQHandler            
00000c19  EUSCIA3_IRQHandler            
00000c19  EUSCIB0_IRQHandler            
00000c19  EUSCIB1_IRQHandler            
00000c19  EUSCIB2_IRQHandler            
00000c19  EUSCIB3_IRQHandler            
00000c19  FLCTL_IRQHandler              
00000c19  FPU_IRQHandler                
00000c19  HardFault_Handler             
00000c19  MemManage_Handler             
00000c19  NMI_Handler                   
00000c19  PCM_IRQHandler                
00000c19  PORT1_IRQHandler              
00000c19  PORT2_IRQHandler              
00000c19  PORT3_IRQHandler              
00000c19  PORT4_IRQHandler              
00000c19  PORT5_IRQHandler              
00000c19  PORT6_IRQHandler              
00000c19  PSS_IRQHandler                
00000c19  PendSV_Handler                
00000c19  RTC_C_IRQHandler              
00000c0d  Reset_Handler                 
00000c19  SVC_Handler                   
00000c19  SysTick_Handler               
20000010  SystemCoreClock               
000000e5  SystemCoreClockUpdate         
0000035d  SystemInit                    
00000c19  T32_INT1_IRQHandler           
00000c19  T32_INT2_IRQHandler           
00000c19  T32_INTC_IRQHandler           
00000c19  TA0_0_IRQHandler              
00000c19  TA0_N_IRQHandler              
00000c19  TA1_0_IRQHandler              
00000c19  TA1_N_IRQHandler              
00000c19  TA2_0_IRQHandler              
00000c19  TA2_N_IRQHandler              
00000c19  TA3_0_IRQHandler              
00000c19  TA3_N_IRQHandler              
00000c19  UsageFault_Handler            
4000480c  WDTCTL_SYM                    
00000c19  WDT_A_IRQHandler              
20010000  __STACK_END                   
00000200  __STACK_SIZE                  
00000c48  __TI_CINIT_Base               
00000c58  __TI_CINIT_Limit              
00000c28  __TI_Handler_Table_Base       
00000c34  __TI_Handler_Table_Limit      
00000b71  __TI_auto_init_nobinit_nopinit
000009f9  __TI_decompress_lzss          
00000bff  __TI_decompress_none          
ffffffff  __TI_pprof_out_hndl           
ffffffff  __TI_prof_data_size           
ffffffff  __TI_prof_data_start          
00000000  __TI_static_base__            
00000bed  __TI_zero_init_nomemset       
000008c5  __aeabi_memcpy                
000008c5  __aeabi_memcpy4               
000008c5  __aeabi_memcpy8               
ffffffff  __binit__                     
ffffffff  __c_args__                    
UNDEFED   __mpu_init                    
2000fe00  __stack                       
00000bb5  _c_int00_noargs               
UNDEFED   _system_post_cinit            
00000c1b  _system_pre_init              
00000c1f  abort                         
ffffffff  binit                         
00000b0b  blue_led                      
000007ef  clear_lcd                     
2000000c  count                         
000009b9  delay_ms                      
00000993  delay_us                      
00000ab9  get_count                     
00000aff  green_led                     
0000085f  hold_lcd                      
0000081f  home_lcd                      
00000b29  init                          
00000961  init_dco                      
00000419  init_keypad                   
000007b7  init_lcd                      
00000ac9  init_led                      
00000a61  init_queue                    
00000000  interruptVectors              
00000b49  main                          
000008c5  memcpy                        
20000000  num_pad_queue                 
000004bb  probe_keypad                  
00000461  process_queue                 
00000a91  queue_pop                     
00000a69  queue_push                    
00000af3  red_led                       
000005c7  scan_keypad                   
000006fd  send_data                     
00000879  shift_lcd                     
0000076d  write_char                    
00000839  write_lcd                     


GLOBAL SYMBOLS: SORTED BY Symbol Address 

address   name                          
-------   ----                          
00000000  __TI_static_base__            
00000000  interruptVectors              
000000e5  SystemCoreClockUpdate         
00000200  __STACK_SIZE                  
0000035d  SystemInit                    
00000419  init_keypad                   
00000461  process_queue                 
000004bb  probe_keypad                  
000005c7  scan_keypad                   
000006fd  send_data                     
0000076d  write_char                    
000007b7  init_lcd                      
000007ef  clear_lcd                     
0000081f  home_lcd                      
00000839  write_lcd                     
0000085f  hold_lcd                      
00000879  shift_lcd                     
000008c5  __aeabi_memcpy                
000008c5  __aeabi_memcpy4               
000008c5  __aeabi_memcpy8               
000008c5  memcpy                        
00000961  init_dco                      
00000993  delay_us                      
000009b9  delay_ms                      
000009f9  __TI_decompress_lzss          
00000a61  init_queue                    
00000a69  queue_push                    
00000a91  queue_pop                     
00000ab9  get_count                     
00000ac9  init_led                      
00000af3  red_led                       
00000aff  green_led                     
00000b0b  blue_led                      
00000b29  init                          
00000b49  main                          
00000b71  __TI_auto_init_nobinit_nopinit
00000bb5  _c_int00_noargs               
00000bed  __TI_zero_init_nomemset       
00000bff  __TI_decompress_none          
00000c0d  Reset_Handler                 
00000c19  ADC14_IRQHandler              
00000c19  AES256_IRQHandler             
00000c19  BusFault_Handler              
00000c19  COMP_E0_IRQHandler            
00000c19  COMP_E1_IRQHandler            
00000c19  CS_IRQHandler                 
00000c19  DMA_ERR_IRQHandler            
00000c19  DMA_INT0_IRQHandler           
00000c19  DMA_INT1_IRQHandler           
00000c19  DMA_INT2_IRQHandler           
00000c19  DMA_INT3_IRQHandler           
00000c19  DebugMon_Handler              
00000c19  Default_Handler               
00000c19  EUSCIA0_IRQHandler            
00000c19  EUSCIA1_IRQHandler            
00000c19  EUSCIA2_IRQHandler            
00000c19  EUSCIA3_IRQHandler            
00000c19  EUSCIB0_IRQHandler            
00000c19  EUSCIB1_IRQHandler            
00000c19  EUSCIB2_IRQHandler            
00000c19  EUSCIB3_IRQHandler            
00000c19  FLCTL_IRQHandler              
00000c19  FPU_IRQHandler                
00000c19  HardFault_Handler             
00000c19  MemManage_Handler             
00000c19  NMI_Handler                   
00000c19  PCM_IRQHandler                
00000c19  PORT1_IRQHandler              
00000c19  PORT2_IRQHandler              
00000c19  PORT3_IRQHandler              
00000c19  PORT4_IRQHandler              
00000c19  PORT5_IRQHandler              
00000c19  PORT6_IRQHandler              
00000c19  PSS_IRQHandler                
00000c19  PendSV_Handler                
00000c19  RTC_C_IRQHandler              
00000c19  SVC_Handler                   
00000c19  SysTick_Handler               
00000c19  T32_INT1_IRQHandler           
00000c19  T32_INT2_IRQHandler           
00000c19  T32_INTC_IRQHandler           
00000c19  TA0_0_IRQHandler              
00000c19  TA0_N_IRQHandler              
00000c19  TA1_0_IRQHandler              
00000c19  TA1_N_IRQHandler              
00000c19  TA2_0_IRQHandler              
00000c19  TA2_N_IRQHandler              
00000c19  TA3_0_IRQHandler              
00000c19  TA3_N_IRQHandler              
00000c19  UsageFault_Handler            
00000c19  WDT_A_IRQHandler              
00000c1b  _system_pre_init              
00000c1f  C$$EXIT                       
00000c1f  abort                         
00000c28  __TI_Handler_Table_Base       
00000c34  __TI_Handler_Table_Limit      
00000c48  __TI_CINIT_Base               
00000c58  __TI_CINIT_Limit              
20000000  num_pad_queue                 
2000000c  count                         
20000010  SystemCoreClock               
2000fe00  __stack                       
20010000  __STACK_END                   
4000480c  WDTCTL_SYM                    
ffffffff  __TI_pprof_out_hndl           
ffffffff  __TI_prof_data_size           
ffffffff  __TI_prof_data_start          
ffffffff  __binit__                     
ffffffff  __c_args__                    
ffffffff  binit                         
UNDEFED   __mpu_init                    
UNDEFED   _system_post_cinit            

[112 symbols]
